[2m2025-06-01T07:06:58.452736Z[0m [32m INFO[0m [2mrsp_host_executor[0m[2m:[0m fetching the current block and the previous block
[2m2025-06-01T07:06:58.575650Z[0m [32m INFO[0m [2mrsp_host_executor[0m[2m:[0m setting up the spec for the block executor
[2m2025-06-01T07:06:58.575667Z[0m [32m INFO[0m [2mrsp_host_executor[0m[2m:[0m setting up the database for the block executor
[2m2025-06-01T07:06:58.575671Z[0m [32m INFO[0m [2mrsp_host_executor[0m[2m:[0m executing the block and with rpc db: block_number=17106222, transaction_count=105
[2m2025-06-01T07:06:58.577350Z[0m [32m INFO[0m [2mrsp_host_executor[0m[2m:[0m executing subblock
[2m2025-06-01T07:06:58.577373Z[0m [32m INFO[0m [2mrsp_host_executor[0m[2m:[0m loop count: 0, num_transactions_completed: 0, all txs num: 105, SUBBLOCK_GAS_LIMIT: 8000000
[2m2025-06-01T07:06:58.577392Z[0m [32m INFO[0m [2mrsp_host_executor[0m[2m:[0m num transactions left: 105
cycle-tracker-report-start: precompile-ecrecover
cycle-tracker-report-end: precompile-ecrecover
cycle-tracker-report-start: precompile-ecrecover
cycle-tracker-report-end: precompile-ecrecover
cycle-tracker-report-start: precompile-ecrecover
cycle-tracker-report-end: precompile-ecrecover
cycle-tracker-report-start: precompile-ecrecover
cycle-tracker-report-end: precompile-ecrecover
cycle-tracker-report-start: precompile-ecrecover
cycle-tracker-report-end: precompile-ecrecover
cycle-tracker-report-start: precompile-ecrecover
cycle-tracker-report-end: precompile-ecrecover
[2m2025-06-01T07:07:48.677430Z[0m [32m INFO[0m [2mrsp_host_executor[0m[2m:[0m successfully executed subblock: num_transactions_completed=0, upper=76
[2m2025-06-01T07:07:48.677474Z[0m [32m INFO[0m [2mrsp_host_executor[0m[2m:[0m accumulating the logs bloom
[2m2025-06-01T07:07:48.681900Z[0m [32m INFO[0m [2mrsp_host_executor[0m[2m:[0m executing subblock
[2m2025-06-01T07:07:48.681914Z[0m [32m INFO[0m [2mrsp_host_executor[0m[2m:[0m loop count: 1, num_transactions_completed: 76, all txs num: 105, SUBBLOCK_GAS_LIMIT: 8000000
[2m2025-06-01T07:07:48.681928Z[0m [32m INFO[0m [2mrsp_host_executor[0m[2m:[0m num transactions left: 29
cycle-tracker-report-start: precompile-ecrecover
cycle-tracker-report-end: precompile-ecrecover
cycle-tracker-report-start: precompile-ecrecover
cycle-tracker-report-end: precompile-ecrecover
cycle-tracker-report-start: precompile-ecrecover
cycle-tracker-report-end: precompile-ecrecover
cycle-tracker-report-start: precompile-ecrecover
cycle-tracker-report-end: precompile-ecrecover
cycle-tracker-report-start: precompile-ecrecover
cycle-tracker-report-end: precompile-ecrecover
[2m2025-06-01T07:08:04.358242Z[0m [32m INFO[0m [2mrsp_host_executor[0m[2m:[0m successfully executed subblock: num_transactions_completed=76, upper=105
[2m2025-06-01T07:08:04.358288Z[0m [32m INFO[0m [2mrsp_host_executor[0m[2m:[0m accumulating the logs bloom
[2m2025-06-01T07:08:09.354418Z[0m [32m INFO[0m [2mrsp_host_executor[0m[2m:[0m successfully executed block: block_number=17106222, block_hash=0xe2947483136770b2eac272e558d2c3737d34794233c710c5f7f6ec77fc59940c, state_root=0xd7ae86d7d2cc75cc821531fdfc6c752c2402bcf88e164e7ac35cf0f2cd8dcd02
[2m2025-06-01T07:08:09.354445Z[0m [32m INFO[0m [2mrsp_host_executor[0m[2m:[0m fetching 1 ancestor headers
[2m2025-06-01T07:08:09.437153Z[0m [32m INFO[0m [2mrsp_host_executor[0m[2m:[0m Pruned state compression ratio: 0.863920018746837
[2m2025-06-01T07:08:09.456133Z[0m [32m INFO[0m [2mrsp_host_executor[0m[2m:[0m Pruned state compression ratio: 0.5868737089312503
[2m2025-06-01T07:08:33.864217Z[0m [32m INFO[0m [2msubblock[0m[2m:[0m Public values size in bytes: 1602855
[2m2025-06-01T07:08:33.897698Z[0m [32m INFO[0m [1mexecute[0m[2m:[0m [2msp1_core_executor::executor[0m[2m:[0m clk = 0 pc = 0x200d04
[2m2025-06-01T07:08:33.897792Z[0m [32m INFO[0m [1mexecute[0m[2m:[0m [2msp1_core_executor::syscalls::write[0m[2m:[0m ┌╴deserialize input
[2m2025-06-01T07:08:34.000363Z[0m [32m INFO[0m [1mexecute[0m[2m:[0m [2msp1_core_executor::syscalls::write[0m[2m:[0m └╴1,959,080 cycles
[2m2025-06-01T07:08:34.000412Z[0m [32m INFO[0m [1mexecute[0m[2m:[0m [2msp1_core_executor::syscalls::write[0m[2m:[0m ┌╴commit input
[2m2025-06-01T07:08:34.558487Z[0m [32m INFO[0m [1mexecute[0m[2m:[0m [2msp1_core_executor::syscalls::write[0m[2m:[0m └╴7,111,345 cycles
[2m2025-06-01T07:08:34.558521Z[0m [32m INFO[0m [1mexecute[0m[2m:[0m [2msp1_core_executor::syscalls::write[0m[2m:[0m ┌╴deserialize parent state
[2m2025-06-01T07:08:34.618819Z[0m [32m INFO[0m [1mexecute[0m[2m:[0m [2msp1_core_executor::executor[0m[2m:[0m clk = 10000000 pc = 0x314ad0
[2m2025-06-01T07:08:35.068495Z[0m [32m INFO[0m [1mexecute[0m[2m:[0m [2msp1_core_executor::executor[0m[2m:[0m clk = 20000000 pc = 0x200a3c
[2m2025-06-01T07:08:35.525584Z[0m [32m INFO[0m [1mexecute[0m[2m:[0m [2msp1_core_executor::syscalls::write[0m[2m:[0m └╴20,216,742 cycles
[2m2025-06-01T07:08:35.525620Z[0m [32m INFO[0m [1mexecute[0m[2m:[0m [2msp1_core_executor::syscalls::write[0m[2m:[0m ┌╴execute subblock
[2m2025-06-01T07:08:35.525674Z[0m [32m INFO[0m [1mexecute[0m[2m:[0m [2msp1_core_executor::syscalls::write[0m[2m:[0m │ ┌╴compute input state root
[2m2025-06-01T07:08:35.577657Z[0m [32m INFO[0m [1mexecute[0m[2m:[0m [2msp1_core_executor::executor[0m[2m:[0m clk = 30000000 pc = 0x21adfc
[2m2025-06-01T07:08:36.112793Z[0m [32m INFO[0m [1mexecute[0m[2m:[0m [2msp1_core_executor::syscalls::write[0m[2m:[0m │ └╴9,461,435 cycles
[2m2025-06-01T07:08:36.112827Z[0m [32m INFO[0m [1mexecute[0m[2m:[0m [2msp1_core_executor::syscalls::write[0m[2m:[0m │ ┌╴construct trie db
[2m2025-06-01T07:08:36.282742Z[0m [32m INFO[0m [1mexecute[0m[2m:[0m [2msp1_core_executor::executor[0m[2m:[0m clk = 40000000 pc = 0x21a8ac
[2m2025-06-01T07:08:36.462507Z[0m [32m INFO[0m [1mexecute[0m[2m:[0m [2msp1_core_executor::syscalls::write[0m[2m:[0m │ └╴3,829,872 cycles
[2m2025-06-01T07:08:36.462538Z[0m [32m INFO[0m [1mexecute[0m[2m:[0m [2msp1_core_executor::syscalls::write[0m[2m:[0m │ ┌╴recover senders
[2m2025-06-01T07:08:41.931471Z[0m [32m INFO[0m [1mexecute[0m[2m:[0m [2msp1_core_executor::syscalls::write[0m[2m:[0m │ └╴3,272,340 cycles
[2m2025-06-01T07:08:41.931572Z[0m [32m INFO[0m [1mexecute[0m[2m:[0m [2msp1_core_executor::syscalls::write[0m[2m:[0m │ ┌╴execute
[2m2025-06-01T07:08:42.103976Z[0m [32m INFO[0m [1mexecute[0m[2m:[0m [2msp1_core_executor::executor[0m[2m:[0m clk = 50000000 pc = 0x2c15fc
[2m2025-06-01T07:08:42.513191Z[0m [32m INFO[0m [1mexecute[0m[2m:[0m [2msp1_core_executor::executor[0m[2m:[0m clk = 60000000 pc = 0x2ed314
[2m2025-06-01T07:08:42.930598Z[0m [32m INFO[0m [1mexecute[0m[2m:[0m [2msp1_core_executor::executor[0m[2m:[0m clk = 70000000 pc = 0x200adc
[2m2025-06-01T07:08:42.965786Z[0m [32m INFO[0m [1mexecute[0m[2m:[0m [2msp1_core_executor::syscalls::write[0m[2m:[0m │ │ ┌╴precompile-ecrecover
[2m2025-06-01T07:08:43.052910Z[0m [32m INFO[0m [1mexecute[0m[2m:[0m [2msp1_core_executor::syscalls::write[0m[2m:[0m │ │ └╴39,055 cycles
[2m2025-06-01T07:08:43.373268Z[0m [32m INFO[0m [1mexecute[0m[2m:[0m [2msp1_core_executor::syscalls::write[0m[2m:[0m │ │ ┌╴precompile-ecrecover
[2m2025-06-01T07:08:43.455825Z[0m [32m INFO[0m [1mexecute[0m[2m:[0m [2msp1_core_executor::syscalls::write[0m[2m:[0m │ │ └╴39,299 cycles
[2m2025-06-01T07:08:43.514161Z[0m [32m INFO[0m [1mexecute[0m[2m:[0m [2msp1_core_executor::executor[0m[2m:[0m clk = 80000000 pc = 0x327028
[2m2025-06-01T07:08:43.540327Z[0m [32m INFO[0m [1mexecute[0m[2m:[0m [2msp1_core_executor::syscalls::write[0m[2m:[0m │ │ ┌╴precompile-ecrecover
[2m2025-06-01T07:08:43.617656Z[0m [32m INFO[0m [1mexecute[0m[2m:[0m [2msp1_core_executor::syscalls::write[0m[2m:[0m │ │ └╴37,006 cycles
[2m2025-06-01T07:08:44.001436Z[0m [32m INFO[0m [1mexecute[0m[2m:[0m [2msp1_core_executor::executor[0m[2m:[0m clk = 90000000 pc = 0x347f58
[2m2025-06-01T07:08:44.407873Z[0m [32m INFO[0m [1mexecute[0m[2m:[0m [2msp1_core_executor::executor[0m[2m:[0m clk = 100000000 pc = 0x32b2dc
[2m2025-06-01T07:08:44.503186Z[0m [32m INFO[0m [1mexecute[0m[2m:[0m [2msp1_core_executor::syscalls::write[0m[2m:[0m │ │ ┌╴precompile-ecrecover
[2m2025-06-01T07:08:44.585334Z[0m [32m INFO[0m [1mexecute[0m[2m:[0m [2msp1_core_executor::syscalls::write[0m[2m:[0m │ │ └╴38,510 cycles
[2m2025-06-01T07:08:44.862468Z[0m [32m INFO[0m [1mexecute[0m[2m:[0m [2msp1_core_executor::syscalls::write[0m[2m:[0m │ │ ┌╴precompile-ecrecover
[2m2025-06-01T07:08:44.933264Z[0m [32m INFO[0m [1mexecute[0m[2m:[0m [2msp1_core_executor::syscalls::write[0m[2m:[0m │ │ └╴37,335 cycles
[2m2025-06-01T07:08:44.968450Z[0m [32m INFO[0m [1mexecute[0m[2m:[0m [2msp1_core_executor::executor[0m[2m:[0m clk = 110000000 pc = 0x200a40
[2m2025-06-01T07:08:45.067462Z[0m [32m INFO[0m [1mexecute[0m[2m:[0m [2msp1_core_executor::syscalls::write[0m[2m:[0m │ │ ┌╴precompile-ecrecover
[2m2025-06-01T07:08:45.149094Z[0m [32m INFO[0m [1mexecute[0m[2m:[0m [2msp1_core_executor::syscalls::write[0m[2m:[0m │ │ └╴37,504 cycles
[2m2025-06-01T07:08:45.325462Z[0m [32m INFO[0m [1mexecute[0m[2m:[0m [2msp1_core_executor::syscalls::write[0m[2m:[0m │ └╴70,946,271 cycles
[2m2025-06-01T07:08:45.330280Z[0m [32m INFO[0m [1mexecute[0m[2m:[0m [2msp1_core_executor::syscalls::write[0m[2m:[0m │ ┌╴accrue logs bloom
[2m2025-06-01T07:08:45.383537Z[0m [32m INFO[0m [1mexecute[0m[2m:[0m [2msp1_core_executor::syscalls::write[0m[2m:[0m │ └╴923,563 cycles
[2m2025-06-01T07:08:45.383575Z[0m [32m INFO[0m [1mexecute[0m[2m:[0m [2msp1_core_executor::syscalls::write[0m[2m:[0m │ ┌╴finalize output
[2m2025-06-01T07:08:45.502417Z[0m [32m INFO[0m [1mexecute[0m[2m:[0m [2msp1_core_executor::executor[0m[2m:[0m clk = 120000000 pc = 0x200a30
[2m2025-06-01T07:08:46.126006Z[0m [32m INFO[0m [1mexecute[0m[2m:[0m [2msp1_core_executor::executor[0m[2m:[0m clk = 130000000 pc = 0x200918
[2m2025-06-01T07:08:46.700101Z[0m [32m INFO[0m [1mexecute[0m[2m:[0m [2msp1_core_executor::syscalls::write[0m[2m:[0m │ └╴19,939,026 cycles
[2m2025-06-01T07:08:46.700697Z[0m [32m INFO[0m [1mexecute[0m[2m:[0m [2msp1_core_executor::syscalls::write[0m[2m:[0m └╴108,474,854 cycles
[2m2025-06-01T07:08:46.906959Z[0m [32m INFO[0m [1mexecute[0m[2m:[0m [2msp1_prover[0m[2m:[0m gas: 216705809
[2m2025-06-01T07:08:46.907469Z[0m [32m INFO[0m [2msubblock[0m[2m:[0m Subblock 0: 139184520 instructions in 13.040 s → 10.673 MHz
[2m2025-06-01T07:08:46.944693Z[0m [32m INFO[0m [1mexecute[0m[2m:[0m [2msp1_core_executor::executor[0m[2m:[0m clk = 0 pc = 0x200d04
[2m2025-06-01T07:08:46.944780Z[0m [32m INFO[0m [1mexecute[0m[2m:[0m [2msp1_core_executor::syscalls::write[0m[2m:[0m ┌╴deserialize input
[2m2025-06-01T07:08:46.974034Z[0m [32m INFO[0m [1mexecute[0m[2m:[0m [2msp1_core_executor::syscalls::write[0m[2m:[0m └╴640,974 cycles
[2m2025-06-01T07:08:46.974061Z[0m [32m INFO[0m [1mexecute[0m[2m:[0m [2msp1_core_executor::syscalls::write[0m[2m:[0m ┌╴commit input
[2m2025-06-01T07:08:47.150819Z[0m [32m INFO[0m [1mexecute[0m[2m:[0m [2msp1_core_executor::syscalls::write[0m[2m:[0m └╴2,275,968 cycles
[2m2025-06-01T07:08:47.150850Z[0m [32m INFO[0m [1mexecute[0m[2m:[0m [2msp1_core_executor::syscalls::write[0m[2m:[0m ┌╴deserialize parent state
[2m2025-06-01T07:08:47.458659Z[0m [32m INFO[0m [1mexecute[0m[2m:[0m [2msp1_core_executor::executor[0m[2m:[0m clk = 10000000 pc = 0x3082d8
[2m2025-06-01T07:08:47.792139Z[0m [32m INFO[0m [1mexecute[0m[2m:[0m [2msp1_core_executor::syscalls::write[0m[2m:[0m └╴13,926,245 cycles
[2m2025-06-01T07:08:47.792187Z[0m [32m INFO[0m [1mexecute[0m[2m:[0m [2msp1_core_executor::syscalls::write[0m[2m:[0m ┌╴execute subblock
[2m2025-06-01T07:08:47.792243Z[0m [32m INFO[0m [1mexecute[0m[2m:[0m [2msp1_core_executor::syscalls::write[0m[2m:[0m │ ┌╴compute input state root
[2m2025-06-01T07:08:48.011089Z[0m [32m INFO[0m [1mexecute[0m[2m:[0m [2msp1_core_executor::executor[0m[2m:[0m clk = 20000000 pc = 0x200a28
[2m2025-06-01T07:08:48.035849Z[0m [32m INFO[0m [1mexecute[0m[2m:[0m [2msp1_core_executor::syscalls::write[0m[2m:[0m │ └╴3,615,722 cycles
[2m2025-06-01T07:08:48.035877Z[0m [32m INFO[0m [1mexecute[0m[2m:[0m [2msp1_core_executor::syscalls::write[0m[2m:[0m │ ┌╴construct trie db
[2m2025-06-01T07:08:48.193704Z[0m [32m INFO[0m [1mexecute[0m[2m:[0m [2msp1_core_executor::syscalls::write[0m[2m:[0m │ └╴1,201,009 cycles
[2m2025-06-01T07:08:48.193747Z[0m [32m INFO[0m [1mexecute[0m[2m:[0m [2msp1_core_executor::syscalls::write[0m[2m:[0m │ ┌╴recover senders
[2m2025-06-01T07:08:50.280541Z[0m [32m INFO[0m [1mexecute[0m[2m:[0m [2msp1_core_executor::syscalls::write[0m[2m:[0m │ └╴1,247,534 cycles
[2m2025-06-01T07:08:50.280643Z[0m [32m INFO[0m [1mexecute[0m[2m:[0m [2msp1_core_executor::syscalls::write[0m[2m:[0m │ ┌╴execute
[2m2025-06-01T07:08:50.305125Z[0m [32m INFO[0m [1mexecute[0m[2m:[0m [2msp1_core_executor::syscalls::write[0m[2m:[0m │ │ ┌╴precompile-ecrecover
[2m2025-06-01T07:08:50.379839Z[0m [32m INFO[0m [1mexecute[0m[2m:[0m [2msp1_core_executor::syscalls::write[0m[2m:[0m │ │ └╴37,020 cycles
[2m2025-06-01T07:08:50.508284Z[0m [32m INFO[0m [1mexecute[0m[2m:[0m [2msp1_core_executor::syscalls::write[0m[2m:[0m │ │ ┌╴precompile-ecrecover
[2m2025-06-01T07:08:50.583243Z[0m [32m INFO[0m [1mexecute[0m[2m:[0m [2msp1_core_executor::syscalls::write[0m[2m:[0m │ │ └╴37,711 cycles
[2m2025-06-01T07:08:50.658401Z[0m [32m INFO[0m [1mexecute[0m[2m:[0m [2msp1_core_executor::syscalls::write[0m[2m:[0m │ │ ┌╴precompile-ecrecover
[2m2025-06-01T07:08:50.734848Z[0m [32m INFO[0m [1mexecute[0m[2m:[0m [2msp1_core_executor::syscalls::write[0m[2m:[0m │ │ └╴38,237 cycles
[2m2025-06-01T07:08:50.798579Z[0m [32m INFO[0m [1mexecute[0m[2m:[0m [2msp1_core_executor::executor[0m[2m:[0m clk = 30000000 pc = 0x292c1c
[2m2025-06-01T07:08:51.207669Z[0m [32m INFO[0m [1mexecute[0m[2m:[0m [2msp1_core_executor::executor[0m[2m:[0m clk = 40000000 pc = 0x200a40
[2m2025-06-01T07:08:51.229435Z[0m [32m INFO[0m [1mexecute[0m[2m:[0m [2msp1_core_executor::syscalls::write[0m[2m:[0m │ │ ┌╴precompile-ecrecover
[2m2025-06-01T07:08:51.302594Z[0m [32m INFO[0m [1mexecute[0m[2m:[0m [2msp1_core_executor::syscalls::write[0m[2m:[0m │ │ └╴38,853 cycles
[2m2025-06-01T07:08:51.620345Z[0m [32m INFO[0m [1mexecute[0m[2m:[0m [2msp1_core_executor::syscalls::write[0m[2m:[0m │ │ ┌╴precompile-ecrecover
[2m2025-06-01T07:08:51.709185Z[0m [32m INFO[0m [1mexecute[0m[2m:[0m [2msp1_core_executor::syscalls::write[0m[2m:[0m │ │ └╴39,182 cycles
[2m2025-06-01T07:08:51.770446Z[0m [32m INFO[0m [1mexecute[0m[2m:[0m [2msp1_core_executor::executor[0m[2m:[0m clk = 50000000 pc = 0x386d28
[2m2025-06-01T07:08:51.825436Z[0m [32m INFO[0m [1mexecute[0m[2m:[0m [2msp1_core_executor::syscalls::write[0m[2m:[0m │ └╴28,346,942 cycles
[2m2025-06-01T07:08:51.827472Z[0m [32m INFO[0m [1mexecute[0m[2m:[0m [2msp1_core_executor::syscalls::write[0m[2m:[0m │ ┌╴accrue logs bloom
[2m2025-06-01T07:08:51.847807Z[0m [32m INFO[0m [1mexecute[0m[2m:[0m [2msp1_core_executor::syscalls::write[0m[2m:[0m │ └╴364,122 cycles
[2m2025-06-01T07:08:51.847835Z[0m [32m INFO[0m [1mexecute[0m[2m:[0m [2msp1_core_executor::syscalls::write[0m[2m:[0m │ ┌╴finalize output
[2m2025-06-01T07:08:52.276432Z[0m [32m INFO[0m [1mexecute[0m[2m:[0m [2msp1_core_executor::syscalls::write[0m[2m:[0m │ └╴6,689,105 cycles
[2m2025-06-01T07:08:52.276708Z[0m [32m INFO[0m [1mexecute[0m[2m:[0m [2msp1_core_executor::syscalls::write[0m[2m:[0m └╴41,508,787 cycles
[2m2025-06-01T07:08:52.378600Z[0m [32m INFO[0m [1mexecute[0m[2m:[0m [2msp1_prover[0m[2m:[0m gas: 90553163
[2m2025-06-01T07:08:52.378788Z[0m [32m INFO[0m [2msubblock[0m[2m:[0m Subblock 1: 59112773 instructions in 5.464 s → 10.819 MHz
[2m2025-06-01T07:08:52.386674Z[0m [32m INFO[0m [1mexecute[0m[2m:[0m [2msp1_core_executor::executor[0m[2m:[0m clk = 0 pc = 0x200d04
[2m2025-06-01T07:08:52.386741Z[0m [32m INFO[0m [1mexecute[0m[2m:[0m [2msp1_core_executor::syscalls::write[0m[2m:[0m ┌╴deserialize
[2m2025-06-01T07:08:52.717074Z[0m [32m INFO[0m [1mexecute[0m[2m:[0m [2msp1_core_executor::executor[0m[2m:[0m clk = 10000000 pc = 0x23bd0c
[2m2025-06-01T07:08:53.060473Z[0m [32m INFO[0m [1mexecute[0m[2m:[0m [2msp1_core_executor::executor[0m[2m:[0m clk = 20000000 pc = 0x23bce0
[2m2025-06-01T07:08:53.323929Z[0m [32m INFO[0m [1mexecute[0m[2m:[0m [2msp1_core_executor::syscalls::write[0m[2m:[0m │ ┌╴deserialize aggregation input
[2m2025-06-01T07:08:53.339893Z[0m [32m INFO[0m [1mexecute[0m[2m:[0m [2msp1_core_executor::syscalls::write[0m[2m:[0m │ └╴385,965 cycles
[2m2025-06-01T07:08:53.394772Z[0m [32m INFO[0m [1mexecute[0m[2m:[0m [2msp1_core_executor::syscalls::write[0m[2m:[0m └╴29,241,311 cycles
[2m2025-06-01T07:08:53.394875Z[0m [32m INFO[0m [1mexecute[0m[2m:[0m [2msp1_core_executor::syscalls::write[0m[2m:[0m ┌╴aggregate
[2m2025-06-01T07:08:53.461199Z[0m [32m INFO[0m [1mexecute[0m[2m:[0m [2msp1_core_executor::executor[0m[2m:[0m clk = 30000000 pc = 0x2584a4
[2m2025-06-01T07:08:53.925621Z[0m [32m INFO[0m [1mexecute[0m[2m:[0m [2msp1_core_executor::syscalls::write[0m[2m:[0m │ ┌╴deserialize subblock input
[2m2025-06-01T07:08:54.043510Z[0m [32m INFO[0m [1mexecute[0m[2m:[0m [2msp1_core_executor::syscalls::write[0m[2m:[0m │ └╴2,500,601 cycles
[2m2025-06-01T07:08:54.043816Z[0m [32m INFO[0m [1mexecute[0m[2m:[0m [2msp1_core_executor::syscalls::write[0m[2m:[0m │ ┌╴deserialize subblock output
[2m2025-06-01T07:08:54.075847Z[0m [32m INFO[0m [1mexecute[0m[2m:[0m [2msp1_core_executor::syscalls::write[0m[2m:[0m │ └╴598,585 cycles
[2m2025-06-01T07:08:54.075878Z[0m [32m INFO[0m [1mexecute[0m[2m:[0m [2msp1_core_executor::syscalls::write[0m[2m:[0m │ ┌╴extend state
[2m2025-06-01T07:08:54.077456Z[0m [32m INFO[0m [1mexecute[0m[2m:[0m [2msp1_core_executor::syscalls::write[0m[2m:[0m │ └╴22,042 cycles
[2m2025-06-01T07:08:54.113530Z[0m [32m INFO[0m [1mexecute[0m[2m:[0m [2msp1_core_executor::executor[0m[2m:[0m clk = 40000000 pc = 0x2584b8
[2m2025-06-01T07:08:54.256662Z[0m [32m INFO[0m [1mexecute[0m[2m:[0m [2msp1_core_executor::syscalls::write[0m[2m:[0m │ ┌╴deserialize subblock input
[2m2025-06-01T07:08:54.301778Z[0m [32m INFO[0m [1mexecute[0m[2m:[0m [2msp1_core_executor::syscalls::write[0m[2m:[0m │ └╴820,415 cycles
[2m2025-06-01T07:08:54.302197Z[0m [32m INFO[0m [1mexecute[0m[2m:[0m [2msp1_core_executor::syscalls::write[0m[2m:[0m │ ┌╴deserialize subblock output
[2m2025-06-01T07:08:54.315394Z[0m [32m INFO[0m [1mexecute[0m[2m:[0m [2msp1_core_executor::syscalls::write[0m[2m:[0m │ └╴235,111 cycles
[2m2025-06-01T07:08:54.315421Z[0m [32m INFO[0m [1mexecute[0m[2m:[0m [2msp1_core_executor::syscalls::write[0m[2m:[0m │ ┌╴extend state
[2m2025-06-01T07:08:54.317509Z[0m [32m INFO[0m [1mexecute[0m[2m:[0m [2msp1_core_executor::syscalls::write[0m[2m:[0m │ └╴29,420 cycles
[2m2025-06-01T07:08:54.317596Z[0m [32m INFO[0m [1mexecute[0m[2m:[0m [2msp1_core_executor::syscalls::write[0m[2m:[0m └╴13,939,176 cycles
[2m2025-06-01T07:08:54.317626Z[0m [32m INFO[0m [1mexecute[0m[2m:[0m [2msp1_core_executor::syscalls::write[0m[2m:[0m ┌╴verify block hashes
[2m2025-06-01T07:08:54.318124Z[0m [32m INFO[0m [1mexecute[0m[2m:[0m [2msp1_core_executor::syscalls::write[0m[2m:[0m └╴7,704 cycles
[2m2025-06-01T07:08:54.335759Z[0m [32m INFO[0m [1mexecute[0m[2m:[0m [2msp1_core_executor::syscalls::write[0m[2m:[0m ┌╴validate subblock aggregation
[2m2025-06-01T07:08:54.488684Z[0m [32m INFO[0m [1mexecute[0m[2m:[0m [2msp1_core_executor::syscalls::write[0m[2m:[0m └╴2,919,432 cycles
[2m2025-06-01T07:08:54.549534Z[0m [32m INFO[0m [1mexecute[0m[2m:[0m [2msp1_prover[0m[2m:[0m gas: 91291960
[2m2025-06-01T07:08:54.549640Z[0m [32m INFO[0m [2msubblock[0m[2m:[0m Aggregator: 47455275 cycles/instructions in 2.171 s → 21.860 MHz
