[2m2025-05-28T08:05:49.483481Z[0m [32m INFO[0m [2mrsp_host_executor[0m[2m:[0m fetching the current block and the previous block
[2m2025-05-28T08:05:49.602703Z[0m [32m INFO[0m [2mrsp_host_executor[0m[2m:[0m setting up the spec for the block executor
[2m2025-05-28T08:05:49.602722Z[0m [32m INFO[0m [2mrsp_host_executor[0m[2m:[0m setting up the database for the block executor
[2m2025-05-28T08:05:49.602726Z[0m [32m INFO[0m [2mrsp_host_executor[0m[2m:[0m executing the block and with rpc db: block_number=17106222, transaction_count=105
[2m2025-05-28T08:05:49.604398Z[0m [32m INFO[0m [2mrsp_host_executor[0m[2m:[0m executing subblock
[2m2025-05-28T08:05:49.604417Z[0m [32m INFO[0m [2mrsp_host_executor[0m[2m:[0m loop count: 0, num_transactions_completed: 0, all txs num: 105
[2m2025-05-28T08:05:49.604470Z[0m [32m INFO[0m [2mrsp_host_executor[0m[2m:[0m num transactions left: 105
[2m2025-05-28T08:05:55.581164Z[0m [32m INFO[0m [2mrsp_host_executor[0m[2m:[0m successfully executed subblock: num_transactions_completed=0, upper=8
[2m2025-05-28T08:05:55.581207Z[0m [32m INFO[0m [2mrsp_host_executor[0m[2m:[0m accumulating the logs bloom
[2m2025-05-28T08:05:55.582433Z[0m [32m INFO[0m [2mrsp_host_executor[0m[2m:[0m executing subblock
[2m2025-05-28T08:05:55.582446Z[0m [32m INFO[0m [2mrsp_host_executor[0m[2m:[0m loop count: 1, num_transactions_completed: 8, all txs num: 105
[2m2025-05-28T08:05:55.582479Z[0m [32m INFO[0m [2mrsp_host_executor[0m[2m:[0m num transactions left: 97
[2m2025-05-28T08:05:58.051800Z[0m [32m INFO[0m [2mrsp_host_executor[0m[2m:[0m successfully executed subblock: num_transactions_completed=8, upper=14
[2m2025-05-28T08:05:58.051841Z[0m [32m INFO[0m [2mrsp_host_executor[0m[2m:[0m accumulating the logs bloom
[2m2025-05-28T08:05:58.052796Z[0m [32m INFO[0m [2mrsp_host_executor[0m[2m:[0m executing subblock
[2m2025-05-28T08:05:58.052817Z[0m [32m INFO[0m [2mrsp_host_executor[0m[2m:[0m loop count: 2, num_transactions_completed: 14, all txs num: 105
[2m2025-05-28T08:05:58.052833Z[0m [32m INFO[0m [2mrsp_host_executor[0m[2m:[0m num transactions left: 91
[2m2025-05-28T08:06:03.204364Z[0m [32m INFO[0m [2mrsp_host_executor[0m[2m:[0m successfully executed subblock: num_transactions_completed=14, upper=17
[2m2025-05-28T08:06:03.204408Z[0m [32m INFO[0m [2mrsp_host_executor[0m[2m:[0m accumulating the logs bloom
[2m2025-05-28T08:06:03.205597Z[0m [32m INFO[0m [2mrsp_host_executor[0m[2m:[0m executing subblock
[2m2025-05-28T08:06:03.205611Z[0m [32m INFO[0m [2mrsp_host_executor[0m[2m:[0m loop count: 3, num_transactions_completed: 17, all txs num: 105
[2m2025-05-28T08:06:03.205626Z[0m [32m INFO[0m [2mrsp_host_executor[0m[2m:[0m num transactions left: 88
cycle-tracker-report-start: precompile-ecrecover
cycle-tracker-report-end: precompile-ecrecover
[2m2025-05-28T08:06:08.993841Z[0m [32m INFO[0m [2mrsp_host_executor[0m[2m:[0m successfully executed subblock: num_transactions_completed=17, upper=24
[2m2025-05-28T08:06:08.993851Z[0m [32m INFO[0m [2mrsp_host_executor[0m[2m:[0m accumulating the logs bloom
[2m2025-05-28T08:06:08.994505Z[0m [32m INFO[0m [2mrsp_host_executor[0m[2m:[0m executing subblock
[2m2025-05-28T08:06:08.994517Z[0m [32m INFO[0m [2mrsp_host_executor[0m[2m:[0m loop count: 4, num_transactions_completed: 24, all txs num: 105
[2m2025-05-28T08:06:08.994533Z[0m [32m INFO[0m [2mrsp_host_executor[0m[2m:[0m num transactions left: 81
cycle-tracker-report-start: precompile-ecrecover
cycle-tracker-report-end: precompile-ecrecover
cycle-tracker-report-start: precompile-ecrecover
cycle-tracker-report-end: precompile-ecrecover
[2m2025-05-28T08:06:15.310319Z[0m [32m INFO[0m [2mrsp_host_executor[0m[2m:[0m successfully executed subblock: num_transactions_completed=24, upper=30
[2m2025-05-28T08:06:15.310355Z[0m [32m INFO[0m [2mrsp_host_executor[0m[2m:[0m accumulating the logs bloom
[2m2025-05-28T08:06:15.311629Z[0m [32m INFO[0m [2mrsp_host_executor[0m[2m:[0m executing subblock
[2m2025-05-28T08:06:15.311652Z[0m [32m INFO[0m [2mrsp_host_executor[0m[2m:[0m loop count: 5, num_transactions_completed: 30, all txs num: 105
[2m2025-05-28T08:06:15.311668Z[0m [32m INFO[0m [2mrsp_host_executor[0m[2m:[0m num transactions left: 75
[2m2025-05-28T08:06:18.862959Z[0m [32m INFO[0m [2mrsp_host_executor[0m[2m:[0m successfully executed subblock: num_transactions_completed=30, upper=36
[2m2025-05-28T08:06:18.862998Z[0m [32m INFO[0m [2mrsp_host_executor[0m[2m:[0m accumulating the logs bloom
[2m2025-05-28T08:06:18.863650Z[0m [32m INFO[0m [2mrsp_host_executor[0m[2m:[0m executing subblock
[2m2025-05-28T08:06:18.863662Z[0m [32m INFO[0m [2mrsp_host_executor[0m[2m:[0m loop count: 6, num_transactions_completed: 36, all txs num: 105
[2m2025-05-28T08:06:18.863676Z[0m [32m INFO[0m [2mrsp_host_executor[0m[2m:[0m num transactions left: 69
[2m2025-05-28T08:06:21.258894Z[0m [32m INFO[0m [2mrsp_host_executor[0m[2m:[0m successfully executed subblock: num_transactions_completed=36, upper=38
[2m2025-05-28T08:06:21.258937Z[0m [32m INFO[0m [2mrsp_host_executor[0m[2m:[0m accumulating the logs bloom
[2m2025-05-28T08:06:21.259319Z[0m [32m INFO[0m [2mrsp_host_executor[0m[2m:[0m executing subblock
[2m2025-05-28T08:06:21.259347Z[0m [32m INFO[0m [2mrsp_host_executor[0m[2m:[0m loop count: 7, num_transactions_completed: 38, all txs num: 105
[2m2025-05-28T08:06:21.259379Z[0m [32m INFO[0m [2mrsp_host_executor[0m[2m:[0m num transactions left: 67
[2m2025-05-28T08:06:26.374154Z[0m [32m INFO[0m [2mrsp_host_executor[0m[2m:[0m successfully executed subblock: num_transactions_completed=38, upper=45
[2m2025-05-28T08:06:26.374199Z[0m [32m INFO[0m [2mrsp_host_executor[0m[2m:[0m accumulating the logs bloom
[2m2025-05-28T08:06:26.375257Z[0m [32m INFO[0m [2mrsp_host_executor[0m[2m:[0m executing subblock
[2m2025-05-28T08:06:26.375270Z[0m [32m INFO[0m [2mrsp_host_executor[0m[2m:[0m loop count: 8, num_transactions_completed: 45, all txs num: 105
[2m2025-05-28T08:06:26.375284Z[0m [32m INFO[0m [2mrsp_host_executor[0m[2m:[0m num transactions left: 60
[2m2025-05-28T08:06:33.364720Z[0m [32m INFO[0m [2mrsp_host_executor[0m[2m:[0m successfully executed subblock: num_transactions_completed=45, upper=58
[2m2025-05-28T08:06:33.364765Z[0m [32m INFO[0m [2mrsp_host_executor[0m[2m:[0m accumulating the logs bloom
[2m2025-05-28T08:06:33.365936Z[0m [32m INFO[0m [2mrsp_host_executor[0m[2m:[0m executing subblock
[2m2025-05-28T08:06:33.365952Z[0m [32m INFO[0m [2mrsp_host_executor[0m[2m:[0m loop count: 9, num_transactions_completed: 58, all txs num: 105
[2m2025-05-28T08:06:33.365966Z[0m [32m INFO[0m [2mrsp_host_executor[0m[2m:[0m num transactions left: 47
cycle-tracker-report-start: precompile-ecrecover
cycle-tracker-report-end: precompile-ecrecover
[2m2025-05-28T08:06:39.465576Z[0m [32m INFO[0m [2mrsp_host_executor[0m[2m:[0m successfully executed subblock: num_transactions_completed=58, upper=66
[2m2025-05-28T08:06:39.465616Z[0m [32m INFO[0m [2mrsp_host_executor[0m[2m:[0m accumulating the logs bloom
[2m2025-05-28T08:06:39.466605Z[0m [32m INFO[0m [2mrsp_host_executor[0m[2m:[0m executing subblock
[2m2025-05-28T08:06:39.466617Z[0m [32m INFO[0m [2mrsp_host_executor[0m[2m:[0m loop count: 10, num_transactions_completed: 66, all txs num: 105
[2m2025-05-28T08:06:39.466631Z[0m [32m INFO[0m [2mrsp_host_executor[0m[2m:[0m num transactions left: 39
cycle-tracker-report-start: precompile-ecrecover
cycle-tracker-report-end: precompile-ecrecover
[2m2025-05-28T08:06:44.776285Z[0m [32m INFO[0m [2mrsp_host_executor[0m[2m:[0m successfully executed subblock: num_transactions_completed=66, upper=74
[2m2025-05-28T08:06:44.776329Z[0m [32m INFO[0m [2mrsp_host_executor[0m[2m:[0m accumulating the logs bloom
[2m2025-05-28T08:06:44.777125Z[0m [32m INFO[0m [2mrsp_host_executor[0m[2m:[0m executing subblock
[2m2025-05-28T08:06:44.777137Z[0m [32m INFO[0m [2mrsp_host_executor[0m[2m:[0m loop count: 11, num_transactions_completed: 74, all txs num: 105
[2m2025-05-28T08:06:44.777159Z[0m [32m INFO[0m [2mrsp_host_executor[0m[2m:[0m num transactions left: 31
cycle-tracker-report-start: precompile-ecrecover
cycle-tracker-report-end: precompile-ecrecover
cycle-tracker-report-start: precompile-ecrecover
cycle-tracker-report-end: precompile-ecrecover
[2m2025-05-28T08:06:49.103041Z[0m [32m INFO[0m [2mrsp_host_executor[0m[2m:[0m successfully executed subblock: num_transactions_completed=74, upper=78
[2m2025-05-28T08:06:49.103081Z[0m [32m INFO[0m [2mrsp_host_executor[0m[2m:[0m accumulating the logs bloom
[2m2025-05-28T08:06:49.104033Z[0m [32m INFO[0m [2mrsp_host_executor[0m[2m:[0m executing subblock
[2m2025-05-28T08:06:49.104048Z[0m [32m INFO[0m [2mrsp_host_executor[0m[2m:[0m loop count: 12, num_transactions_completed: 78, all txs num: 105
[2m2025-05-28T08:06:49.104061Z[0m [32m INFO[0m [2mrsp_host_executor[0m[2m:[0m num transactions left: 27
cycle-tracker-report-start: precompile-ecrecover
cycle-tracker-report-end: precompile-ecrecover
cycle-tracker-report-start: precompile-ecrecover
cycle-tracker-report-end: precompile-ecrecover
[2m2025-05-28T08:06:54.578385Z[0m [32m INFO[0m [2mrsp_host_executor[0m[2m:[0m successfully executed subblock: num_transactions_completed=78, upper=86
[2m2025-05-28T08:06:54.578431Z[0m [32m INFO[0m [2mrsp_host_executor[0m[2m:[0m accumulating the logs bloom
[2m2025-05-28T08:06:54.579561Z[0m [32m INFO[0m [2mrsp_host_executor[0m[2m:[0m executing subblock
[2m2025-05-28T08:06:54.579574Z[0m [32m INFO[0m [2mrsp_host_executor[0m[2m:[0m loop count: 13, num_transactions_completed: 86, all txs num: 105
[2m2025-05-28T08:06:54.579588Z[0m [32m INFO[0m [2mrsp_host_executor[0m[2m:[0m num transactions left: 19
cycle-tracker-report-start: precompile-ecrecover
cycle-tracker-report-end: precompile-ecrecover
[2m2025-05-28T08:06:58.650299Z[0m [32m INFO[0m [2mrsp_host_executor[0m[2m:[0m successfully executed subblock: num_transactions_completed=86, upper=91
[2m2025-05-28T08:06:58.650340Z[0m [32m INFO[0m [2mrsp_host_executor[0m[2m:[0m accumulating the logs bloom
[2m2025-05-28T08:06:58.651181Z[0m [32m INFO[0m [2mrsp_host_executor[0m[2m:[0m executing subblock
[2m2025-05-28T08:06:58.651199Z[0m [32m INFO[0m [2mrsp_host_executor[0m[2m:[0m loop count: 14, num_transactions_completed: 91, all txs num: 105
[2m2025-05-28T08:06:58.651216Z[0m [32m INFO[0m [2mrsp_host_executor[0m[2m:[0m num transactions left: 14
[2m2025-05-28T08:07:03.032198Z[0m [32m INFO[0m [2mrsp_host_executor[0m[2m:[0m successfully executed subblock: num_transactions_completed=91, upper=102
[2m2025-05-28T08:07:03.032245Z[0m [32m INFO[0m [2mrsp_host_executor[0m[2m:[0m accumulating the logs bloom
[2m2025-05-28T08:07:03.033339Z[0m [32m INFO[0m [2mrsp_host_executor[0m[2m:[0m executing subblock
[2m2025-05-28T08:07:03.033355Z[0m [32m INFO[0m [2mrsp_host_executor[0m[2m:[0m loop count: 15, num_transactions_completed: 102, all txs num: 105
[2m2025-05-28T08:07:03.033369Z[0m [32m INFO[0m [2mrsp_host_executor[0m[2m:[0m num transactions left: 3
cycle-tracker-report-start: precompile-ecrecover
cycle-tracker-report-end: precompile-ecrecover
[2m2025-05-28T08:07:05.859405Z[0m [32m INFO[0m [2mrsp_host_executor[0m[2m:[0m successfully executed subblock: num_transactions_completed=102, upper=105
[2m2025-05-28T08:07:05.859484Z[0m [32m INFO[0m [2mrsp_host_executor[0m[2m:[0m accumulating the logs bloom
[2m2025-05-28T08:07:11.358376Z[0m [32m INFO[0m [2mrsp_host_executor[0m[2m:[0m successfully executed block: block_number=17106222, block_hash=0xe2947483136770b2eac272e558d2c3737d34794233c710c5f7f6ec77fc59940c, state_root=0xd7ae86d7d2cc75cc821531fdfc6c752c2402bcf88e164e7ac35cf0f2cd8dcd02
[2m2025-05-28T08:07:11.358411Z[0m [32m INFO[0m [2mrsp_host_executor[0m[2m:[0m fetching 1 ancestor headers
[2m2025-05-28T08:07:11.425733Z[0m [32m INFO[0m [2mrsp_host_executor[0m[2m:[0m Pruned state compression ratio: 0.5465169020195516
[2m2025-05-28T08:07:11.439756Z[0m [32m INFO[0m [2mrsp_host_executor[0m[2m:[0m Pruned state compression ratio: 0.5302826724078517
[2m2025-05-28T08:07:11.451719Z[0m [32m INFO[0m [2mrsp_host_executor[0m[2m:[0m Pruned state compression ratio: 0.5153112293287738
[2m2025-05-28T08:07:11.463765Z[0m [32m INFO[0m [2mrsp_host_executor[0m[2m:[0m Pruned state compression ratio: 0.5439101144242854
[2m2025-05-28T08:07:11.476068Z[0m [32m INFO[0m [2mrsp_host_executor[0m[2m:[0m Pruned state compression ratio: 0.4929490240945518
[2m2025-05-28T08:07:11.486382Z[0m [32m INFO[0m [2mrsp_host_executor[0m[2m:[0m Pruned state compression ratio: 0.5304988951410474
[2m2025-05-28T08:07:11.497917Z[0m [32m INFO[0m [2mrsp_host_executor[0m[2m:[0m Pruned state compression ratio: 0.5885915939095882
[2m2025-05-28T08:07:11.513069Z[0m [32m INFO[0m [2mrsp_host_executor[0m[2m:[0m Pruned state compression ratio: 0.500565931327545
[2m2025-05-28T08:07:11.524240Z[0m [32m INFO[0m [2mrsp_host_executor[0m[2m:[0m Pruned state compression ratio: 0.5367469007039074
[2m2025-05-28T08:07:11.538418Z[0m [32m INFO[0m [2mrsp_host_executor[0m[2m:[0m Pruned state compression ratio: 0.5279697487645906
[2m2025-05-28T08:07:11.550857Z[0m [32m INFO[0m [2mrsp_host_executor[0m[2m:[0m Pruned state compression ratio: 0.5244264449081879
[2m2025-05-28T08:07:11.562985Z[0m [32m INFO[0m [2mrsp_host_executor[0m[2m:[0m Pruned state compression ratio: 0.5329766683474013
[2m2025-05-28T08:07:11.575134Z[0m [32m INFO[0m [2mrsp_host_executor[0m[2m:[0m Pruned state compression ratio: 0.5481591343601854
[2m2025-05-28T08:07:11.587545Z[0m [32m INFO[0m [2mrsp_host_executor[0m[2m:[0m Pruned state compression ratio: 0.4934707035698112
[2m2025-05-28T08:07:11.599538Z[0m [32m INFO[0m [2mrsp_host_executor[0m[2m:[0m Pruned state compression ratio: 0.5261723584344427
[2m2025-05-28T08:07:11.611379Z[0m [32m INFO[0m [2mrsp_host_executor[0m[2m:[0m Pruned state compression ratio: 0.4959215418468776
[2m2025-05-28T08:08:43.420423Z[0m [32m INFO[0m [2msubblock[0m[2m:[0m Public values size in bytes: 2226355
[2m2025-05-28T08:08:43.453014Z[0m [32m INFO[0m [1mexecute[0m[2m:[0m [2msp1_core_executor::executor[0m[2m:[0m clk = 0 pc = 0x200d04
[2m2025-05-28T08:08:43.453107Z[0m [32m INFO[0m [1mexecute[0m[2m:[0m [2msp1_core_executor::syscalls::write[0m[2m:[0m ┌╴deserialize input
[2m2025-05-28T08:08:43.467908Z[0m [32m INFO[0m [1mexecute[0m[2m:[0m [2msp1_core_executor::syscalls::write[0m[2m:[0m └╴331,761 cycles
[2m2025-05-28T08:08:43.467934Z[0m [32m INFO[0m [1mexecute[0m[2m:[0m [2msp1_core_executor::syscalls::write[0m[2m:[0m ┌╴commit input
[2m2025-05-28T08:08:43.558033Z[0m [32m INFO[0m [1mexecute[0m[2m:[0m [2msp1_core_executor::syscalls::write[0m[2m:[0m └╴1,160,966 cycles
[2m2025-05-28T08:08:43.558069Z[0m [32m INFO[0m [1mexecute[0m[2m:[0m [2msp1_core_executor::syscalls::write[0m[2m:[0m ┌╴deserialize parent state
[2m2025-05-28T08:08:43.943868Z[0m [32m INFO[0m [1mexecute[0m[2m:[0m [2msp1_core_executor::executor[0m[2m:[0m clk = 10000000 pc = 0x308300
[2m2025-05-28T08:08:44.160561Z[0m [32m INFO[0m [1mexecute[0m[2m:[0m [2msp1_core_executor::syscalls::write[0m[2m:[0m └╴12,960,359 cycles
[2m2025-05-28T08:08:44.160597Z[0m [32m INFO[0m [1mexecute[0m[2m:[0m [2msp1_core_executor::syscalls::write[0m[2m:[0m ┌╴execute subblock
[2m2025-05-28T08:08:44.160651Z[0m [32m INFO[0m [1mexecute[0m[2m:[0m [2msp1_core_executor::syscalls::write[0m[2m:[0m │ ┌╴compute input state root
[2m2025-05-28T08:08:44.241618Z[0m [32m INFO[0m [1mexecute[0m[2m:[0m [2msp1_core_executor::syscalls::write[0m[2m:[0m │ └╴1,174,848 cycles
[2m2025-05-28T08:08:44.241648Z[0m [32m INFO[0m [1mexecute[0m[2m:[0m [2msp1_core_executor::syscalls::write[0m[2m:[0m │ ┌╴construct trie db
[2m2025-05-28T08:08:44.359963Z[0m [32m INFO[0m [1mexecute[0m[2m:[0m [2msp1_core_executor::syscalls::write[0m[2m:[0m │ └╴616,734 cycles
[2m2025-05-28T08:08:44.359998Z[0m [32m INFO[0m [1mexecute[0m[2m:[0m [2msp1_core_executor::syscalls::write[0m[2m:[0m │ ┌╴recover senders
[2m2025-05-28T08:08:44.924108Z[0m [32m INFO[0m [1mexecute[0m[2m:[0m [2msp1_core_executor::syscalls::write[0m[2m:[0m │ └╴362,326 cycles
[2m2025-05-28T08:08:44.924172Z[0m [32m INFO[0m [1mexecute[0m[2m:[0m [2msp1_core_executor::syscalls::write[0m[2m:[0m │ ┌╴execute
[2m2025-05-28T08:08:45.057539Z[0m [32m INFO[0m [1mexecute[0m[2m:[0m [2msp1_core_executor::executor[0m[2m:[0m clk = 20000000 pc = 0x292c54
[2m2025-05-28T08:08:45.349425Z[0m [32m INFO[0m [1mexecute[0m[2m:[0m [2msp1_core_executor::syscalls::write[0m[2m:[0m │ └╴10,490,458 cycles
[2m2025-05-28T08:08:45.350181Z[0m [32m INFO[0m [1mexecute[0m[2m:[0m [2msp1_core_executor::syscalls::write[0m[2m:[0m │ ┌╴accrue logs bloom
[2m2025-05-28T08:08:45.357777Z[0m [32m INFO[0m [1mexecute[0m[2m:[0m [2msp1_core_executor::syscalls::write[0m[2m:[0m │ └╴136,052 cycles
[2m2025-05-28T08:08:45.357803Z[0m [32m INFO[0m [1mexecute[0m[2m:[0m [2msp1_core_executor::syscalls::write[0m[2m:[0m │ ┌╴finalize output
[2m2025-05-28T08:08:45.495030Z[0m [32m INFO[0m [1mexecute[0m[2m:[0m [2msp1_core_executor::syscalls::write[0m[2m:[0m │ └╴2,306,278 cycles
[2m2025-05-28T08:08:45.495173Z[0m [32m INFO[0m [1mexecute[0m[2m:[0m [2msp1_core_executor::syscalls::write[0m[2m:[0m └╴15,106,075 cycles
[2m2025-05-28T08:08:45.528028Z[0m [32m INFO[0m [1mexecute[0m[2m:[0m [2msp1_core_executor::executor[0m[2m:[0m clk = 30000000 pc = 0x324f48
[2m2025-05-28T08:08:45.541471Z[0m [32m INFO[0m [1mexecute[0m[2m:[0m [2msp1_prover[0m[2m:[0m gas: 49979386
[2m2025-05-28T08:08:45.541545Z[0m [32m INFO[0m [2msubblock[0m[2m:[0m Subblock 0 instruction count: 30118901
[2m2025-05-28T08:08:45.571656Z[0m [32m INFO[0m [1mexecute[0m[2m:[0m [2msp1_core_executor::executor[0m[2m:[0m clk = 0 pc = 0x200d04
[2m2025-05-28T08:08:45.571743Z[0m [32m INFO[0m [1mexecute[0m[2m:[0m [2msp1_core_executor::syscalls::write[0m[2m:[0m ┌╴deserialize input
[2m2025-05-28T08:08:45.578668Z[0m [32m INFO[0m [1mexecute[0m[2m:[0m [2msp1_core_executor::syscalls::write[0m[2m:[0m └╴149,177 cycles
[2m2025-05-28T08:08:45.578691Z[0m [32m INFO[0m [1mexecute[0m[2m:[0m [2msp1_core_executor::syscalls::write[0m[2m:[0m ┌╴commit input
[2m2025-05-28T08:08:45.618347Z[0m [32m INFO[0m [1mexecute[0m[2m:[0m [2msp1_core_executor::syscalls::write[0m[2m:[0m └╴509,768 cycles
[2m2025-05-28T08:08:45.618378Z[0m [32m INFO[0m [1mexecute[0m[2m:[0m [2msp1_core_executor::syscalls::write[0m[2m:[0m ┌╴deserialize parent state
[2m2025-05-28T08:08:46.064507Z[0m [32m INFO[0m [1mexecute[0m[2m:[0m [2msp1_core_executor::executor[0m[2m:[0m clk = 10000000 pc = 0x200a0c
[2m2025-05-28T08:08:46.223724Z[0m [32m INFO[0m [1mexecute[0m[2m:[0m [2msp1_core_executor::syscalls::write[0m[2m:[0m └╴12,591,276 cycles
[2m2025-05-28T08:08:46.223761Z[0m [32m INFO[0m [1mexecute[0m[2m:[0m [2msp1_core_executor::syscalls::write[0m[2m:[0m ┌╴execute subblock
[2m2025-05-28T08:08:46.223814Z[0m [32m INFO[0m [1mexecute[0m[2m:[0m [2msp1_core_executor::syscalls::write[0m[2m:[0m │ ┌╴compute input state root
[2m2025-05-28T08:08:46.279177Z[0m [32m INFO[0m [1mexecute[0m[2m:[0m [2msp1_core_executor::syscalls::write[0m[2m:[0m │ └╴728,524 cycles
[2m2025-05-28T08:08:46.279208Z[0m [32m INFO[0m [1mexecute[0m[2m:[0m [2msp1_core_executor::syscalls::write[0m[2m:[0m │ ┌╴construct trie db
[2m2025-05-28T08:08:46.334919Z[0m [32m INFO[0m [1mexecute[0m[2m:[0m [2msp1_core_executor::syscalls::write[0m[2m:[0m │ └╴256,969 cycles
[2m2025-05-28T08:08:46.334951Z[0m [32m INFO[0m [1mexecute[0m[2m:[0m [2msp1_core_executor::syscalls::write[0m[2m:[0m │ ┌╴recover senders
[2m2025-05-28T08:08:47.089288Z[0m [32m INFO[0m [1mexecute[0m[2m:[0m [2msp1_core_executor::syscalls::write[0m[2m:[0m │ └╴254,640 cycles
[2m2025-05-28T08:08:47.089367Z[0m [32m INFO[0m [1mexecute[0m[2m:[0m [2msp1_core_executor::syscalls::write[0m[2m:[0m │ ┌╴execute
[2m2025-05-28T08:08:47.185535Z[0m [32m INFO[0m [1mexecute[0m[2m:[0m [2msp1_core_executor::syscalls::write[0m[2m:[0m │ └╴2,322,939 cycles
[2m2025-05-28T08:08:47.185761Z[0m [32m INFO[0m [1mexecute[0m[2m:[0m [2msp1_core_executor::syscalls::write[0m[2m:[0m │ ┌╴accrue logs bloom
[2m2025-05-28T08:08:47.187536Z[0m [32m INFO[0m [1mexecute[0m[2m:[0m [2msp1_core_executor::syscalls::write[0m[2m:[0m │ └╴39,730 cycles
[2m2025-05-28T08:08:47.187560Z[0m [32m INFO[0m [1mexecute[0m[2m:[0m [2msp1_core_executor::syscalls::write[0m[2m:[0m │ ┌╴finalize output
[2m2025-05-28T08:08:47.242984Z[0m [32m INFO[0m [1mexecute[0m[2m:[0m [2msp1_core_executor::syscalls::write[0m[2m:[0m │ └╴965,222 cycles
[2m2025-05-28T08:08:47.243089Z[0m [32m INFO[0m [1mexecute[0m[2m:[0m [2msp1_core_executor::syscalls::write[0m[2m:[0m └╴4,576,399 cycles
[2m2025-05-28T08:08:47.273532Z[0m [32m INFO[0m [1mexecute[0m[2m:[0m [2msp1_prover[0m[2m:[0m gas: 33294870
[2m2025-05-28T08:08:47.273590Z[0m [32m INFO[0m [2msubblock[0m[2m:[0m Subblock 1 instruction count: 18293856
[2m2025-05-28T08:08:47.303775Z[0m [32m INFO[0m [1mexecute[0m[2m:[0m [2msp1_core_executor::executor[0m[2m:[0m clk = 0 pc = 0x200d04
[2m2025-05-28T08:08:47.303861Z[0m [32m INFO[0m [1mexecute[0m[2m:[0m [2msp1_core_executor::syscalls::write[0m[2m:[0m ┌╴deserialize input
[2m2025-05-28T08:08:47.317409Z[0m [32m INFO[0m [1mexecute[0m[2m:[0m [2msp1_core_executor::syscalls::write[0m[2m:[0m └╴299,002 cycles
[2m2025-05-28T08:08:47.317437Z[0m [32m INFO[0m [1mexecute[0m[2m:[0m [2msp1_core_executor::syscalls::write[0m[2m:[0m ┌╴commit input
[2m2025-05-28T08:08:47.404287Z[0m [32m INFO[0m [1mexecute[0m[2m:[0m [2msp1_core_executor::syscalls::write[0m[2m:[0m └╴1,103,913 cycles
[2m2025-05-28T08:08:47.404321Z[0m [32m INFO[0m [1mexecute[0m[2m:[0m [2msp1_core_executor::syscalls::write[0m[2m:[0m ┌╴deserialize parent state
[2m2025-05-28T08:08:47.798735Z[0m [32m INFO[0m [1mexecute[0m[2m:[0m [2msp1_core_executor::executor[0m[2m:[0m clk = 10000000 pc = 0x352a50
[2m2025-05-28T08:08:47.978440Z[0m [32m INFO[0m [1mexecute[0m[2m:[0m [2msp1_core_executor::syscalls::write[0m[2m:[0m └╴12,247,852 cycles
[2m2025-05-28T08:08:47.978484Z[0m [32m INFO[0m [1mexecute[0m[2m:[0m [2msp1_core_executor::syscalls::write[0m[2m:[0m ┌╴execute subblock
[2m2025-05-28T08:08:47.978539Z[0m [32m INFO[0m [1mexecute[0m[2m:[0m [2msp1_core_executor::syscalls::write[0m[2m:[0m │ ┌╴compute input state root
[2m2025-05-28T08:08:48.058952Z[0m [32m INFO[0m [1mexecute[0m[2m:[0m [2msp1_core_executor::syscalls::write[0m[2m:[0m │ └╴967,155 cycles
[2m2025-05-28T08:08:48.058982Z[0m [32m INFO[0m [1mexecute[0m[2m:[0m [2msp1_core_executor::syscalls::write[0m[2m:[0m │ ┌╴construct trie db
[2m2025-05-28T08:08:48.103372Z[0m [32m INFO[0m [1mexecute[0m[2m:[0m [2msp1_core_executor::syscalls::write[0m[2m:[0m │ └╴603,091 cycles
[2m2025-05-28T08:08:48.103399Z[0m [32m INFO[0m [1mexecute[0m[2m:[0m [2msp1_core_executor::syscalls::write[0m[2m:[0m │ ┌╴recover senders
[2m2025-05-28T08:08:48.335601Z[0m [32m INFO[0m [1mexecute[0m[2m:[0m [2msp1_core_executor::syscalls::write[0m[2m:[0m │ └╴153,518 cycles
[2m2025-05-28T08:08:48.335665Z[0m [32m INFO[0m [1mexecute[0m[2m:[0m [2msp1_core_executor::syscalls::write[0m[2m:[0m │ ┌╴execute
[2m2025-05-28T08:08:48.546004Z[0m [32m INFO[0m [1mexecute[0m[2m:[0m [2msp1_core_executor::executor[0m[2m:[0m clk = 20000000 pc = 0x2da944
[2m2025-05-28T08:08:48.661887Z[0m [32m INFO[0m [1mexecute[0m[2m:[0m [2msp1_core_executor::syscalls::write[0m[2m:[0m │ └╴7,410,551 cycles
[2m2025-05-28T08:08:48.662284Z[0m [32m INFO[0m [1mexecute[0m[2m:[0m [2msp1_core_executor::syscalls::write[0m[2m:[0m │ ┌╴accrue logs bloom
[2m2025-05-28T08:08:48.665387Z[0m [32m INFO[0m [1mexecute[0m[2m:[0m [2msp1_core_executor::syscalls::write[0m[2m:[0m │ └╴63,310 cycles
[2m2025-05-28T08:08:48.665411Z[0m [32m INFO[0m [1mexecute[0m[2m:[0m [2msp1_core_executor::syscalls::write[0m[2m:[0m │ ┌╴finalize output
[2m2025-05-28T08:08:48.786137Z[0m [32m INFO[0m [1mexecute[0m[2m:[0m [2msp1_core_executor::syscalls::write[0m[2m:[0m │ └╴1,879,775 cycles
[2m2025-05-28T08:08:48.786251Z[0m [32m INFO[0m [1mexecute[0m[2m:[0m [2msp1_core_executor::syscalls::write[0m[2m:[0m └╴11,089,457 cycles
[2m2025-05-28T08:08:48.825513Z[0m [32m INFO[0m [1mexecute[0m[2m:[0m [2msp1_prover[0m[2m:[0m gas: 43037377
[2m2025-05-28T08:08:48.825591Z[0m [32m INFO[0m [2msubblock[0m[2m:[0m Subblock 2 instruction count: 25219526
[2m2025-05-28T08:08:48.855557Z[0m [32m INFO[0m [1mexecute[0m[2m:[0m [2msp1_core_executor::executor[0m[2m:[0m clk = 0 pc = 0x200d04
[2m2025-05-28T08:08:48.855641Z[0m [32m INFO[0m [1mexecute[0m[2m:[0m [2msp1_core_executor::syscalls::write[0m[2m:[0m ┌╴deserialize input
[2m2025-05-28T08:08:48.868076Z[0m [32m INFO[0m [1mexecute[0m[2m:[0m [2msp1_core_executor::syscalls::write[0m[2m:[0m └╴276,546 cycles
[2m2025-05-28T08:08:48.868102Z[0m [32m INFO[0m [1mexecute[0m[2m:[0m [2msp1_core_executor::syscalls::write[0m[2m:[0m ┌╴commit input
[2m2025-05-28T08:08:48.944054Z[0m [32m INFO[0m [1mexecute[0m[2m:[0m [2msp1_core_executor::syscalls::write[0m[2m:[0m └╴986,849 cycles
[2m2025-05-28T08:08:48.944088Z[0m [32m INFO[0m [1mexecute[0m[2m:[0m [2msp1_core_executor::syscalls::write[0m[2m:[0m ┌╴deserialize parent state
[2m2025-05-28T08:08:49.361606Z[0m [32m INFO[0m [1mexecute[0m[2m:[0m [2msp1_core_executor::executor[0m[2m:[0m clk = 10000000 pc = 0x200a28
[2m2025-05-28T08:08:49.566426Z[0m [32m INFO[0m [1mexecute[0m[2m:[0m [2msp1_core_executor::syscalls::write[0m[2m:[0m └╴12,902,945 cycles
[2m2025-05-28T08:08:49.566469Z[0m [32m INFO[0m [1mexecute[0m[2m:[0m [2msp1_core_executor::syscalls::write[0m[2m:[0m ┌╴execute subblock
[2m2025-05-28T08:08:49.566525Z[0m [32m INFO[0m [1mexecute[0m[2m:[0m [2msp1_core_executor::syscalls::write[0m[2m:[0m │ ┌╴compute input state root
[2m2025-05-28T08:08:49.667851Z[0m [32m INFO[0m [1mexecute[0m[2m:[0m [2msp1_core_executor::syscalls::write[0m[2m:[0m │ └╴1,245,969 cycles
[2m2025-05-28T08:08:49.667880Z[0m [32m INFO[0m [1mexecute[0m[2m:[0m [2msp1_core_executor::syscalls::write[0m[2m:[0m │ ┌╴construct trie db
[2m2025-05-28T08:08:49.714617Z[0m [32m INFO[0m [1mexecute[0m[2m:[0m [2msp1_core_executor::syscalls::write[0m[2m:[0m │ └╴532,982 cycles
[2m2025-05-28T08:08:49.714648Z[0m [32m INFO[0m [1mexecute[0m[2m:[0m [2msp1_core_executor::syscalls::write[0m[2m:[0m │ ┌╴recover senders
[2m2025-05-28T08:08:50.208311Z[0m [32m INFO[0m [1mexecute[0m[2m:[0m [2msp1_core_executor::syscalls::write[0m[2m:[0m │ └╴307,775 cycles
[2m2025-05-28T08:08:50.208381Z[0m [32m INFO[0m [1mexecute[0m[2m:[0m [2msp1_core_executor::syscalls::write[0m[2m:[0m │ ┌╴execute
[2m2025-05-28T08:08:50.379705Z[0m [32m INFO[0m [1mexecute[0m[2m:[0m [2msp1_core_executor::executor[0m[2m:[0m clk = 20000000 pc = 0x347c90
[2m2025-05-28T08:08:50.454643Z[0m [32m INFO[0m [1mexecute[0m[2m:[0m [2msp1_core_executor::syscalls::write[0m[2m:[0m │ │ ┌╴precompile-ecrecover
[2m2025-05-28T08:08:50.526892Z[0m [32m INFO[0m [1mexecute[0m[2m:[0m [2msp1_core_executor::syscalls::write[0m[2m:[0m │ │ └╴39,055 cycles
[2m2025-05-28T08:08:50.549301Z[0m [32m INFO[0m [1mexecute[0m[2m:[0m [2msp1_core_executor::syscalls::write[0m[2m:[0m │ └╴6,201,023 cycles
[2m2025-05-28T08:08:50.549836Z[0m [32m INFO[0m [1mexecute[0m[2m:[0m [2msp1_core_executor::syscalls::write[0m[2m:[0m │ ┌╴accrue logs bloom
[2m2025-05-28T08:08:50.555635Z[0m [32m INFO[0m [1mexecute[0m[2m:[0m [2msp1_core_executor::syscalls::write[0m[2m:[0m │ └╴104,192 cycles
[2m2025-05-28T08:08:50.555660Z[0m [32m INFO[0m [1mexecute[0m[2m:[0m [2msp1_core_executor::syscalls::write[0m[2m:[0m │ ┌╴finalize output
[2m2025-05-28T08:08:50.670477Z[0m [32m INFO[0m [1mexecute[0m[2m:[0m [2msp1_core_executor::syscalls::write[0m[2m:[0m │ └╴1,994,448 cycles
[2m2025-05-28T08:08:50.670611Z[0m [32m INFO[0m [1mexecute[0m[2m:[0m [2msp1_core_executor::syscalls::write[0m[2m:[0m └╴10,401,038 cycles
[2m2025-05-28T08:08:50.709564Z[0m [32m INFO[0m [1mexecute[0m[2m:[0m [2msp1_prover[0m[2m:[0m gas: 43564396
[2m2025-05-28T08:08:50.709648Z[0m [32m INFO[0m [2msubblock[0m[2m:[0m Subblock 3 instruction count: 25091700
[2m2025-05-28T08:08:50.740923Z[0m [32m INFO[0m [1mexecute[0m[2m:[0m [2msp1_core_executor::executor[0m[2m:[0m clk = 0 pc = 0x200d04
[2m2025-05-28T08:08:50.741004Z[0m [32m INFO[0m [1mexecute[0m[2m:[0m [2msp1_core_executor::syscalls::write[0m[2m:[0m ┌╴deserialize input
[2m2025-05-28T08:08:50.757817Z[0m [32m INFO[0m [1mexecute[0m[2m:[0m [2msp1_core_executor::syscalls::write[0m[2m:[0m └╴364,259 cycles
[2m2025-05-28T08:08:50.757842Z[0m [32m INFO[0m [1mexecute[0m[2m:[0m [2msp1_core_executor::syscalls::write[0m[2m:[0m ┌╴commit input
[2m2025-05-28T08:08:50.860045Z[0m [32m INFO[0m [1mexecute[0m[2m:[0m [2msp1_core_executor::syscalls::write[0m[2m:[0m └╴1,326,381 cycles
[2m2025-05-28T08:08:50.860075Z[0m [32m INFO[0m [1mexecute[0m[2m:[0m [2msp1_core_executor::syscalls::write[0m[2m:[0m ┌╴deserialize parent state
[2m2025-05-28T08:08:51.240119Z[0m [32m INFO[0m [1mexecute[0m[2m:[0m [2msp1_core_executor::executor[0m[2m:[0m clk = 10000000 pc = 0x308410
[2m2025-05-28T08:08:51.405318Z[0m [32m INFO[0m [1mexecute[0m[2m:[0m [2msp1_core_executor::syscalls::write[0m[2m:[0m └╴11,739,097 cycles
[2m2025-05-28T08:08:51.405353Z[0m [32m INFO[0m [1mexecute[0m[2m:[0m [2msp1_core_executor::syscalls::write[0m[2m:[0m ┌╴execute subblock
[2m2025-05-28T08:08:51.405408Z[0m [32m INFO[0m [1mexecute[0m[2m:[0m [2msp1_core_executor::syscalls::write[0m[2m:[0m │ ┌╴compute input state root
[2m2025-05-28T08:08:51.509209Z[0m [32m INFO[0m [1mexecute[0m[2m:[0m [2msp1_core_executor::syscalls::write[0m[2m:[0m │ └╴1,391,012 cycles
[2m2025-05-28T08:08:51.509240Z[0m [32m INFO[0m [1mexecute[0m[2m:[0m [2msp1_core_executor::syscalls::write[0m[2m:[0m │ ┌╴construct trie db
[2m2025-05-28T08:08:51.593213Z[0m [32m INFO[0m [1mexecute[0m[2m:[0m [2msp1_core_executor::syscalls::write[0m[2m:[0m │ └╴722,479 cycles
[2m2025-05-28T08:08:51.593252Z[0m [32m INFO[0m [1mexecute[0m[2m:[0m [2msp1_core_executor::syscalls::write[0m[2m:[0m │ ┌╴recover senders
[2m2025-05-28T08:08:52.149483Z[0m [32m INFO[0m [1mexecute[0m[2m:[0m [2msp1_core_executor::syscalls::write[0m[2m:[0m │ └╴284,276 cycles
[2m2025-05-28T08:08:52.149605Z[0m [32m INFO[0m [1mexecute[0m[2m:[0m [2msp1_core_executor::syscalls::write[0m[2m:[0m │ ┌╴execute
[2m2025-05-28T08:08:52.326911Z[0m [32m INFO[0m [1mexecute[0m[2m:[0m [2msp1_core_executor::executor[0m[2m:[0m clk = 20000000 pc = 0x2009e0
[2m2025-05-28T08:08:52.467231Z[0m [32m INFO[0m [1mexecute[0m[2m:[0m [2msp1_core_executor::syscalls::write[0m[2m:[0m │ │ ┌╴precompile-ecrecover
[2m2025-05-28T08:08:52.546798Z[0m [32m INFO[0m [1mexecute[0m[2m:[0m [2msp1_core_executor::syscalls::write[0m[2m:[0m │ │ └╴39,299 cycles
[2m2025-05-28T08:08:52.625773Z[0m [32m INFO[0m [1mexecute[0m[2m:[0m [2msp1_core_executor::syscalls::write[0m[2m:[0m │ │ ┌╴precompile-ecrecover
[2m2025-05-28T08:08:52.699718Z[0m [32m INFO[0m [1mexecute[0m[2m:[0m [2msp1_core_executor::syscalls::write[0m[2m:[0m │ │ └╴37,006 cycles
[2m2025-05-28T08:08:52.717002Z[0m [32m INFO[0m [1mexecute[0m[2m:[0m [2msp1_core_executor::syscalls::write[0m[2m:[0m │ └╴10,089,438 cycles
[2m2025-05-28T08:08:52.717613Z[0m [32m INFO[0m [1mexecute[0m[2m:[0m [2msp1_core_executor::syscalls::write[0m[2m:[0m │ ┌╴accrue logs bloom
[2m2025-05-28T08:08:52.724297Z[0m [32m INFO[0m [1mexecute[0m[2m:[0m [2msp1_core_executor::syscalls::write[0m[2m:[0m │ └╴109,059 cycles
[2m2025-05-28T08:08:52.724321Z[0m [32m INFO[0m [1mexecute[0m[2m:[0m [2msp1_core_executor::syscalls::write[0m[2m:[0m │ ┌╴finalize output
[2m2025-05-28T08:08:52.888107Z[0m [32m INFO[0m [1mexecute[0m[2m:[0m [2msp1_core_executor::syscalls::write[0m[2m:[0m │ └╴2,592,626 cycles
[2m2025-05-28T08:08:52.888244Z[0m [32m INFO[0m [1mexecute[0m[2m:[0m [2msp1_core_executor::syscalls::write[0m[2m:[0m └╴15,205,728 cycles
[2m2025-05-28T08:08:52.938999Z[0m [32m INFO[0m [1mexecute[0m[2m:[0m [2msp1_prover[0m[2m:[0m gas: 48658800
[2m2025-05-28T08:08:52.939088Z[0m [32m INFO[0m [2msubblock[0m[2m:[0m Subblock 4 instruction count: 29137795
[2m2025-05-28T08:08:52.970511Z[0m [32m INFO[0m [1mexecute[0m[2m:[0m [2msp1_core_executor::executor[0m[2m:[0m clk = 0 pc = 0x200d04
[2m2025-05-28T08:08:52.970599Z[0m [32m INFO[0m [1mexecute[0m[2m:[0m [2msp1_core_executor::syscalls::write[0m[2m:[0m ┌╴deserialize input
[2m2025-05-28T08:08:52.976806Z[0m [32m INFO[0m [1mexecute[0m[2m:[0m [2msp1_core_executor::syscalls::write[0m[2m:[0m └╴134,893 cycles
[2m2025-05-28T08:08:52.976829Z[0m [32m INFO[0m [1mexecute[0m[2m:[0m [2msp1_core_executor::syscalls::write[0m[2m:[0m ┌╴commit input
[2m2025-05-28T08:08:53.010611Z[0m [32m INFO[0m [1mexecute[0m[2m:[0m [2msp1_core_executor::syscalls::write[0m[2m:[0m └╴448,979 cycles
[2m2025-05-28T08:08:53.010644Z[0m [32m INFO[0m [1mexecute[0m[2m:[0m [2msp1_core_executor::syscalls::write[0m[2m:[0m ┌╴deserialize parent state
[2m2025-05-28T08:08:53.459373Z[0m [32m INFO[0m [1mexecute[0m[2m:[0m [2msp1_core_executor::executor[0m[2m:[0m clk = 10000000 pc = 0x352994
[2m2025-05-28T08:08:53.615866Z[0m [32m INFO[0m [1mexecute[0m[2m:[0m [2msp1_core_executor::syscalls::write[0m[2m:[0m └╴12,608,604 cycles
[2m2025-05-28T08:08:53.615900Z[0m [32m INFO[0m [1mexecute[0m[2m:[0m [2msp1_core_executor::syscalls::write[0m[2m:[0m ┌╴execute subblock
[2m2025-05-28T08:08:53.615952Z[0m [32m INFO[0m [1mexecute[0m[2m:[0m [2msp1_core_executor::syscalls::write[0m[2m:[0m │ ┌╴compute input state root
[2m2025-05-28T08:08:53.688686Z[0m [32m INFO[0m [1mexecute[0m[2m:[0m [2msp1_core_executor::syscalls::write[0m[2m:[0m │ └╴962,751 cycles
[2m2025-05-28T08:08:53.688715Z[0m [32m INFO[0m [1mexecute[0m[2m:[0m [2msp1_core_executor::syscalls::write[0m[2m:[0m │ ┌╴construct trie db
[2m2025-05-28T08:08:53.737886Z[0m [32m INFO[0m [1mexecute[0m[2m:[0m [2msp1_core_executor::syscalls::write[0m[2m:[0m │ └╴225,954 cycles
[2m2025-05-28T08:08:53.737913Z[0m [32m INFO[0m [1mexecute[0m[2m:[0m [2msp1_core_executor::syscalls::write[0m[2m:[0m │ ┌╴recover senders
[2m2025-05-28T08:08:54.506020Z[0m [32m INFO[0m [1mexecute[0m[2m:[0m [2msp1_core_executor::syscalls::write[0m[2m:[0m │ └╴257,849 cycles
[2m2025-05-28T08:08:54.506098Z[0m [32m INFO[0m [1mexecute[0m[2m:[0m [2msp1_core_executor::syscalls::write[0m[2m:[0m │ ┌╴execute
[2m2025-05-28T08:08:54.632225Z[0m [32m INFO[0m [1mexecute[0m[2m:[0m [2msp1_core_executor::syscalls::write[0m[2m:[0m │ └╴3,155,128 cycles
[2m2025-05-28T08:08:54.632548Z[0m [32m INFO[0m [1mexecute[0m[2m:[0m [2msp1_core_executor::syscalls::write[0m[2m:[0m │ ┌╴accrue logs bloom
[2m2025-05-28T08:08:54.635400Z[0m [32m INFO[0m [1mexecute[0m[2m:[0m [2msp1_core_executor::syscalls::write[0m[2m:[0m │ └╴52,528 cycles
[2m2025-05-28T08:08:54.635423Z[0m [32m INFO[0m [1mexecute[0m[2m:[0m [2msp1_core_executor::syscalls::write[0m[2m:[0m │ ┌╴finalize output
[2m2025-05-28T08:08:54.703846Z[0m [32m INFO[0m [1mexecute[0m[2m:[0m [2msp1_core_executor::syscalls::write[0m[2m:[0m │ └╴1,186,924 cycles
[2m2025-05-28T08:08:54.703959Z[0m [32m INFO[0m [1mexecute[0m[2m:[0m [2msp1_core_executor::syscalls::write[0m[2m:[0m └╴5,851,285 cycles
[2m2025-05-28T08:08:54.735369Z[0m [32m INFO[0m [1mexecute[0m[2m:[0m [2msp1_prover[0m[2m:[0m gas: 34391587
[2m2025-05-28T08:08:54.735431Z[0m [32m INFO[0m [2msubblock[0m[2m:[0m Subblock 5 instruction count: 19528324
[2m2025-05-28T08:08:54.767821Z[0m [32m INFO[0m [1mexecute[0m[2m:[0m [2msp1_core_executor::executor[0m[2m:[0m clk = 0 pc = 0x200d04
[2m2025-05-28T08:08:54.767904Z[0m [32m INFO[0m [1mexecute[0m[2m:[0m [2msp1_core_executor::syscalls::write[0m[2m:[0m ┌╴deserialize input
[2m2025-05-28T08:08:54.769654Z[0m [32m INFO[0m [1mexecute[0m[2m:[0m [2msp1_core_executor::syscalls::write[0m[2m:[0m └╴37,271 cycles
[2m2025-05-28T08:08:54.769677Z[0m [32m INFO[0m [1mexecute[0m[2m:[0m [2msp1_core_executor::syscalls::write[0m[2m:[0m ┌╴commit input
[2m2025-05-28T08:08:54.775562Z[0m [32m INFO[0m [1mexecute[0m[2m:[0m [2msp1_core_executor::syscalls::write[0m[2m:[0m └╴96,410 cycles
[2m2025-05-28T08:08:54.775586Z[0m [32m INFO[0m [1mexecute[0m[2m:[0m [2msp1_core_executor::syscalls::write[0m[2m:[0m ┌╴deserialize parent state
[2m2025-05-28T08:08:55.221361Z[0m [32m INFO[0m [1mexecute[0m[2m:[0m [2msp1_core_executor::executor[0m[2m:[0m clk = 10000000 pc = 0x200a24
[2m2025-05-28T08:08:55.423302Z[0m [32m INFO[0m [1mexecute[0m[2m:[0m [2msp1_core_executor::syscalls::write[0m[2m:[0m └╴13,951,980 cycles
[2m2025-05-28T08:08:55.423340Z[0m [32m INFO[0m [1mexecute[0m[2m:[0m [2msp1_core_executor::syscalls::write[0m[2m:[0m ┌╴execute subblock
[2m2025-05-28T08:08:55.423396Z[0m [32m INFO[0m [1mexecute[0m[2m:[0m [2msp1_core_executor::syscalls::write[0m[2m:[0m │ ┌╴compute input state root
[2m2025-05-28T08:08:55.494846Z[0m [32m INFO[0m [1mexecute[0m[2m:[0m [2msp1_core_executor::syscalls::write[0m[2m:[0m │ └╴830,372 cycles
[2m2025-05-28T08:08:55.494877Z[0m [32m INFO[0m [1mexecute[0m[2m:[0m [2msp1_core_executor::syscalls::write[0m[2m:[0m │ ┌╴construct trie db
[2m2025-05-28T08:08:55.496678Z[0m [32m INFO[0m [1mexecute[0m[2m:[0m [2msp1_core_executor::syscalls::write[0m[2m:[0m │ └╴25,428 cycles
[2m2025-05-28T08:08:55.496704Z[0m [32m INFO[0m [1mexecute[0m[2m:[0m [2msp1_core_executor::syscalls::write[0m[2m:[0m │ ┌╴recover senders
[2m2025-05-28T08:08:55.650603Z[0m [32m INFO[0m [1mexecute[0m[2m:[0m [2msp1_core_executor::syscalls::write[0m[2m:[0m │ └╴95,930 cycles
[2m2025-05-28T08:08:55.650669Z[0m [32m INFO[0m [1mexecute[0m[2m:[0m [2msp1_core_executor::syscalls::write[0m[2m:[0m │ ┌╴execute
[2m2025-05-28T08:08:55.685164Z[0m [32m INFO[0m [1mexecute[0m[2m:[0m [2msp1_core_executor::syscalls::write[0m[2m:[0m │ └╴876,388 cycles
[2m2025-05-28T08:08:55.685212Z[0m [32m INFO[0m [1mexecute[0m[2m:[0m [2msp1_core_executor::syscalls::write[0m[2m:[0m │ ┌╴accrue logs bloom
[2m2025-05-28T08:08:55.685368Z[0m [32m INFO[0m [1mexecute[0m[2m:[0m [2msp1_core_executor::syscalls::write[0m[2m:[0m │ └╴4,605 cycles
[2m2025-05-28T08:08:55.685387Z[0m [32m INFO[0m [1mexecute[0m[2m:[0m [2msp1_core_executor::syscalls::write[0m[2m:[0m │ ┌╴finalize output
[2m2025-05-28T08:08:55.733320Z[0m [32m INFO[0m [1mexecute[0m[2m:[0m [2msp1_core_executor::syscalls::write[0m[2m:[0m │ └╴765,367 cycles
[2m2025-05-28T08:08:55.733399Z[0m [32m INFO[0m [1mexecute[0m[2m:[0m [2msp1_core_executor::syscalls::write[0m[2m:[0m └╴2,602,683 cycles
[2m2025-05-28T08:08:55.762395Z[0m [32m INFO[0m [1mexecute[0m[2m:[0m [2msp1_prover[0m[2m:[0m gas: 29733846
[2m2025-05-28T08:08:55.762466Z[0m [32m INFO[0m [2msubblock[0m[2m:[0m Subblock 6 instruction count: 17176642
[2m2025-05-28T08:08:55.792878Z[0m [32m INFO[0m [1mexecute[0m[2m:[0m [2msp1_core_executor::executor[0m[2m:[0m clk = 0 pc = 0x200d04
[2m2025-05-28T08:08:55.792960Z[0m [32m INFO[0m [1mexecute[0m[2m:[0m [2msp1_core_executor::syscalls::write[0m[2m:[0m ┌╴deserialize input
[2m2025-05-28T08:08:55.802736Z[0m [32m INFO[0m [1mexecute[0m[2m:[0m [2msp1_core_executor::syscalls::write[0m[2m:[0m └╴219,520 cycles
[2m2025-05-28T08:08:55.802760Z[0m [32m INFO[0m [1mexecute[0m[2m:[0m [2msp1_core_executor::syscalls::write[0m[2m:[0m ┌╴commit input
[2m2025-05-28T08:08:55.862157Z[0m [32m INFO[0m [1mexecute[0m[2m:[0m [2msp1_core_executor::syscalls::write[0m[2m:[0m └╴768,377 cycles
[2m2025-05-28T08:08:55.862188Z[0m [32m INFO[0m [1mexecute[0m[2m:[0m [2msp1_core_executor::syscalls::write[0m[2m:[0m ┌╴deserialize parent state
[2m2025-05-28T08:08:56.271216Z[0m [32m INFO[0m [1mexecute[0m[2m:[0m [2msp1_core_executor::executor[0m[2m:[0m clk = 10000000 pc = 0x3529ec
[2m2025-05-28T08:08:56.413307Z[0m [32m INFO[0m [1mexecute[0m[2m:[0m [2msp1_core_executor::syscalls::write[0m[2m:[0m └╴11,919,369 cycles
[2m2025-05-28T08:08:56.413341Z[0m [32m INFO[0m [1mexecute[0m[2m:[0m [2msp1_core_executor::syscalls::write[0m[2m:[0m ┌╴execute subblock
[2m2025-05-28T08:08:56.413397Z[0m [32m INFO[0m [1mexecute[0m[2m:[0m [2msp1_core_executor::syscalls::write[0m[2m:[0m │ ┌╴compute input state root
[2m2025-05-28T08:08:56.507482Z[0m [32m INFO[0m [1mexecute[0m[2m:[0m [2msp1_core_executor::syscalls::write[0m[2m:[0m │ └╴1,313,849 cycles
[2m2025-05-28T08:08:56.507512Z[0m [32m INFO[0m [1mexecute[0m[2m:[0m [2msp1_core_executor::syscalls::write[0m[2m:[0m │ ┌╴construct trie db
[2m2025-05-28T08:08:56.553921Z[0m [32m INFO[0m [1mexecute[0m[2m:[0m [2msp1_core_executor::syscalls::write[0m[2m:[0m │ └╴405,717 cycles
[2m2025-05-28T08:08:56.553950Z[0m [32m INFO[0m [1mexecute[0m[2m:[0m [2msp1_core_executor::syscalls::write[0m[2m:[0m │ ┌╴recover senders
[2m2025-05-28T08:08:57.198353Z[0m [32m INFO[0m [1mexecute[0m[2m:[0m [2msp1_core_executor::syscalls::write[0m[2m:[0m │ └╴310,114 cycles
[2m2025-05-28T08:08:57.198430Z[0m [32m INFO[0m [1mexecute[0m[2m:[0m [2msp1_core_executor::syscalls::write[0m[2m:[0m │ ┌╴execute
[2m2025-05-28T08:08:57.418183Z[0m [32m INFO[0m [1mexecute[0m[2m:[0m [2msp1_core_executor::executor[0m[2m:[0m clk = 20000000 pc = 0x200a30
[2m2025-05-28T08:08:57.508262Z[0m [32m INFO[0m [1mexecute[0m[2m:[0m [2msp1_core_executor::syscalls::write[0m[2m:[0m │ └╴7,338,338 cycles
[2m2025-05-28T08:08:57.508895Z[0m [32m INFO[0m [1mexecute[0m[2m:[0m [2msp1_core_executor::syscalls::write[0m[2m:[0m │ ┌╴accrue logs bloom
[2m2025-05-28T08:08:57.515141Z[0m [32m INFO[0m [1mexecute[0m[2m:[0m [2msp1_core_executor::syscalls::write[0m[2m:[0m │ └╴113,688 cycles
[2m2025-05-28T08:08:57.515166Z[0m [32m INFO[0m [1mexecute[0m[2m:[0m [2msp1_core_executor::syscalls::write[0m[2m:[0m │ ┌╴finalize output
[2m2025-05-28T08:08:57.729157Z[0m [32m INFO[0m [1mexecute[0m[2m:[0m [2msp1_core_executor::syscalls::write[0m[2m:[0m │ └╴3,360,194 cycles
[2m2025-05-28T08:08:57.729287Z[0m [32m INFO[0m [1mexecute[0m[2m:[0m [2msp1_core_executor::syscalls::write[0m[2m:[0m └╴12,858,932 cycles
[2m2025-05-28T08:08:57.775149Z[0m [32m INFO[0m [1mexecute[0m[2m:[0m [2msp1_prover[0m[2m:[0m gas: 43807153
[2m2025-05-28T08:08:57.775226Z[0m [32m INFO[0m [2msubblock[0m[2m:[0m Subblock 7 instruction count: 26267366
[2m2025-05-28T08:08:57.806554Z[0m [32m INFO[0m [1mexecute[0m[2m:[0m [2msp1_core_executor::executor[0m[2m:[0m clk = 0 pc = 0x200d04
[2m2025-05-28T08:08:57.806636Z[0m [32m INFO[0m [1mexecute[0m[2m:[0m [2msp1_core_executor::syscalls::write[0m[2m:[0m ┌╴deserialize input
[2m2025-05-28T08:08:57.817424Z[0m [32m INFO[0m [1mexecute[0m[2m:[0m [2msp1_core_executor::syscalls::write[0m[2m:[0m └╴185,369 cycles
[2m2025-05-28T08:08:57.817460Z[0m [32m INFO[0m [1mexecute[0m[2m:[0m [2msp1_core_executor::syscalls::write[0m[2m:[0m ┌╴commit input
[2m2025-05-28T08:08:57.902619Z[0m [32m INFO[0m [1mexecute[0m[2m:[0m [2msp1_core_executor::syscalls::write[0m[2m:[0m └╴1,091,393 cycles
[2m2025-05-28T08:08:57.902654Z[0m [32m INFO[0m [1mexecute[0m[2m:[0m [2msp1_core_executor::syscalls::write[0m[2m:[0m ┌╴deserialize parent state
[2m2025-05-28T08:08:58.319040Z[0m [32m INFO[0m [1mexecute[0m[2m:[0m [2msp1_core_executor::executor[0m[2m:[0m clk = 10000000 pc = 0x308528
[2m2025-05-28T08:08:58.517087Z[0m [32m INFO[0m [1mexecute[0m[2m:[0m [2msp1_core_executor::syscalls::write[0m[2m:[0m └╴12,755,579 cycles
[2m2025-05-28T08:08:58.517127Z[0m [32m INFO[0m [1mexecute[0m[2m:[0m [2msp1_core_executor::syscalls::write[0m[2m:[0m ┌╴execute subblock
[2m2025-05-28T08:08:58.517190Z[0m [32m INFO[0m [1mexecute[0m[2m:[0m [2msp1_core_executor::syscalls::write[0m[2m:[0m │ ┌╴compute input state root
[2m2025-05-28T08:08:58.644932Z[0m [32m INFO[0m [1mexecute[0m[2m:[0m [2msp1_core_executor::syscalls::write[0m[2m:[0m │ └╴1,709,645 cycles
[2m2025-05-28T08:08:58.644961Z[0m [32m INFO[0m [1mexecute[0m[2m:[0m [2msp1_core_executor::syscalls::write[0m[2m:[0m │ ┌╴construct trie db
[2m2025-05-28T08:08:58.690012Z[0m [32m INFO[0m [1mexecute[0m[2m:[0m [2msp1_core_executor::syscalls::write[0m[2m:[0m │ └╴577,743 cycles
[2m2025-05-28T08:08:58.690039Z[0m [32m INFO[0m [1mexecute[0m[2m:[0m [2msp1_core_executor::syscalls::write[0m[2m:[0m │ ┌╴recover senders
[2m2025-05-28T08:08:59.720664Z[0m [32m INFO[0m [1mexecute[0m[2m:[0m [2msp1_core_executor::syscalls::write[0m[2m:[0m │ └╴549,507 cycles
[2m2025-05-28T08:08:59.720746Z[0m [32m INFO[0m [1mexecute[0m[2m:[0m [2msp1_core_executor::syscalls::write[0m[2m:[0m │ ┌╴execute
[2m2025-05-28T08:08:59.862227Z[0m [32m INFO[0m [1mexecute[0m[2m:[0m [2msp1_core_executor::executor[0m[2m:[0m clk = 20000000 pc = 0x2eed6c
[2m2025-05-28T08:09:00.053342Z[0m [32m INFO[0m [1mexecute[0m[2m:[0m [2msp1_core_executor::syscalls::write[0m[2m:[0m │ └╴7,856,049 cycles
[2m2025-05-28T08:09:00.053861Z[0m [32m INFO[0m [1mexecute[0m[2m:[0m [2msp1_core_executor::syscalls::write[0m[2m:[0m │ ┌╴accrue logs bloom
[2m2025-05-28T08:09:00.060366Z[0m [32m INFO[0m [1mexecute[0m[2m:[0m [2msp1_core_executor::syscalls::write[0m[2m:[0m │ └╴113,767 cycles
[2m2025-05-28T08:09:00.060390Z[0m [32m INFO[0m [1mexecute[0m[2m:[0m [2msp1_core_executor::syscalls::write[0m[2m:[0m │ ┌╴finalize output
[2m2025-05-28T08:09:00.219033Z[0m [32m INFO[0m [1mexecute[0m[2m:[0m [2msp1_core_executor::syscalls::write[0m[2m:[0m │ └╴2,528,298 cycles
[2m2025-05-28T08:09:00.219189Z[0m [32m INFO[0m [1mexecute[0m[2m:[0m [2msp1_core_executor::syscalls::write[0m[2m:[0m └╴13,349,882 cycles
[2m2025-05-28T08:09:00.262500Z[0m [32m INFO[0m [1mexecute[0m[2m:[0m [2msp1_prover[0m[2m:[0m gas: 46981256
[2m2025-05-28T08:09:00.262577Z[0m [32m INFO[0m [2msubblock[0m[2m:[0m Subblock 8 instruction count: 27903385
[2m2025-05-28T08:09:00.295155Z[0m [32m INFO[0m [1mexecute[0m[2m:[0m [2msp1_core_executor::executor[0m[2m:[0m clk = 0 pc = 0x200d04
[2m2025-05-28T08:09:00.295235Z[0m [32m INFO[0m [1mexecute[0m[2m:[0m [2msp1_core_executor::syscalls::write[0m[2m:[0m ┌╴deserialize input
[2m2025-05-28T08:09:00.306100Z[0m [32m INFO[0m [1mexecute[0m[2m:[0m [2msp1_core_executor::syscalls::write[0m[2m:[0m └╴185,053 cycles
[2m2025-05-28T08:09:00.306125Z[0m [32m INFO[0m [1mexecute[0m[2m:[0m [2msp1_core_executor::syscalls::write[0m[2m:[0m ┌╴commit input
[2m2025-05-28T08:09:00.396266Z[0m [32m INFO[0m [1mexecute[0m[2m:[0m [2msp1_core_executor::syscalls::write[0m[2m:[0m └╴1,159,742 cycles
[2m2025-05-28T08:09:00.396293Z[0m [32m INFO[0m [1mexecute[0m[2m:[0m [2msp1_core_executor::syscalls::write[0m[2m:[0m ┌╴deserialize parent state
[2m2025-05-28T08:09:00.787581Z[0m [32m INFO[0m [1mexecute[0m[2m:[0m [2msp1_core_executor::executor[0m[2m:[0m clk = 10000000 pc = 0x200a34
[2m2025-05-28T08:09:00.979550Z[0m [32m INFO[0m [1mexecute[0m[2m:[0m [2msp1_core_executor::syscalls::write[0m[2m:[0m └╴12,565,247 cycles
[2m2025-05-28T08:09:00.979583Z[0m [32m INFO[0m [1mexecute[0m[2m:[0m [2msp1_core_executor::syscalls::write[0m[2m:[0m ┌╴execute subblock
[2m2025-05-28T08:09:00.979637Z[0m [32m INFO[0m [1mexecute[0m[2m:[0m [2msp1_core_executor::syscalls::write[0m[2m:[0m │ ┌╴compute input state root
[2m2025-05-28T08:09:01.062359Z[0m [32m INFO[0m [1mexecute[0m[2m:[0m [2msp1_core_executor::syscalls::write[0m[2m:[0m │ └╴1,439,125 cycles
[2m2025-05-28T08:09:01.062388Z[0m [32m INFO[0m [1mexecute[0m[2m:[0m [2msp1_core_executor::syscalls::write[0m[2m:[0m │ ┌╴construct trie db
[2m2025-05-28T08:09:01.173511Z[0m [32m INFO[0m [1mexecute[0m[2m:[0m [2msp1_core_executor::syscalls::write[0m[2m:[0m │ └╴627,108 cycles
[2m2025-05-28T08:09:01.173551Z[0m [32m INFO[0m [1mexecute[0m[2m:[0m [2msp1_core_executor::syscalls::write[0m[2m:[0m │ ┌╴recover senders
[2m2025-05-28T08:09:01.723749Z[0m [32m INFO[0m [1mexecute[0m[2m:[0m [2msp1_core_executor::syscalls::write[0m[2m:[0m │ └╴348,875 cycles
[2m2025-05-28T08:09:01.723815Z[0m [32m INFO[0m [1mexecute[0m[2m:[0m [2msp1_core_executor::syscalls::write[0m[2m:[0m │ ┌╴execute
[2m2025-05-28T08:09:01.870540Z[0m [32m INFO[0m [1mexecute[0m[2m:[0m [2msp1_core_executor::executor[0m[2m:[0m clk = 20000000 pc = 0x200928
[2m2025-05-28T08:09:01.872609Z[0m [32m INFO[0m [1mexecute[0m[2m:[0m [2msp1_core_executor::syscalls::write[0m[2m:[0m │ │ ┌╴precompile-ecrecover
[2m2025-05-28T08:09:01.953772Z[0m [32m INFO[0m [1mexecute[0m[2m:[0m [2msp1_core_executor::syscalls::write[0m[2m:[0m │ │ └╴38,510 cycles
[2m2025-05-28T08:09:02.135563Z[0m [32m INFO[0m [1mexecute[0m[2m:[0m [2msp1_core_executor::syscalls::write[0m[2m:[0m │ └╴8,156,205 cycles
[2m2025-05-28T08:09:02.136056Z[0m [32m INFO[0m [1mexecute[0m[2m:[0m [2msp1_core_executor::syscalls::write[0m[2m:[0m │ ┌╴accrue logs bloom
[2m2025-05-28T08:09:02.140367Z[0m [32m INFO[0m [1mexecute[0m[2m:[0m [2msp1_core_executor::syscalls::write[0m[2m:[0m │ └╴90,063 cycles
[2m2025-05-28T08:09:02.140392Z[0m [32m INFO[0m [1mexecute[0m[2m:[0m [2msp1_core_executor::syscalls::write[0m[2m:[0m │ ┌╴finalize output
[2m2025-05-28T08:09:02.284687Z[0m [32m INFO[0m [1mexecute[0m[2m:[0m [2msp1_core_executor::syscalls::write[0m[2m:[0m │ └╴2,347,317 cycles
[2m2025-05-28T08:09:02.284820Z[0m [32m INFO[0m [1mexecute[0m[2m:[0m [2msp1_core_executor::syscalls::write[0m[2m:[0m └╴13,023,011 cycles
[2m2025-05-28T08:09:02.323231Z[0m [32m INFO[0m [1mexecute[0m[2m:[0m [2msp1_prover[0m[2m:[0m gas: 46659788
[2m2025-05-28T08:09:02.323311Z[0m [32m INFO[0m [2msubblock[0m[2m:[0m Subblock 9 instruction count: 27445088
[2m2025-05-28T08:09:02.355838Z[0m [32m INFO[0m [1mexecute[0m[2m:[0m [2msp1_core_executor::executor[0m[2m:[0m clk = 0 pc = 0x200d04
[2m2025-05-28T08:09:02.355919Z[0m [32m INFO[0m [1mexecute[0m[2m:[0m [2msp1_core_executor::syscalls::write[0m[2m:[0m ┌╴deserialize input
[2m2025-05-28T08:09:02.370877Z[0m [32m INFO[0m [1mexecute[0m[2m:[0m [2msp1_core_executor::syscalls::write[0m[2m:[0m └╴324,983 cycles
[2m2025-05-28T08:09:02.370914Z[0m [32m INFO[0m [1mexecute[0m[2m:[0m [2msp1_core_executor::syscalls::write[0m[2m:[0m ┌╴commit input
[2m2025-05-28T08:09:02.461786Z[0m [32m INFO[0m [1mexecute[0m[2m:[0m [2msp1_core_executor::syscalls::write[0m[2m:[0m └╴1,168,352 cycles
[2m2025-05-28T08:09:02.461813Z[0m [32m INFO[0m [1mexecute[0m[2m:[0m [2msp1_core_executor::syscalls::write[0m[2m:[0m ┌╴deserialize parent state
[2m2025-05-28T08:09:02.847506Z[0m [32m INFO[0m [1mexecute[0m[2m:[0m [2msp1_core_executor::executor[0m[2m:[0m clk = 10000000 pc = 0x200a28
[2m2025-05-28T08:09:03.041955Z[0m [32m INFO[0m [1mexecute[0m[2m:[0m [2msp1_core_executor::syscalls::write[0m[2m:[0m └╴12,484,086 cycles
[2m2025-05-28T08:09:03.041992Z[0m [32m INFO[0m [1mexecute[0m[2m:[0m [2msp1_core_executor::syscalls::write[0m[2m:[0m ┌╴execute subblock
[2m2025-05-28T08:09:03.042057Z[0m [32m INFO[0m [1mexecute[0m[2m:[0m [2msp1_core_executor::syscalls::write[0m[2m:[0m │ ┌╴compute input state root
[2m2025-05-28T08:09:03.126054Z[0m [32m INFO[0m [1mexecute[0m[2m:[0m [2msp1_core_executor::syscalls::write[0m[2m:[0m │ └╴1,433,912 cycles
[2m2025-05-28T08:09:03.126084Z[0m [32m INFO[0m [1mexecute[0m[2m:[0m [2msp1_core_executor::syscalls::write[0m[2m:[0m │ ┌╴construct trie db
[2m2025-05-28T08:09:03.231385Z[0m [32m INFO[0m [1mexecute[0m[2m:[0m [2msp1_core_executor::syscalls::write[0m[2m:[0m │ └╴633,642 cycles
[2m2025-05-28T08:09:03.231424Z[0m [32m INFO[0m [1mexecute[0m[2m:[0m [2msp1_core_executor::syscalls::write[0m[2m:[0m │ ┌╴recover senders
[2m2025-05-28T08:09:03.849056Z[0m [32m INFO[0m [1mexecute[0m[2m:[0m [2msp1_core_executor::syscalls::write[0m[2m:[0m │ └╴343,895 cycles
[2m2025-05-28T08:09:03.849122Z[0m [32m INFO[0m [1mexecute[0m[2m:[0m [2msp1_core_executor::syscalls::write[0m[2m:[0m │ ┌╴execute
[2m2025-05-28T08:09:03.960297Z[0m [32m INFO[0m [1mexecute[0m[2m:[0m [2msp1_core_executor::syscalls::write[0m[2m:[0m │ │ ┌╴precompile-ecrecover
[2m2025-05-28T08:09:04.037474Z[0m [32m INFO[0m [1mexecute[0m[2m:[0m [2msp1_core_executor::syscalls::write[0m[2m:[0m │ │ └╴37,335 cycles
[2m2025-05-28T08:09:04.068755Z[0m [32m INFO[0m [1mexecute[0m[2m:[0m [2msp1_core_executor::executor[0m[2m:[0m clk = 20000000 pc = 0x325918
[2m2025-05-28T08:09:04.097577Z[0m [32m INFO[0m [1mexecute[0m[2m:[0m [2msp1_core_executor::syscalls::write[0m[2m:[0m │ └╴4,257,877 cycles
[2m2025-05-28T08:09:04.097919Z[0m [32m INFO[0m [1mexecute[0m[2m:[0m [2msp1_core_executor::syscalls::write[0m[2m:[0m │ ┌╴accrue logs bloom
[2m2025-05-28T08:09:04.100945Z[0m [32m INFO[0m [1mexecute[0m[2m:[0m [2msp1_core_executor::syscalls::write[0m[2m:[0m │ └╴60,486 cycles
[2m2025-05-28T08:09:04.100970Z[0m [32m INFO[0m [1mexecute[0m[2m:[0m [2msp1_core_executor::syscalls::write[0m[2m:[0m │ ┌╴finalize output
[2m2025-05-28T08:09:04.237553Z[0m [32m INFO[0m [1mexecute[0m[2m:[0m [2msp1_core_executor::syscalls::write[0m[2m:[0m │ └╴2,258,362 cycles
[2m2025-05-28T08:09:04.237687Z[0m [32m INFO[0m [1mexecute[0m[2m:[0m [2msp1_core_executor::syscalls::write[0m[2m:[0m └╴8,998,607 cycles
[2m2025-05-28T08:09:04.272032Z[0m [32m INFO[0m [1mexecute[0m[2m:[0m [2msp1_prover[0m[2m:[0m gas: 42318570
[2m2025-05-28T08:09:04.272106Z[0m [32m INFO[0m [2msubblock[0m[2m:[0m Subblock 10 instruction count: 23457397
[2m2025-05-28T08:09:04.304680Z[0m [32m INFO[0m [1mexecute[0m[2m:[0m [2msp1_core_executor::executor[0m[2m:[0m clk = 0 pc = 0x200d04
[2m2025-05-28T08:09:04.304766Z[0m [32m INFO[0m [1mexecute[0m[2m:[0m [2msp1_core_executor::syscalls::write[0m[2m:[0m ┌╴deserialize input
[2m2025-05-28T08:09:04.312183Z[0m [32m INFO[0m [1mexecute[0m[2m:[0m [2msp1_core_executor::syscalls::write[0m[2m:[0m └╴163,269 cycles
[2m2025-05-28T08:09:04.312219Z[0m [32m INFO[0m [1mexecute[0m[2m:[0m [2msp1_core_executor::syscalls::write[0m[2m:[0m ┌╴commit input
[2m2025-05-28T08:09:04.357050Z[0m [32m INFO[0m [1mexecute[0m[2m:[0m [2msp1_core_executor::syscalls::write[0m[2m:[0m └╴565,347 cycles
[2m2025-05-28T08:09:04.357080Z[0m [32m INFO[0m [1mexecute[0m[2m:[0m [2msp1_core_executor::syscalls::write[0m[2m:[0m ┌╴deserialize parent state
[2m2025-05-28T08:09:04.797040Z[0m [32m INFO[0m [1mexecute[0m[2m:[0m [2msp1_core_executor::executor[0m[2m:[0m clk = 10000000 pc = 0x200a40
[2m2025-05-28T08:09:04.965625Z[0m [32m INFO[0m [1mexecute[0m[2m:[0m [2msp1_core_executor::syscalls::write[0m[2m:[0m └╴12,692,307 cycles
[2m2025-05-28T08:09:04.965661Z[0m [32m INFO[0m [1mexecute[0m[2m:[0m [2msp1_core_executor::syscalls::write[0m[2m:[0m ┌╴execute subblock
[2m2025-05-28T08:09:04.965713Z[0m [32m INFO[0m [1mexecute[0m[2m:[0m [2msp1_core_executor::syscalls::write[0m[2m:[0m │ ┌╴compute input state root
[2m2025-05-28T08:09:05.050280Z[0m [32m INFO[0m [1mexecute[0m[2m:[0m [2msp1_core_executor::syscalls::write[0m[2m:[0m │ └╴953,470 cycles
[2m2025-05-28T08:09:05.050315Z[0m [32m INFO[0m [1mexecute[0m[2m:[0m [2msp1_core_executor::syscalls::write[0m[2m:[0m │ ┌╴construct trie db
[2m2025-05-28T08:09:05.086485Z[0m [32m INFO[0m [1mexecute[0m[2m:[0m [2msp1_core_executor::syscalls::write[0m[2m:[0m │ └╴293,468 cycles
[2m2025-05-28T08:09:05.086513Z[0m [32m INFO[0m [1mexecute[0m[2m:[0m [2msp1_core_executor::syscalls::write[0m[2m:[0m │ ┌╴recover senders
[2m2025-05-28T08:09:05.365390Z[0m [32m INFO[0m [1mexecute[0m[2m:[0m [2msp1_core_executor::syscalls::write[0m[2m:[0m │ └╴185,183 cycles
[2m2025-05-28T08:09:05.365463Z[0m [32m INFO[0m [1mexecute[0m[2m:[0m [2msp1_core_executor::syscalls::write[0m[2m:[0m │ ┌╴execute
[2m2025-05-28T08:09:05.448296Z[0m [32m INFO[0m [1mexecute[0m[2m:[0m [2msp1_core_executor::syscalls::write[0m[2m:[0m │ │ ┌╴precompile-ecrecover
[2m2025-05-28T08:09:05.519817Z[0m [32m INFO[0m [1mexecute[0m[2m:[0m [2msp1_core_executor::syscalls::write[0m[2m:[0m │ │ └╴37,504 cycles
[2m2025-05-28T08:09:05.613967Z[0m [32m INFO[0m [1mexecute[0m[2m:[0m [2msp1_core_executor::syscalls::write[0m[2m:[0m │ │ ┌╴precompile-ecrecover
[2m2025-05-28T08:09:05.686048Z[0m [32m INFO[0m [1mexecute[0m[2m:[0m [2msp1_core_executor::syscalls::write[0m[2m:[0m │ │ └╴37,020 cycles
[2m2025-05-28T08:09:05.709412Z[0m [32m INFO[0m [1mexecute[0m[2m:[0m [2msp1_core_executor::executor[0m[2m:[0m clk = 20000000 pc = 0x292c48
[2m2025-05-28T08:09:05.804094Z[0m [32m INFO[0m [1mexecute[0m[2m:[0m [2msp1_core_executor::syscalls::write[0m[2m:[0m │ └╴7,480,447 cycles
[2m2025-05-28T08:09:05.804619Z[0m [32m INFO[0m [1mexecute[0m[2m:[0m [2msp1_core_executor::syscalls::write[0m[2m:[0m │ ┌╴accrue logs bloom
[2m2025-05-28T08:09:05.809669Z[0m [32m INFO[0m [1mexecute[0m[2m:[0m [2msp1_core_executor::syscalls::write[0m[2m:[0m │ └╴86,536 cycles
[2m2025-05-28T08:09:05.809694Z[0m [32m INFO[0m [1mexecute[0m[2m:[0m [2msp1_core_executor::syscalls::write[0m[2m:[0m │ ┌╴finalize output
[2m2025-05-28T08:09:05.942091Z[0m [32m INFO[0m [1mexecute[0m[2m:[0m [2msp1_core_executor::syscalls::write[0m[2m:[0m │ └╴2,167,325 cycles
[2m2025-05-28T08:09:05.942205Z[0m [32m INFO[0m [1mexecute[0m[2m:[0m [2msp1_core_executor::syscalls::write[0m[2m:[0m └╴11,181,091 cycles
[2m2025-05-28T08:09:05.985367Z[0m [32m INFO[0m [1mexecute[0m[2m:[0m [2msp1_prover[0m[2m:[0m gas: 41045377
[2m2025-05-28T08:09:05.985433Z[0m [32m INFO[0m [2msubblock[0m[2m:[0m Subblock 11 instruction count: 25113582
[2m2025-05-28T08:09:06.018215Z[0m [32m INFO[0m [1mexecute[0m[2m:[0m [2msp1_core_executor::executor[0m[2m:[0m clk = 0 pc = 0x200d04
[2m2025-05-28T08:09:06.018313Z[0m [32m INFO[0m [1mexecute[0m[2m:[0m [2msp1_core_executor::syscalls::write[0m[2m:[0m ┌╴deserialize input
[2m2025-05-28T08:09:06.028788Z[0m [32m INFO[0m [1mexecute[0m[2m:[0m [2msp1_core_executor::syscalls::write[0m[2m:[0m └╴229,272 cycles
[2m2025-05-28T08:09:06.028812Z[0m [32m INFO[0m [1mexecute[0m[2m:[0m [2msp1_core_executor::syscalls::write[0m[2m:[0m ┌╴commit input
[2m2025-05-28T08:09:06.089908Z[0m [32m INFO[0m [1mexecute[0m[2m:[0m [2msp1_core_executor::syscalls::write[0m[2m:[0m └╴801,845 cycles
[2m2025-05-28T08:09:06.089941Z[0m [32m INFO[0m [1mexecute[0m[2m:[0m [2msp1_core_executor::syscalls::write[0m[2m:[0m ┌╴deserialize parent state
[2m2025-05-28T08:09:06.496048Z[0m [32m INFO[0m [1mexecute[0m[2m:[0m [2msp1_core_executor::executor[0m[2m:[0m clk = 10000000 pc = 0x352a48
[2m2025-05-28T08:09:06.695507Z[0m [32m INFO[0m [1mexecute[0m[2m:[0m [2msp1_core_executor::syscalls::write[0m[2m:[0m └╴13,048,373 cycles
[2m2025-05-28T08:09:06.695541Z[0m [32m INFO[0m [1mexecute[0m[2m:[0m [2msp1_core_executor::syscalls::write[0m[2m:[0m ┌╴execute subblock
[2m2025-05-28T08:09:06.695595Z[0m [32m INFO[0m [1mexecute[0m[2m:[0m [2msp1_core_executor::syscalls::write[0m[2m:[0m │ ┌╴compute input state root
[2m2025-05-28T08:09:06.800608Z[0m [32m INFO[0m [1mexecute[0m[2m:[0m [2msp1_core_executor::syscalls::write[0m[2m:[0m │ └╴1,319,213 cycles
[2m2025-05-28T08:09:06.800638Z[0m [32m INFO[0m [1mexecute[0m[2m:[0m [2msp1_core_executor::syscalls::write[0m[2m:[0m │ ┌╴construct trie db
[2m2025-05-28T08:09:06.840506Z[0m [32m INFO[0m [1mexecute[0m[2m:[0m [2msp1_core_executor::syscalls::write[0m[2m:[0m │ └╴417,308 cycles
[2m2025-05-28T08:09:06.840535Z[0m [32m INFO[0m [1mexecute[0m[2m:[0m [2msp1_core_executor::syscalls::write[0m[2m:[0m │ ┌╴recover senders
[2m2025-05-28T08:09:07.416163Z[0m [32m INFO[0m [1mexecute[0m[2m:[0m [2msp1_core_executor::syscalls::write[0m[2m:[0m │ └╴351,567 cycles
[2m2025-05-28T08:09:07.416231Z[0m [32m INFO[0m [1mexecute[0m[2m:[0m [2msp1_core_executor::syscalls::write[0m[2m:[0m │ ┌╴execute
[2m2025-05-28T08:09:07.433765Z[0m [32m INFO[0m [1mexecute[0m[2m:[0m [2msp1_core_executor::syscalls::write[0m[2m:[0m │ │ ┌╴precompile-ecrecover
[2m2025-05-28T08:09:07.509235Z[0m [32m INFO[0m [1mexecute[0m[2m:[0m [2msp1_core_executor::syscalls::write[0m[2m:[0m │ │ └╴37,711 cycles
[2m2025-05-28T08:09:07.594232Z[0m [32m INFO[0m [1mexecute[0m[2m:[0m [2msp1_core_executor::syscalls::write[0m[2m:[0m │ │ ┌╴precompile-ecrecover
[2m2025-05-28T08:09:07.672467Z[0m [32m INFO[0m [1mexecute[0m[2m:[0m [2msp1_core_executor::syscalls::write[0m[2m:[0m │ │ └╴38,237 cycles
[2m2025-05-28T08:09:07.731148Z[0m [32m INFO[0m [1mexecute[0m[2m:[0m [2msp1_core_executor::executor[0m[2m:[0m clk = 20000000 pc = 0x32b0a4
[2m2025-05-28T08:09:07.945638Z[0m [32m INFO[0m [1mexecute[0m[2m:[0m [2msp1_core_executor::syscalls::write[0m[2m:[0m │ └╴9,185,595 cycles
[2m2025-05-28T08:09:07.946301Z[0m [32m INFO[0m [1mexecute[0m[2m:[0m [2msp1_core_executor::syscalls::write[0m[2m:[0m │ ┌╴accrue logs bloom
[2m2025-05-28T08:09:07.953731Z[0m [32m INFO[0m [1mexecute[0m[2m:[0m [2msp1_core_executor::syscalls::write[0m[2m:[0m │ └╴118,726 cycles
[2m2025-05-28T08:09:07.953756Z[0m [32m INFO[0m [1mexecute[0m[2m:[0m [2msp1_core_executor::syscalls::write[0m[2m:[0m │ ┌╴finalize output
[2m2025-05-28T08:09:08.070097Z[0m [32m INFO[0m [1mexecute[0m[2m:[0m [2msp1_core_executor::syscalls::write[0m[2m:[0m │ └╴1,879,647 cycles
[2m2025-05-28T08:09:08.070229Z[0m [32m INFO[0m [1mexecute[0m[2m:[0m [2msp1_core_executor::syscalls::write[0m[2m:[0m └╴13,289,872 cycles
[2m2025-05-28T08:09:08.117349Z[0m [32m INFO[0m [1mexecute[0m[2m:[0m [2msp1_prover[0m[2m:[0m gas: 46488813
[2m2025-05-28T08:09:08.117436Z[0m [32m INFO[0m [2msubblock[0m[2m:[0m Subblock 12 instruction count: 27917054
[2m2025-05-28T08:09:08.150046Z[0m [32m INFO[0m [1mexecute[0m[2m:[0m [2msp1_core_executor::executor[0m[2m:[0m clk = 0 pc = 0x200d04
[2m2025-05-28T08:09:08.150128Z[0m [32m INFO[0m [1mexecute[0m[2m:[0m [2msp1_core_executor::syscalls::write[0m[2m:[0m ┌╴deserialize input
[2m2025-05-28T08:09:08.158708Z[0m [32m INFO[0m [1mexecute[0m[2m:[0m [2msp1_core_executor::syscalls::write[0m[2m:[0m └╴190,289 cycles
[2m2025-05-28T08:09:08.158732Z[0m [32m INFO[0m [1mexecute[0m[2m:[0m [2msp1_core_executor::syscalls::write[0m[2m:[0m ┌╴commit input
[2m2025-05-28T08:09:08.211338Z[0m [32m INFO[0m [1mexecute[0m[2m:[0m [2msp1_core_executor::syscalls::write[0m[2m:[0m └╴666,707 cycles
[2m2025-05-28T08:09:08.211367Z[0m [32m INFO[0m [1mexecute[0m[2m:[0m [2msp1_core_executor::syscalls::write[0m[2m:[0m ┌╴deserialize parent state
[2m2025-05-28T08:09:08.629915Z[0m [32m INFO[0m [1mexecute[0m[2m:[0m [2msp1_core_executor::executor[0m[2m:[0m clk = 10000000 pc = 0x200a08
[2m2025-05-28T08:09:08.759529Z[0m [32m INFO[0m [1mexecute[0m[2m:[0m [2msp1_core_executor::syscalls::write[0m[2m:[0m └╴11,789,984 cycles
[2m2025-05-28T08:09:08.759558Z[0m [32m INFO[0m [1mexecute[0m[2m:[0m [2msp1_core_executor::syscalls::write[0m[2m:[0m ┌╴execute subblock
[2m2025-05-28T08:09:08.759612Z[0m [32m INFO[0m [1mexecute[0m[2m:[0m [2msp1_core_executor::syscalls::write[0m[2m:[0m │ ┌╴compute input state root
[2m2025-05-28T08:09:08.847712Z[0m [32m INFO[0m [1mexecute[0m[2m:[0m [2msp1_core_executor::syscalls::write[0m[2m:[0m │ └╴1,091,568 cycles
[2m2025-05-28T08:09:08.847742Z[0m [32m INFO[0m [1mexecute[0m[2m:[0m [2msp1_core_executor::syscalls::write[0m[2m:[0m │ ┌╴construct trie db
[2m2025-05-28T08:09:08.876662Z[0m [32m INFO[0m [1mexecute[0m[2m:[0m [2msp1_core_executor::syscalls::write[0m[2m:[0m │ └╴349,067 cycles
[2m2025-05-28T08:09:08.876689Z[0m [32m INFO[0m [1mexecute[0m[2m:[0m [2msp1_core_executor::syscalls::write[0m[2m:[0m │ ┌╴recover senders
[2m2025-05-28T08:09:09.279595Z[0m [32m INFO[0m [1mexecute[0m[2m:[0m [2msp1_core_executor::syscalls::write[0m[2m:[0m │ └╴226,749 cycles
[2m2025-05-28T08:09:09.279660Z[0m [32m INFO[0m [1mexecute[0m[2m:[0m [2msp1_core_executor::syscalls::write[0m[2m:[0m │ ┌╴execute
[2m2025-05-28T08:09:09.510147Z[0m [32m INFO[0m [1mexecute[0m[2m:[0m [2msp1_core_executor::syscalls::write[0m[2m:[0m │ │ ┌╴precompile-ecrecover
[2m2025-05-28T08:09:09.585499Z[0m [32m INFO[0m [1mexecute[0m[2m:[0m [2msp1_core_executor::syscalls::write[0m[2m:[0m │ │ └╴38,853 cycles
[2m2025-05-28T08:09:09.590364Z[0m [32m INFO[0m [1mexecute[0m[2m:[0m [2msp1_core_executor::executor[0m[2m:[0m clk = 20000000 pc = 0x347f64
[2m2025-05-28T08:09:09.660675Z[0m [32m INFO[0m [1mexecute[0m[2m:[0m [2msp1_core_executor::syscalls::write[0m[2m:[0m │ └╴7,380,681 cycles
[2m2025-05-28T08:09:09.661145Z[0m [32m INFO[0m [1mexecute[0m[2m:[0m [2msp1_core_executor::syscalls::write[0m[2m:[0m │ ┌╴accrue logs bloom
[2m2025-05-28T08:09:09.665217Z[0m [32m INFO[0m [1mexecute[0m[2m:[0m [2msp1_core_executor::syscalls::write[0m[2m:[0m │ └╴83,880 cycles
[2m2025-05-28T08:09:09.665242Z[0m [32m INFO[0m [1mexecute[0m[2m:[0m [2msp1_core_executor::syscalls::write[0m[2m:[0m │ ┌╴finalize output
[2m2025-05-28T08:09:09.808202Z[0m [32m INFO[0m [1mexecute[0m[2m:[0m [2msp1_core_executor::syscalls::write[0m[2m:[0m │ └╴2,263,265 cycles
[2m2025-05-28T08:09:09.808314Z[0m [32m INFO[0m [1mexecute[0m[2m:[0m [2msp1_core_executor::syscalls::write[0m[2m:[0m └╴11,408,912 cycles
[2m2025-05-28T08:09:09.842197Z[0m [32m INFO[0m [1mexecute[0m[2m:[0m [2msp1_prover[0m[2m:[0m gas: 40652148
[2m2025-05-28T08:09:09.842278Z[0m [32m INFO[0m [2msubblock[0m[2m:[0m Subblock 13 instruction count: 24533653
[2m2025-05-28T08:09:09.875623Z[0m [32m INFO[0m [1mexecute[0m[2m:[0m [2msp1_core_executor::executor[0m[2m:[0m clk = 0 pc = 0x200d04
[2m2025-05-28T08:09:09.875713Z[0m [32m INFO[0m [1mexecute[0m[2m:[0m [2msp1_core_executor::syscalls::write[0m[2m:[0m ┌╴deserialize input
[2m2025-05-28T08:09:09.886578Z[0m [32m INFO[0m [1mexecute[0m[2m:[0m [2msp1_core_executor::syscalls::write[0m[2m:[0m └╴245,588 cycles
[2m2025-05-28T08:09:09.886601Z[0m [32m INFO[0m [1mexecute[0m[2m:[0m [2msp1_core_executor::syscalls::write[0m[2m:[0m ┌╴commit input
[2m2025-05-28T08:09:09.951345Z[0m [32m INFO[0m [1mexecute[0m[2m:[0m [2msp1_core_executor::syscalls::write[0m[2m:[0m └╴853,213 cycles
[2m2025-05-28T08:09:09.951372Z[0m [32m INFO[0m [1mexecute[0m[2m:[0m [2msp1_core_executor::syscalls::write[0m[2m:[0m ┌╴deserialize parent state
[2m2025-05-28T08:09:10.363825Z[0m [32m INFO[0m [1mexecute[0m[2m:[0m [2msp1_core_executor::executor[0m[2m:[0m clk = 10000000 pc = 0x200a44
[2m2025-05-28T08:09:10.544397Z[0m [32m INFO[0m [1mexecute[0m[2m:[0m [2msp1_core_executor::syscalls::write[0m[2m:[0m └╴12,542,887 cycles
[2m2025-05-28T08:09:10.544430Z[0m [32m INFO[0m [1mexecute[0m[2m:[0m [2msp1_core_executor::syscalls::write[0m[2m:[0m ┌╴execute subblock
[2m2025-05-28T08:09:10.544495Z[0m [32m INFO[0m [1mexecute[0m[2m:[0m [2msp1_core_executor::syscalls::write[0m[2m:[0m │ ┌╴compute input state root
[2m2025-05-28T08:09:10.628911Z[0m [32m INFO[0m [1mexecute[0m[2m:[0m [2msp1_core_executor::syscalls::write[0m[2m:[0m │ └╴1,290,758 cycles
[2m2025-05-28T08:09:10.628938Z[0m [32m INFO[0m [1mexecute[0m[2m:[0m [2msp1_core_executor::syscalls::write[0m[2m:[0m │ ┌╴construct trie db
[2m2025-05-28T08:09:10.714343Z[0m [32m INFO[0m [1mexecute[0m[2m:[0m [2msp1_core_executor::syscalls::write[0m[2m:[0m │ └╴438,199 cycles
[2m2025-05-28T08:09:10.714382Z[0m [32m INFO[0m [1mexecute[0m[2m:[0m [2msp1_core_executor::syscalls::write[0m[2m:[0m │ ┌╴recover senders
[2m2025-05-28T08:09:11.614439Z[0m [32m INFO[0m [1mexecute[0m[2m:[0m [2msp1_core_executor::syscalls::write[0m[2m:[0m │ └╴468,767 cycles
[2m2025-05-28T08:09:11.614524Z[0m [32m INFO[0m [1mexecute[0m[2m:[0m [2msp1_core_executor::syscalls::write[0m[2m:[0m │ ┌╴execute
[2m2025-05-28T08:09:11.782569Z[0m [32m INFO[0m [1mexecute[0m[2m:[0m [2msp1_core_executor::executor[0m[2m:[0m clk = 20000000 pc = 0x325920
[2m2025-05-28T08:09:11.855395Z[0m [32m INFO[0m [1mexecute[0m[2m:[0m [2msp1_core_executor::syscalls::write[0m[2m:[0m │ └╴5,965,081 cycles
[2m2025-05-28T08:09:11.855815Z[0m [32m INFO[0m [1mexecute[0m[2m:[0m [2msp1_core_executor::syscalls::write[0m[2m:[0m │ ┌╴accrue logs bloom
[2m2025-05-28T08:09:11.859289Z[0m [32m INFO[0m [1mexecute[0m[2m:[0m [2msp1_core_executor::syscalls::write[0m[2m:[0m │ └╴77,291 cycles
[2m2025-05-28T08:09:11.859314Z[0m [32m INFO[0m [1mexecute[0m[2m:[0m [2msp1_core_executor::syscalls::write[0m[2m:[0m │ ┌╴finalize output
[2m2025-05-28T08:09:11.999244Z[0m [32m INFO[0m [1mexecute[0m[2m:[0m [2msp1_core_executor::syscalls::write[0m[2m:[0m │ └╴2,161,973 cycles
[2m2025-05-28T08:09:11.999373Z[0m [32m INFO[0m [1mexecute[0m[2m:[0m [2msp1_core_executor::syscalls::write[0m[2m:[0m └╴10,414,519 cycles
[2m2025-05-28T08:09:12.032614Z[0m [32m INFO[0m [1mexecute[0m[2m:[0m [2msp1_prover[0m[2m:[0m gas: 43112497
[2m2025-05-28T08:09:12.032681Z[0m [32m INFO[0m [2msubblock[0m[2m:[0m Subblock 14 instruction count: 24549237
[2m2025-05-28T08:09:12.065414Z[0m [32m INFO[0m [1mexecute[0m[2m:[0m [2msp1_core_executor::executor[0m[2m:[0m clk = 0 pc = 0x200d04
[2m2025-05-28T08:09:12.065513Z[0m [32m INFO[0m [1mexecute[0m[2m:[0m [2msp1_core_executor::syscalls::write[0m[2m:[0m ┌╴deserialize input
[2m2025-05-28T08:09:12.073898Z[0m [32m INFO[0m [1mexecute[0m[2m:[0m [2msp1_core_executor::syscalls::write[0m[2m:[0m └╴187,749 cycles
[2m2025-05-28T08:09:12.073923Z[0m [32m INFO[0m [1mexecute[0m[2m:[0m [2msp1_core_executor::syscalls::write[0m[2m:[0m ┌╴commit input
[2m2025-05-28T08:09:12.126614Z[0m [32m INFO[0m [1mexecute[0m[2m:[0m [2msp1_core_executor::syscalls::write[0m[2m:[0m └╴665,146 cycles
[2m2025-05-28T08:09:12.126643Z[0m [32m INFO[0m [1mexecute[0m[2m:[0m [2msp1_core_executor::syscalls::write[0m[2m:[0m ┌╴deserialize parent state
[2m2025-05-28T08:09:12.542394Z[0m [32m INFO[0m [1mexecute[0m[2m:[0m [2msp1_core_executor::executor[0m[2m:[0m clk = 10000000 pc = 0x3086dc
[2m2025-05-28T08:09:12.675428Z[0m [32m INFO[0m [1mexecute[0m[2m:[0m [2msp1_core_executor::syscalls::write[0m[2m:[0m └╴11,860,434 cycles
[2m2025-05-28T08:09:12.675467Z[0m [32m INFO[0m [1mexecute[0m[2m:[0m [2msp1_core_executor::syscalls::write[0m[2m:[0m ┌╴execute subblock
[2m2025-05-28T08:09:12.675525Z[0m [32m INFO[0m [1mexecute[0m[2m:[0m [2msp1_core_executor::syscalls::write[0m[2m:[0m │ ┌╴compute input state root
[2m2025-05-28T08:09:12.747064Z[0m [32m INFO[0m [1mexecute[0m[2m:[0m [2msp1_core_executor::syscalls::write[0m[2m:[0m │ └╴811,734 cycles
[2m2025-05-28T08:09:12.747093Z[0m [32m INFO[0m [1mexecute[0m[2m:[0m [2msp1_core_executor::syscalls::write[0m[2m:[0m │ ┌╴construct trie db
[2m2025-05-28T08:09:12.771968Z[0m [32m INFO[0m [1mexecute[0m[2m:[0m [2msp1_core_executor::syscalls::write[0m[2m:[0m │ └╴360,766 cycles
[2m2025-05-28T08:09:12.771996Z[0m [32m INFO[0m [1mexecute[0m[2m:[0m [2msp1_core_executor::syscalls::write[0m[2m:[0m │ ┌╴recover senders
[2m2025-05-28T08:09:12.998970Z[0m [32m INFO[0m [1mexecute[0m[2m:[0m [2msp1_core_executor::syscalls::write[0m[2m:[0m │ └╴135,955 cycles
[2m2025-05-28T08:09:12.999033Z[0m [32m INFO[0m [1mexecute[0m[2m:[0m [2msp1_core_executor::syscalls::write[0m[2m:[0m │ ┌╴execute
[2m2025-05-28T08:09:13.028709Z[0m [32m INFO[0m [1mexecute[0m[2m:[0m [2msp1_core_executor::syscalls::write[0m[2m:[0m │ │ ┌╴precompile-ecrecover
[2m2025-05-28T08:09:13.112287Z[0m [32m INFO[0m [1mexecute[0m[2m:[0m [2msp1_core_executor::syscalls::write[0m[2m:[0m │ │ └╴39,182 cycles
[2m2025-05-28T08:09:13.198041Z[0m [32m INFO[0m [1mexecute[0m[2m:[0m [2msp1_core_executor::syscalls::write[0m[2m:[0m │ └╴2,874,224 cycles
[2m2025-05-28T08:09:13.198284Z[0m [32m INFO[0m [1mexecute[0m[2m:[0m [2msp1_core_executor::syscalls::write[0m[2m:[0m │ ┌╴accrue logs bloom
[2m2025-05-28T08:09:13.200956Z[0m [32m INFO[0m [1mexecute[0m[2m:[0m [2msp1_core_executor::syscalls::write[0m[2m:[0m │ └╴38,485 cycles
[2m2025-05-28T08:09:13.200982Z[0m [32m INFO[0m [1mexecute[0m[2m:[0m [2msp1_core_executor::syscalls::write[0m[2m:[0m │ ┌╴finalize output
[2m2025-05-28T08:09:13.274696Z[0m [32m INFO[0m [1mexecute[0m[2m:[0m [2msp1_core_executor::syscalls::write[0m[2m:[0m │ └╴1,192,721 cycles
[2m2025-05-28T08:09:13.274798Z[0m [32m INFO[0m [1mexecute[0m[2m:[0m [2msp1_core_executor::syscalls::write[0m[2m:[0m └╴5,422,743 cycles
[2m2025-05-28T08:09:13.304189Z[0m [32m INFO[0m [1mexecute[0m[2m:[0m [2msp1_prover[0m[2m:[0m gas: 30372118
[2m2025-05-28T08:09:13.304253Z[0m [32m INFO[0m [2msubblock[0m[2m:[0m Subblock 15 instruction count: 18577972
[2m2025-05-28T08:09:13.312147Z[0m [32m INFO[0m [1mexecute[0m[2m:[0m [2msp1_core_executor::executor[0m[2m:[0m clk = 0 pc = 0x200d04
[2m2025-05-28T08:09:13.312208Z[0m [32m INFO[0m [1mexecute[0m[2m:[0m [2msp1_core_executor::syscalls::write[0m[2m:[0m ┌╴deserialize
[2m2025-05-28T08:09:13.644829Z[0m [32m INFO[0m [1mexecute[0m[2m:[0m [2msp1_core_executor::executor[0m[2m:[0m clk = 10000000 pc = 0x23bd0c
[2m2025-05-28T08:09:13.971856Z[0m [32m INFO[0m [1mexecute[0m[2m:[0m [2msp1_core_executor::executor[0m[2m:[0m clk = 20000000 pc = 0x23bcec
[2m2025-05-28T08:09:14.299719Z[0m [32m INFO[0m [1mexecute[0m[2m:[0m [2msp1_core_executor::executor[0m[2m:[0m clk = 30000000 pc = 0x23bce4
[2m2025-05-28T08:09:14.557611Z[0m [32m INFO[0m [1mexecute[0m[2m:[0m [2msp1_core_executor::syscalls::write[0m[2m:[0m │ ┌╴deserialize aggregation input
[2m2025-05-28T08:09:14.573532Z[0m [32m INFO[0m [1mexecute[0m[2m:[0m [2msp1_core_executor::syscalls::write[0m[2m:[0m │ └╴385,965 cycles
[2m2025-05-28T08:09:14.622526Z[0m [32m INFO[0m [1mexecute[0m[2m:[0m [2msp1_core_executor::syscalls::write[0m[2m:[0m └╴39,056,022 cycles
[2m2025-05-28T08:09:14.622614Z[0m [32m INFO[0m [1mexecute[0m[2m:[0m [2msp1_core_executor::syscalls::write[0m[2m:[0m ┌╴aggregate
[2m2025-05-28T08:09:14.690857Z[0m [32m INFO[0m [1mexecute[0m[2m:[0m [2msp1_core_executor::executor[0m[2m:[0m clk = 40000000 pc = 0x258480
[2m2025-05-28T08:09:14.712918Z[0m [32m INFO[0m [1mexecute[0m[2m:[0m [2msp1_core_executor::syscalls::write[0m[2m:[0m │ ┌╴deserialize subblock input
[2m2025-05-28T08:09:14.737721Z[0m [32m INFO[0m [1mexecute[0m[2m:[0m [2msp1_core_executor::syscalls::write[0m[2m:[0m │ └╴426,350 cycles
[2m2025-05-28T08:09:14.738093Z[0m [32m INFO[0m [1mexecute[0m[2m:[0m [2msp1_core_executor::syscalls::write[0m[2m:[0m │ ┌╴deserialize subblock output
[2m2025-05-28T08:09:14.743557Z[0m [32m INFO[0m [1mexecute[0m[2m:[0m [2msp1_core_executor::syscalls::write[0m[2m:[0m │ └╴95,090 cycles
[2m2025-05-28T08:09:14.743586Z[0m [32m INFO[0m [1mexecute[0m[2m:[0m [2msp1_core_executor::syscalls::write[0m[2m:[0m │ ┌╴extend state
[2m2025-05-28T08:09:14.743873Z[0m [32m INFO[0m [1mexecute[0m[2m:[0m [2msp1_core_executor::syscalls::write[0m[2m:[0m │ └╴4,906 cycles
[2m2025-05-28T08:09:14.785757Z[0m [32m INFO[0m [1mexecute[0m[2m:[0m [2msp1_core_executor::syscalls::write[0m[2m:[0m │ ┌╴deserialize subblock input
[2m2025-05-28T08:09:14.796684Z[0m [32m INFO[0m [1mexecute[0m[2m:[0m [2msp1_core_executor::syscalls::write[0m[2m:[0m │ └╴195,556 cycles
[2m2025-05-28T08:09:14.797080Z[0m [32m INFO[0m [1mexecute[0m[2m:[0m [2msp1_core_executor::syscalls::write[0m[2m:[0m │ ┌╴deserialize subblock output
[2m2025-05-28T08:09:14.798569Z[0m [32m INFO[0m [1mexecute[0m[2m:[0m [2msp1_core_executor::syscalls::write[0m[2m:[0m │ └╴25,829 cycles
[2m2025-05-28T08:09:14.798594Z[0m [32m INFO[0m [1mexecute[0m[2m:[0m [2msp1_core_executor::syscalls::write[0m[2m:[0m │ ┌╴extend state
[2m2025-05-28T08:09:14.799001Z[0m [32m INFO[0m [1mexecute[0m[2m:[0m [2msp1_core_executor::syscalls::write[0m[2m:[0m │ └╴6,488 cycles
[2m2025-05-28T08:09:14.886648Z[0m [32m INFO[0m [1mexecute[0m[2m:[0m [2msp1_core_executor::syscalls::write[0m[2m:[0m │ ┌╴deserialize subblock input
[2m2025-05-28T08:09:14.908418Z[0m [32m INFO[0m [1mexecute[0m[2m:[0m [2msp1_core_executor::syscalls::write[0m[2m:[0m │ └╴379,814 cycles
[2m2025-05-28T08:09:14.908825Z[0m [32m INFO[0m [1mexecute[0m[2m:[0m [2msp1_core_executor::syscalls::write[0m[2m:[0m │ ┌╴deserialize subblock output
[2m2025-05-28T08:09:14.911548Z[0m [32m INFO[0m [1mexecute[0m[2m:[0m [2msp1_core_executor::syscalls::write[0m[2m:[0m │ └╴47,452 cycles
[2m2025-05-28T08:09:14.911574Z[0m [32m INFO[0m [1mexecute[0m[2m:[0m [2msp1_core_executor::syscalls::write[0m[2m:[0m │ ┌╴extend state
[2m2025-05-28T08:09:14.912069Z[0m [32m INFO[0m [1mexecute[0m[2m:[0m [2msp1_core_executor::syscalls::write[0m[2m:[0m │ └╴7,748 cycles
[2m2025-05-28T08:09:14.986570Z[0m [32m INFO[0m [1mexecute[0m[2m:[0m [2msp1_core_executor::syscalls::write[0m[2m:[0m │ ┌╴deserialize subblock input
[2m2025-05-28T08:09:15.004435Z[0m [32m INFO[0m [1mexecute[0m[2m:[0m [2msp1_core_executor::syscalls::write[0m[2m:[0m │ └╴353,606 cycles
[2m2025-05-28T08:09:15.004843Z[0m [32m INFO[0m [1mexecute[0m[2m:[0m [2msp1_core_executor::syscalls::write[0m[2m:[0m │ ┌╴deserialize subblock output
[2m2025-05-28T08:09:15.008750Z[0m [32m INFO[0m [1mexecute[0m[2m:[0m [2msp1_core_executor::syscalls::write[0m[2m:[0m │ └╴68,241 cycles
[2m2025-05-28T08:09:15.008777Z[0m [32m INFO[0m [1mexecute[0m[2m:[0m [2msp1_core_executor::syscalls::write[0m[2m:[0m │ ┌╴extend state
[2m2025-05-28T08:09:15.009028Z[0m [32m INFO[0m [1mexecute[0m[2m:[0m [2msp1_core_executor::syscalls::write[0m[2m:[0m │ └╴4,457 cycles
[2m2025-05-28T08:09:15.116865Z[0m [32m INFO[0m [1mexecute[0m[2m:[0m [2msp1_core_executor::syscalls::write[0m[2m:[0m │ ┌╴deserialize subblock input
[2m2025-05-28T08:09:15.141846Z[0m [32m INFO[0m [1mexecute[0m[2m:[0m [2msp1_core_executor::syscalls::write[0m[2m:[0m │ └╴457,044 cycles
[2m2025-05-28T08:09:15.142137Z[0m [32m INFO[0m [1mexecute[0m[2m:[0m [2msp1_core_executor::syscalls::write[0m[2m:[0m │ ┌╴deserialize subblock output
[2m2025-05-28T08:09:15.145618Z[0m [32m INFO[0m [1mexecute[0m[2m:[0m [2msp1_core_executor::syscalls::write[0m[2m:[0m │ └╴80,409 cycles
[2m2025-05-28T08:09:15.145641Z[0m [32m INFO[0m [1mexecute[0m[2m:[0m [2msp1_core_executor::syscalls::write[0m[2m:[0m │ ┌╴extend state
[2m2025-05-28T08:09:15.145826Z[0m [32m INFO[0m [1mexecute[0m[2m:[0m [2msp1_core_executor::syscalls::write[0m[2m:[0m │ └╴4,205 cycles
[2m2025-05-28T08:09:15.191217Z[0m [32m INFO[0m [1mexecute[0m[2m:[0m [2msp1_core_executor::syscalls::write[0m[2m:[0m │ ┌╴deserialize subblock input
[2m2025-05-28T08:09:15.199269Z[0m [32m INFO[0m [1mexecute[0m[2m:[0m [2msp1_core_executor::syscalls::write[0m[2m:[0m │ └╴129,203 cycles
[2m2025-05-28T08:09:15.199649Z[0m [32m INFO[0m [1mexecute[0m[2m:[0m [2msp1_core_executor::syscalls::write[0m[2m:[0m │ ┌╴deserialize subblock output
[2m2025-05-28T08:09:15.201806Z[0m [32m INFO[0m [1mexecute[0m[2m:[0m [2msp1_core_executor::syscalls::write[0m[2m:[0m │ └╴37,044 cycles
[2m2025-05-28T08:09:15.201831Z[0m [32m INFO[0m [1mexecute[0m[2m:[0m [2msp1_core_executor::syscalls::write[0m[2m:[0m │ ┌╴extend state
[2m2025-05-28T08:09:15.202712Z[0m [32m INFO[0m [1mexecute[0m[2m:[0m [2msp1_core_executor::syscalls::write[0m[2m:[0m │ └╴12,536 cycles
[2m2025-05-28T08:09:15.216388Z[0m [32m INFO[0m [1mexecute[0m[2m:[0m [2msp1_core_executor::syscalls::write[0m[2m:[0m │ ┌╴deserialize subblock input
[2m2025-05-28T08:09:15.219143Z[0m [32m INFO[0m [1mexecute[0m[2m:[0m [2msp1_core_executor::syscalls::write[0m[2m:[0m │ └╴47,319 cycles
[2m2025-05-28T08:09:15.219527Z[0m [32m INFO[0m [1mexecute[0m[2m:[0m [2msp1_core_executor::syscalls::write[0m[2m:[0m │ ┌╴deserialize subblock output
[2m2025-05-28T08:09:15.219788Z[0m [32m INFO[0m [1mexecute[0m[2m:[0m [2msp1_core_executor::syscalls::write[0m[2m:[0m │ └╴4,520 cycles
[2m2025-05-28T08:09:15.219809Z[0m [32m INFO[0m [1mexecute[0m[2m:[0m [2msp1_core_executor::syscalls::write[0m[2m:[0m │ ┌╴extend state
[2m2025-05-28T08:09:15.219979Z[0m [32m INFO[0m [1mexecute[0m[2m:[0m [2msp1_core_executor::syscalls::write[0m[2m:[0m │ └╴3,197 cycles
[2m2025-05-28T08:09:15.277864Z[0m [32m INFO[0m [1mexecute[0m[2m:[0m [2msp1_core_executor::syscalls::write[0m[2m:[0m │ ┌╴deserialize subblock input
[2m2025-05-28T08:09:15.289966Z[0m [32m INFO[0m [1mexecute[0m[2m:[0m [2msp1_core_executor::syscalls::write[0m[2m:[0m │ └╴281,854 cycles
[2m2025-05-28T08:09:15.290242Z[0m [32m INFO[0m [1mexecute[0m[2m:[0m [2msp1_core_executor::syscalls::write[0m[2m:[0m │ ┌╴deserialize subblock output
[2m2025-05-28T08:09:15.293520Z[0m [32m INFO[0m [1mexecute[0m[2m:[0m [2msp1_core_executor::syscalls::write[0m[2m:[0m │ └╴77,280 cycles
[2m2025-05-28T08:09:15.293542Z[0m [32m INFO[0m [1mexecute[0m[2m:[0m [2msp1_core_executor::syscalls::write[0m[2m:[0m │ ┌╴extend state
[2m2025-05-28T08:09:15.293726Z[0m [32m INFO[0m [1mexecute[0m[2m:[0m [2msp1_core_executor::syscalls::write[0m[2m:[0m │ └╴4,457 cycles
[2m2025-05-28T08:09:15.347861Z[0m [32m INFO[0m [1mexecute[0m[2m:[0m [2msp1_core_executor::executor[0m[2m:[0m clk = 50000000 pc = 0x258490
[2m2025-05-28T08:09:15.381430Z[0m [32m INFO[0m [1mexecute[0m[2m:[0m [2msp1_core_executor::syscalls::write[0m[2m:[0m │ ┌╴deserialize subblock input
[2m2025-05-28T08:09:15.398569Z[0m [32m INFO[0m [1mexecute[0m[2m:[0m [2msp1_core_executor::syscalls::write[0m[2m:[0m │ └╴399,364 cycles
[2m2025-05-28T08:09:15.398845Z[0m [32m INFO[0m [1mexecute[0m[2m:[0m [2msp1_core_executor::syscalls::write[0m[2m:[0m │ ┌╴deserialize subblock output
[2m2025-05-28T08:09:15.401744Z[0m [32m INFO[0m [1mexecute[0m[2m:[0m [2msp1_core_executor::syscalls::write[0m[2m:[0m │ └╴68,947 cycles
[2m2025-05-28T08:09:15.401766Z[0m [32m INFO[0m [1mexecute[0m[2m:[0m [2msp1_core_executor::syscalls::write[0m[2m:[0m │ ┌╴extend state
[2m2025-05-28T08:09:15.402020Z[0m [32m INFO[0m [1mexecute[0m[2m:[0m [2msp1_core_executor::syscalls::write[0m[2m:[0m │ └╴5,969 cycles
[2m2025-05-28T08:09:15.495706Z[0m [32m INFO[0m [1mexecute[0m[2m:[0m [2msp1_core_executor::syscalls::write[0m[2m:[0m │ ┌╴deserialize subblock input
[2m2025-05-28T08:09:15.513902Z[0m [32m INFO[0m [1mexecute[0m[2m:[0m [2msp1_core_executor::syscalls::write[0m[2m:[0m │ └╴412,114 cycles
[2m2025-05-28T08:09:15.514180Z[0m [32m INFO[0m [1mexecute[0m[2m:[0m [2msp1_core_executor::syscalls::write[0m[2m:[0m │ ┌╴deserialize subblock output
[2m2025-05-28T08:09:15.516793Z[0m [32m INFO[0m [1mexecute[0m[2m:[0m [2msp1_core_executor::syscalls::write[0m[2m:[0m │ └╴62,157 cycles
[2m2025-05-28T08:09:15.516815Z[0m [32m INFO[0m [1mexecute[0m[2m:[0m [2msp1_core_executor::syscalls::write[0m[2m:[0m │ ┌╴extend state
[2m2025-05-28T08:09:15.517988Z[0m [32m INFO[0m [1mexecute[0m[2m:[0m [2msp1_core_executor::syscalls::write[0m[2m:[0m │ └╴21,104 cycles
[2m2025-05-28T08:09:15.609404Z[0m [32m INFO[0m [1mexecute[0m[2m:[0m [2msp1_core_executor::syscalls::write[0m[2m:[0m │ ┌╴deserialize subblock input
[2m2025-05-28T08:09:15.631832Z[0m [32m INFO[0m [1mexecute[0m[2m:[0m [2msp1_core_executor::syscalls::write[0m[2m:[0m │ └╴412,825 cycles
[2m2025-05-28T08:09:15.632234Z[0m [32m INFO[0m [1mexecute[0m[2m:[0m [2msp1_core_executor::syscalls::write[0m[2m:[0m │ ┌╴deserialize subblock output
[2m2025-05-28T08:09:15.634316Z[0m [32m INFO[0m [1mexecute[0m[2m:[0m [2msp1_core_executor::syscalls::write[0m[2m:[0m │ └╴36,330 cycles
[2m2025-05-28T08:09:15.634342Z[0m [32m INFO[0m [1mexecute[0m[2m:[0m [2msp1_core_executor::syscalls::write[0m[2m:[0m │ ┌╴extend state
[2m2025-05-28T08:09:15.634618Z[0m [32m INFO[0m [1mexecute[0m[2m:[0m [2msp1_core_executor::syscalls::write[0m[2m:[0m │ └╴4,709 cycles
[2m2025-05-28T08:09:15.684813Z[0m [32m INFO[0m [1mexecute[0m[2m:[0m [2msp1_core_executor::syscalls::write[0m[2m:[0m │ ┌╴deserialize subblock input
[2m2025-05-28T08:09:15.694098Z[0m [32m INFO[0m [1mexecute[0m[2m:[0m [2msp1_core_executor::syscalls::write[0m[2m:[0m │ └╴147,151 cycles
[2m2025-05-28T08:09:15.694505Z[0m [32m INFO[0m [1mexecute[0m[2m:[0m [2msp1_core_executor::syscalls::write[0m[2m:[0m │ ┌╴deserialize subblock output
[2m2025-05-28T08:09:15.698159Z[0m [32m INFO[0m [1mexecute[0m[2m:[0m [2msp1_core_executor::syscalls::write[0m[2m:[0m │ └╴63,625 cycles
[2m2025-05-28T08:09:15.698186Z[0m [32m INFO[0m [1mexecute[0m[2m:[0m [2msp1_core_executor::syscalls::write[0m[2m:[0m │ ┌╴extend state
[2m2025-05-28T08:09:15.698393Z[0m [32m INFO[0m [1mexecute[0m[2m:[0m [2msp1_core_executor::syscalls::write[0m[2m:[0m │ └╴3,701 cycles
[2m2025-05-28T08:09:15.766665Z[0m [32m INFO[0m [1mexecute[0m[2m:[0m [2msp1_core_executor::syscalls::write[0m[2m:[0m │ ┌╴deserialize subblock input
[2m2025-05-28T08:09:15.779545Z[0m [32m INFO[0m [1mexecute[0m[2m:[0m [2msp1_core_executor::syscalls::write[0m[2m:[0m │ └╴293,758 cycles
[2m2025-05-28T08:09:15.779825Z[0m [32m INFO[0m [1mexecute[0m[2m:[0m [2msp1_core_executor::syscalls::write[0m[2m:[0m │ ┌╴deserialize subblock output
[2m2025-05-28T08:09:15.783430Z[0m [32m INFO[0m [1mexecute[0m[2m:[0m [2msp1_core_executor::syscalls::write[0m[2m:[0m │ └╴83,345 cycles
[2m2025-05-28T08:09:15.783465Z[0m [32m INFO[0m [1mexecute[0m[2m:[0m [2msp1_core_executor::syscalls::write[0m[2m:[0m │ ┌╴extend state
[2m2025-05-28T08:09:15.783663Z[0m [32m INFO[0m [1mexecute[0m[2m:[0m [2msp1_core_executor::syscalls::write[0m[2m:[0m │ └╴4,709 cycles
[2m2025-05-28T08:09:15.843943Z[0m [32m INFO[0m [1mexecute[0m[2m:[0m [2msp1_core_executor::syscalls::write[0m[2m:[0m │ ┌╴deserialize subblock input
[2m2025-05-28T08:09:15.854587Z[0m [32m INFO[0m [1mexecute[0m[2m:[0m [2msp1_core_executor::syscalls::write[0m[2m:[0m │ └╴243,591 cycles
[2m2025-05-28T08:09:15.854863Z[0m [32m INFO[0m [1mexecute[0m[2m:[0m [2msp1_core_executor::syscalls::write[0m[2m:[0m │ ┌╴deserialize subblock output
[2m2025-05-28T08:09:15.857442Z[0m [32m INFO[0m [1mexecute[0m[2m:[0m [2msp1_core_executor::syscalls::write[0m[2m:[0m │ └╴61,080 cycles
[2m2025-05-28T08:09:15.857473Z[0m [32m INFO[0m [1mexecute[0m[2m:[0m [2msp1_core_executor::syscalls::write[0m[2m:[0m │ ┌╴extend state
[2m2025-05-28T08:09:15.857634Z[0m [32m INFO[0m [1mexecute[0m[2m:[0m [2msp1_core_executor::syscalls::write[0m[2m:[0m │ └╴3,953 cycles
[2m2025-05-28T08:09:15.929905Z[0m [32m INFO[0m [1mexecute[0m[2m:[0m [2msp1_core_executor::syscalls::write[0m[2m:[0m │ ┌╴deserialize subblock input
[2m2025-05-28T08:09:15.947992Z[0m [32m INFO[0m [1mexecute[0m[2m:[0m [2msp1_core_executor::syscalls::write[0m[2m:[0m │ └╴318,549 cycles
[2m2025-05-28T08:09:15.948390Z[0m [32m INFO[0m [1mexecute[0m[2m:[0m [2msp1_core_executor::syscalls::write[0m[2m:[0m │ ┌╴deserialize subblock output
[2m2025-05-28T08:09:15.951133Z[0m [32m INFO[0m [1mexecute[0m[2m:[0m [2msp1_core_executor::syscalls::write[0m[2m:[0m │ └╴47,718 cycles
[2m2025-05-28T08:09:15.951159Z[0m [32m INFO[0m [1mexecute[0m[2m:[0m [2msp1_core_executor::syscalls::write[0m[2m:[0m │ ┌╴extend state
[2m2025-05-28T08:09:15.951482Z[0m [32m INFO[0m [1mexecute[0m[2m:[0m [2msp1_core_executor::syscalls::write[0m[2m:[0m │ └╴5,465 cycles
[2m2025-05-28T08:09:16.002979Z[0m [32m INFO[0m [1mexecute[0m[2m:[0m [2msp1_core_executor::executor[0m[2m:[0m clk = 60000000 pc = 0x274500
[2m2025-05-28T08:09:16.006384Z[0m [32m INFO[0m [1mexecute[0m[2m:[0m [2msp1_core_executor::syscalls::write[0m[2m:[0m │ ┌╴deserialize subblock input
[2m2025-05-28T08:09:16.015807Z[0m [32m INFO[0m [1mexecute[0m[2m:[0m [2msp1_core_executor::syscalls::write[0m[2m:[0m │ └╴162,391 cycles
[2m2025-05-28T08:09:16.016097Z[0m [32m INFO[0m [1mexecute[0m[2m:[0m [2msp1_core_executor::syscalls::write[0m[2m:[0m │ ┌╴deserialize subblock output
[2m2025-05-28T08:09:16.017321Z[0m [32m INFO[0m [1mexecute[0m[2m:[0m [2msp1_core_executor::syscalls::write[0m[2m:[0m │ └╴27,843 cycles
[2m2025-05-28T08:09:16.017343Z[0m [32m INFO[0m [1mexecute[0m[2m:[0m [2msp1_core_executor::syscalls::write[0m[2m:[0m │ ┌╴extend state
[2m2025-05-28T08:09:16.017491Z[0m [32m INFO[0m [1mexecute[0m[2m:[0m [2msp1_core_executor::syscalls::write[0m[2m:[0m │ └╴3,449 cycles
[2m2025-05-28T08:09:16.017535Z[0m [32m INFO[0m [1mexecute[0m[2m:[0m [2msp1_core_executor::syscalls::write[0m[2m:[0m └╴21,215,549 cycles
[2m2025-05-28T08:09:16.017551Z[0m [32m INFO[0m [1mexecute[0m[2m:[0m [2msp1_core_executor::syscalls::write[0m[2m:[0m ┌╴verify block hashes
[2m2025-05-28T08:09:16.017916Z[0m [32m INFO[0m [1mexecute[0m[2m:[0m [2msp1_core_executor::syscalls::write[0m[2m:[0m └╴7,704 cycles
[2m2025-05-28T08:09:16.031183Z[0m [32m INFO[0m [1mexecute[0m[2m:[0m [2msp1_core_executor::syscalls::write[0m[2m:[0m ┌╴validate subblock aggregation
[2m2025-05-28T08:09:16.212555Z[0m [32m INFO[0m [1mexecute[0m[2m:[0m [2msp1_core_executor::syscalls::write[0m[2m:[0m └╴2,919,474 cycles
[2m2025-05-28T08:09:16.288593Z[0m [32m INFO[0m [1mexecute[0m[2m:[0m [2msp1_prover[0m[2m:[0m gas: 123113015
[2m2025-05-28T08:09:16.288681Z[0m [32m INFO[0m [2msubblock[0m[2m:[0m Aggregation program instruction count: 64546397
