[2m2025-05-28T09:34:46.357746Z[0m [32m INFO[0m [2mrsp_host_executor[0m[2m:[0m fetching the current block and the previous block
[2m2025-05-28T09:34:46.483347Z[0m [32m INFO[0m [2mrsp_host_executor[0m[2m:[0m setting up the spec for the block executor
[2m2025-05-28T09:34:46.483363Z[0m [32m INFO[0m [2mrsp_host_executor[0m[2m:[0m setting up the database for the block executor
[2m2025-05-28T09:34:46.483368Z[0m [32m INFO[0m [2mrsp_host_executor[0m[2m:[0m executing the block and with rpc db: block_number=17106222, transaction_count=105
[2m2025-05-28T09:34:46.485032Z[0m [32m INFO[0m [2mrsp_host_executor[0m[2m:[0m executing subblock
[2m2025-05-28T09:34:46.485059Z[0m [32m INFO[0m [2mrsp_host_executor[0m[2m:[0m loop count: 0, num_transactions_completed: 0, all txs num: 105, SUBBLOCK_GAS_LIMIT: 16000000
[2m2025-05-28T09:34:46.485098Z[0m [32m INFO[0m [2mrsp_host_executor[0m[2m:[0m num transactions left: 105
cycle-tracker-report-start: precompile-ecrecover
cycle-tracker-report-end: precompile-ecrecover
cycle-tracker-report-start: precompile-ecrecover
cycle-tracker-report-end: precompile-ecrecover
cycle-tracker-report-start: precompile-ecrecover
cycle-tracker-report-end: precompile-ecrecover
cycle-tracker-report-start: precompile-ecrecover
cycle-tracker-report-end: precompile-ecrecover
cycle-tracker-report-start: precompile-ecrecover
cycle-tracker-report-end: precompile-ecrecover
cycle-tracker-report-start: precompile-ecrecover
cycle-tracker-report-end: precompile-ecrecover
cycle-tracker-report-start: precompile-ecrecover
cycle-tracker-report-end: precompile-ecrecover
cycle-tracker-report-start: precompile-ecrecover
cycle-tracker-report-end: precompile-ecrecover
cycle-tracker-report-start: precompile-ecrecover
cycle-tracker-report-end: precompile-ecrecover
cycle-tracker-report-start: precompile-ecrecover
cycle-tracker-report-end: precompile-ecrecover
cycle-tracker-report-start: precompile-ecrecover
cycle-tracker-report-end: precompile-ecrecover
[2m2025-05-28T09:35:53.795201Z[0m [32m INFO[0m [2mrsp_host_executor[0m[2m:[0m successfully executed subblock: num_transactions_completed=0, upper=105
[2m2025-05-28T09:35:53.795225Z[0m [32m INFO[0m [2mrsp_host_executor[0m[2m:[0m accumulating the logs bloom
[2m2025-05-28T09:36:00.071228Z[0m [32m INFO[0m [2mrsp_host_executor[0m[2m:[0m successfully executed block: block_number=17106222, block_hash=0xe2947483136770b2eac272e558d2c3737d34794233c710c5f7f6ec77fc59940c, state_root=0xd7ae86d7d2cc75cc821531fdfc6c752c2402bcf88e164e7ac35cf0f2cd8dcd02
[2m2025-05-28T09:36:00.071261Z[0m [32m INFO[0m [2mrsp_host_executor[0m[2m:[0m fetching 1 ancestor headers
[2m2025-05-28T09:36:00.134954Z[0m [32m INFO[0m [2mrsp_host_executor[0m[2m:[0m Pruned state compression ratio: 1
[2m2025-05-28T09:36:20.193620Z[0m [32m INFO[0m [2msubblock[0m[2m:[0m Public values size in bytes: 1456226
[2m2025-05-28T09:36:20.226669Z[0m [32m INFO[0m [1mexecute[0m[2m:[0m [2msp1_core_executor::executor[0m[2m:[0m clk = 0 pc = 0x200d04
[2m2025-05-28T09:36:20.226764Z[0m [32m INFO[0m [1mexecute[0m[2m:[0m [2msp1_core_executor::syscalls::write[0m[2m:[0m ┌╴deserialize input
[2m2025-05-28T09:36:20.345962Z[0m [32m INFO[0m [1mexecute[0m[2m:[0m [2msp1_core_executor::syscalls::write[0m[2m:[0m └╴2,356,155 cycles
[2m2025-05-28T09:36:20.345998Z[0m [32m INFO[0m [1mexecute[0m[2m:[0m [2msp1_core_executor::syscalls::write[0m[2m:[0m ┌╴commit input
[2m2025-05-28T09:36:20.935241Z[0m [32m INFO[0m [1mexecute[0m[2m:[0m [2msp1_core_executor::executor[0m[2m:[0m clk = 10000000 pc = 0x370b34
[2m2025-05-28T09:36:21.001001Z[0m [32m INFO[0m [1mexecute[0m[2m:[0m [2msp1_core_executor::syscalls::write[0m[2m:[0m └╴8,515,974 cycles
[2m2025-05-28T09:36:21.001033Z[0m [32m INFO[0m [1mexecute[0m[2m:[0m [2msp1_core_executor::syscalls::write[0m[2m:[0m ┌╴deserialize parent state
[2m2025-05-28T09:36:21.393520Z[0m [32m INFO[0m [1mexecute[0m[2m:[0m [2msp1_core_executor::executor[0m[2m:[0m clk = 20000000 pc = 0x3082dc
[2m2025-05-28T09:36:21.891786Z[0m [32m INFO[0m [1mexecute[0m[2m:[0m [2msp1_core_executor::executor[0m[2m:[0m clk = 30000000 pc = 0x3083dc
[2m2025-05-28T09:36:22.100145Z[0m [32m INFO[0m [1mexecute[0m[2m:[0m [2msp1_core_executor::syscalls::write[0m[2m:[0m └╴23,339,290 cycles
[2m2025-05-28T09:36:22.100178Z[0m [32m INFO[0m [1mexecute[0m[2m:[0m [2msp1_core_executor::syscalls::write[0m[2m:[0m ┌╴execute subblock
[2m2025-05-28T09:36:22.100233Z[0m [32m INFO[0m [1mexecute[0m[2m:[0m [2msp1_core_executor::syscalls::write[0m[2m:[0m │ ┌╴compute input state root
[2m2025-05-28T09:36:22.474362Z[0m [32m INFO[0m [1mexecute[0m[2m:[0m [2msp1_core_executor::executor[0m[2m:[0m clk = 40000000 pc = 0x20091c
[2m2025-05-28T09:36:22.845056Z[0m [32m INFO[0m [1mexecute[0m[2m:[0m [2msp1_core_executor::syscalls::write[0m[2m:[0m │ └╴11,896,439 cycles
[2m2025-05-28T09:36:22.845089Z[0m [32m INFO[0m [1mexecute[0m[2m:[0m [2msp1_core_executor::syscalls::write[0m[2m:[0m │ ┌╴construct trie db
[2m2025-05-28T09:36:23.166251Z[0m [32m INFO[0m [1mexecute[0m[2m:[0m [2msp1_core_executor::executor[0m[2m:[0m clk = 50000000 pc = 0x21adc8
[2m2025-05-28T09:36:23.200372Z[0m [32m INFO[0m [1mexecute[0m[2m:[0m [2msp1_core_executor::syscalls::write[0m[2m:[0m │ └╴4,534,173 cycles
[2m2025-05-28T09:36:23.200400Z[0m [32m INFO[0m [1mexecute[0m[2m:[0m [2msp1_core_executor::syscalls::write[0m[2m:[0m │ ┌╴recover senders
[2m2025-05-28T09:36:30.711095Z[0m [32m INFO[0m [1mexecute[0m[2m:[0m [2msp1_core_executor::syscalls::write[0m[2m:[0m │ └╴4,512,491 cycles
[2m2025-05-28T09:36:30.711185Z[0m [32m INFO[0m [1mexecute[0m[2m:[0m [2msp1_core_executor::syscalls::write[0m[2m:[0m │ ┌╴execute
[2m2025-05-28T09:36:30.911702Z[0m [32m INFO[0m [1mexecute[0m[2m:[0m [2msp1_core_executor::executor[0m[2m:[0m clk = 60000000 pc = 0x284e3c
[2m2025-05-28T09:36:31.323833Z[0m [32m INFO[0m [1mexecute[0m[2m:[0m [2msp1_core_executor::executor[0m[2m:[0m clk = 70000000 pc = 0x200a20
[2m2025-05-28T09:36:31.734217Z[0m [32m INFO[0m [1mexecute[0m[2m:[0m [2msp1_core_executor::executor[0m[2m:[0m clk = 80000000 pc = 0x3294fc
[2m2025-05-28T09:36:31.740194Z[0m [32m INFO[0m [1mexecute[0m[2m:[0m [2msp1_core_executor::syscalls::write[0m[2m:[0m │ │ ┌╴precompile-ecrecover
[2m2025-05-28T09:36:31.823341Z[0m [32m INFO[0m [1mexecute[0m[2m:[0m [2msp1_core_executor::syscalls::write[0m[2m:[0m │ │ └╴39,055 cycles
[2m2025-05-28T09:36:32.146323Z[0m [32m INFO[0m [1mexecute[0m[2m:[0m [2msp1_core_executor::syscalls::write[0m[2m:[0m │ │ ┌╴precompile-ecrecover
[2m2025-05-28T09:36:32.227189Z[0m [32m INFO[0m [1mexecute[0m[2m:[0m [2msp1_core_executor::syscalls::write[0m[2m:[0m │ │ └╴39,299 cycles
[2m2025-05-28T09:36:32.308412Z[0m [32m INFO[0m [1mexecute[0m[2m:[0m [2msp1_core_executor::syscalls::write[0m[2m:[0m │ │ ┌╴precompile-ecrecover
[2m2025-05-28T09:36:32.374647Z[0m [32m INFO[0m [1mexecute[0m[2m:[0m [2msp1_core_executor::executor[0m[2m:[0m clk = 90000000 pc = 0x386d2c
[2m2025-05-28T09:36:32.383684Z[0m [32m INFO[0m [1mexecute[0m[2m:[0m [2msp1_core_executor::syscalls::write[0m[2m:[0m │ │ └╴37,006 cycles
[2m2025-05-28T09:36:32.788714Z[0m [32m INFO[0m [1mexecute[0m[2m:[0m [2msp1_core_executor::executor[0m[2m:[0m clk = 100000000 pc = 0x347e2c
[2m2025-05-28T09:36:33.197378Z[0m [32m INFO[0m [1mexecute[0m[2m:[0m [2msp1_core_executor::executor[0m[2m:[0m clk = 110000000 pc = 0x329a6c
[2m2025-05-28T09:36:33.261904Z[0m [32m INFO[0m [1mexecute[0m[2m:[0m [2msp1_core_executor::syscalls::write[0m[2m:[0m │ │ ┌╴precompile-ecrecover
[2m2025-05-28T09:36:33.342632Z[0m [32m INFO[0m [1mexecute[0m[2m:[0m [2msp1_core_executor::syscalls::write[0m[2m:[0m │ │ └╴38,510 cycles
[2m2025-05-28T09:36:33.621469Z[0m [32m INFO[0m [1mexecute[0m[2m:[0m [2msp1_core_executor::syscalls::write[0m[2m:[0m │ │ ┌╴precompile-ecrecover
[2m2025-05-28T09:36:33.690048Z[0m [32m INFO[0m [1mexecute[0m[2m:[0m [2msp1_core_executor::syscalls::write[0m[2m:[0m │ │ └╴37,335 cycles
[2m2025-05-28T09:36:33.751174Z[0m [32m INFO[0m [1mexecute[0m[2m:[0m [2msp1_core_executor::executor[0m[2m:[0m clk = 120000000 pc = 0x355690
[2m2025-05-28T09:36:33.823168Z[0m [32m INFO[0m [1mexecute[0m[2m:[0m [2msp1_core_executor::syscalls::write[0m[2m:[0m │ │ ┌╴precompile-ecrecover
[2m2025-05-28T09:36:33.902122Z[0m [32m INFO[0m [1mexecute[0m[2m:[0m [2msp1_core_executor::syscalls::write[0m[2m:[0m │ │ └╴37,504 cycles
[2m2025-05-28T09:36:33.997755Z[0m [32m INFO[0m [1mexecute[0m[2m:[0m [2msp1_core_executor::syscalls::write[0m[2m:[0m │ │ ┌╴precompile-ecrecover
[2m2025-05-28T09:36:34.075047Z[0m [32m INFO[0m [1mexecute[0m[2m:[0m [2msp1_core_executor::syscalls::write[0m[2m:[0m │ │ └╴37,020 cycles
[2m2025-05-28T09:36:34.204203Z[0m [32m INFO[0m [1mexecute[0m[2m:[0m [2msp1_core_executor::syscalls::write[0m[2m:[0m │ │ ┌╴precompile-ecrecover
[2m2025-05-28T09:36:34.278476Z[0m [32m INFO[0m [1mexecute[0m[2m:[0m [2msp1_core_executor::syscalls::write[0m[2m:[0m │ │ └╴37,711 cycles
[2m2025-05-28T09:36:34.353304Z[0m [32m INFO[0m [1mexecute[0m[2m:[0m [2msp1_core_executor::syscalls::write[0m[2m:[0m │ │ ┌╴precompile-ecrecover
[2m2025-05-28T09:36:34.425725Z[0m [32m INFO[0m [1mexecute[0m[2m:[0m [2msp1_core_executor::syscalls::write[0m[2m:[0m │ │ └╴38,237 cycles
[2m2025-05-28T09:36:34.458353Z[0m [32m INFO[0m [1mexecute[0m[2m:[0m [2msp1_core_executor::executor[0m[2m:[0m clk = 130000000 pc = 0x292c4c
[2m2025-05-28T09:36:34.867696Z[0m [32m INFO[0m [1mexecute[0m[2m:[0m [2msp1_core_executor::executor[0m[2m:[0m clk = 140000000 pc = 0x32b0dc
[2m2025-05-28T09:36:34.912592Z[0m [32m INFO[0m [1mexecute[0m[2m:[0m [2msp1_core_executor::syscalls::write[0m[2m:[0m │ │ ┌╴precompile-ecrecover
[2m2025-05-28T09:36:34.993346Z[0m [32m INFO[0m [1mexecute[0m[2m:[0m [2msp1_core_executor::syscalls::write[0m[2m:[0m │ │ └╴38,853 cycles
[2m2025-05-28T09:36:35.308692Z[0m [32m INFO[0m [1mexecute[0m[2m:[0m [2msp1_core_executor::syscalls::write[0m[2m:[0m │ │ ┌╴precompile-ecrecover
[2m2025-05-28T09:36:35.390019Z[0m [32m INFO[0m [1mexecute[0m[2m:[0m [2msp1_core_executor::syscalls::write[0m[2m:[0m │ │ └╴39,182 cycles
[2m2025-05-28T09:36:35.439689Z[0m [32m INFO[0m [1mexecute[0m[2m:[0m [2msp1_core_executor::executor[0m[2m:[0m clk = 150000000 pc = 0x2ef380
[2m2025-05-28T09:36:35.615931Z[0m [32m INFO[0m [1mexecute[0m[2m:[0m [2msp1_core_executor::syscalls::write[0m[2m:[0m │ └╴98,869,826 cycles
[2m2025-05-28T09:36:35.622574Z[0m [32m INFO[0m [1mexecute[0m[2m:[0m [2msp1_core_executor::syscalls::write[0m[2m:[0m │ ┌╴accrue logs bloom
[2m2025-05-28T09:36:35.694617Z[0m [32m INFO[0m [1mexecute[0m[2m:[0m [2msp1_core_executor::syscalls::write[0m[2m:[0m │ └╴1,286,959 cycles
[2m2025-05-28T09:36:35.694643Z[0m [32m INFO[0m [1mexecute[0m[2m:[0m [2msp1_core_executor::syscalls::write[0m[2m:[0m │ ┌╴finalize output
[2m2025-05-28T09:36:35.962916Z[0m [32m INFO[0m [1mexecute[0m[2m:[0m [2msp1_core_executor::executor[0m[2m:[0m clk = 160000000 pc = 0x200904
[2m2025-05-28T09:36:36.576979Z[0m [32m INFO[0m [1mexecute[0m[2m:[0m [2msp1_core_executor::executor[0m[2m:[0m clk = 170000000 pc = 0x3597cc
[2m2025-05-28T09:36:37.311951Z[0m [32m INFO[0m [1mexecute[0m[2m:[0m [2msp1_core_executor::executor[0m[2m:[0m clk = 180000000 pc = 0x357e78
[2m2025-05-28T09:36:37.329760Z[0m [32m INFO[0m [1mexecute[0m[2m:[0m [2msp1_core_executor::syscalls::write[0m[2m:[0m │ └╴24,800,171 cycles
[2m2025-05-28T09:36:37.330472Z[0m [32m INFO[0m [1mexecute[0m[2m:[0m [2msp1_core_executor::syscalls::write[0m[2m:[0m └╴146,041,728 cycles
[2m2025-05-28T09:36:37.703088Z[0m [32m INFO[0m [1mexecute[0m[2m:[0m [2msp1_prover[0m[2m:[0m gas: 282034863
[2m2025-05-28T09:36:37.703671Z[0m [32m INFO[0m [2msubblock[0m[2m:[0m Subblock 0 instruction count: 182064275
[2m2025-05-28T09:36:37.719887Z[0m [32m INFO[0m [1mexecute[0m[2m:[0m [2msp1_core_executor::executor[0m[2m:[0m clk = 0 pc = 0x200d04
[2m2025-05-28T09:36:37.719954Z[0m [32m INFO[0m [1mexecute[0m[2m:[0m [2msp1_core_executor::syscalls::write[0m[2m:[0m ┌╴deserialize
[2m2025-05-28T09:36:38.050244Z[0m [32m INFO[0m [1mexecute[0m[2m:[0m [2msp1_core_executor::executor[0m[2m:[0m clk = 10000000 pc = 0x23bd0c
[2m2025-05-28T09:36:38.393123Z[0m [32m INFO[0m [1mexecute[0m[2m:[0m [2msp1_core_executor::executor[0m[2m:[0m clk = 20000000 pc = 0x23bce0
[2m2025-05-28T09:36:38.575564Z[0m [32m INFO[0m [1mexecute[0m[2m:[0m [2msp1_core_executor::syscalls::write[0m[2m:[0m │ ┌╴deserialize aggregation input
[2m2025-05-28T09:36:38.591484Z[0m [32m INFO[0m [1mexecute[0m[2m:[0m [2msp1_core_executor::syscalls::write[0m[2m:[0m │ └╴385,965 cycles
[2m2025-05-28T09:36:38.640146Z[0m [32m INFO[0m [1mexecute[0m[2m:[0m [2msp1_core_executor::syscalls::write[0m[2m:[0m └╴26,748,493 cycles
[2m2025-05-28T09:36:38.640231Z[0m [32m INFO[0m [1mexecute[0m[2m:[0m [2msp1_core_executor::syscalls::write[0m[2m:[0m ┌╴aggregate
[2m2025-05-28T09:36:38.870810Z[0m [32m INFO[0m [1mexecute[0m[2m:[0m [2msp1_core_executor::executor[0m[2m:[0m clk = 30000000 pc = 0x25848c
[2m2025-05-28T09:36:39.250408Z[0m [32m INFO[0m [1mexecute[0m[2m:[0m [2msp1_core_executor::syscalls::write[0m[2m:[0m │ ┌╴deserialize subblock input
[2m2025-05-28T09:36:39.395972Z[0m [32m INFO[0m [1mexecute[0m[2m:[0m [2msp1_core_executor::syscalls::write[0m[2m:[0m │ └╴3,017,692 cycles
[2m2025-05-28T09:36:39.396349Z[0m [32m INFO[0m [1mexecute[0m[2m:[0m [2msp1_core_executor::syscalls::write[0m[2m:[0m │ ┌╴deserialize subblock output
[2m2025-05-28T09:36:39.440223Z[0m [32m INFO[0m [1mexecute[0m[2m:[0m [2msp1_core_executor::syscalls::write[0m[2m:[0m │ └╴832,871 cycles
[2m2025-05-28T09:36:39.440251Z[0m [32m INFO[0m [1mexecute[0m[2m:[0m [2msp1_core_executor::syscalls::write[0m[2m:[0m │ ┌╴extend state
[2m2025-05-28T09:36:39.441942Z[0m [32m INFO[0m [1mexecute[0m[2m:[0m [2msp1_core_executor::syscalls::write[0m[2m:[0m │ └╴29,350 cycles
[2m2025-05-28T09:36:39.442101Z[0m [32m INFO[0m [1mexecute[0m[2m:[0m [2msp1_core_executor::syscalls::write[0m[2m:[0m └╴12,595,935 cycles
[2m2025-05-28T09:36:39.442119Z[0m [32m INFO[0m [1mexecute[0m[2m:[0m [2msp1_core_executor::syscalls::write[0m[2m:[0m ┌╴verify block hashes
[2m2025-05-28T09:36:39.442522Z[0m [32m INFO[0m [1mexecute[0m[2m:[0m [2msp1_core_executor::syscalls::write[0m[2m:[0m └╴7,704 cycles
[2m2025-05-28T09:36:39.455378Z[0m [32m INFO[0m [1mexecute[0m[2m:[0m [2msp1_core_executor::syscalls::write[0m[2m:[0m ┌╴validate subblock aggregation
[2m2025-05-28T09:36:39.471746Z[0m [32m INFO[0m [1mexecute[0m[2m:[0m [2msp1_core_executor::executor[0m[2m:[0m clk = 40000000 pc = 0x20c190
[2m2025-05-28T09:36:39.621382Z[0m [32m INFO[0m [1mexecute[0m[2m:[0m [2msp1_core_executor::syscalls::write[0m[2m:[0m └╴2,919,432 cycles
[2m2025-05-28T09:36:39.692484Z[0m [32m INFO[0m [1mexecute[0m[2m:[0m [2msp1_prover[0m[2m:[0m gas: 83832959
[2m2025-05-28T09:36:39.692574Z[0m [32m INFO[0m [2msubblock[0m[2m:[0m Aggregation program instruction count: 43619218
