[2m2025-06-01T07:09:28.271062Z[0m [32m INFO[0m [2mrsp_host_executor[0m[2m:[0m fetching the current block and the previous block
[2m2025-06-01T07:09:28.388463Z[0m [32m INFO[0m [2mrsp_host_executor[0m[2m:[0m setting up the spec for the block executor
[2m2025-06-01T07:09:28.388479Z[0m [32m INFO[0m [2mrsp_host_executor[0m[2m:[0m setting up the database for the block executor
[2m2025-06-01T07:09:28.388484Z[0m [32m INFO[0m [2mrsp_host_executor[0m[2m:[0m executing the block and with rpc db: block_number=17106222, transaction_count=105
[2m2025-06-01T07:09:28.390238Z[0m [32m INFO[0m [2mrsp_host_executor[0m[2m:[0m executing subblock
[2m2025-06-01T07:09:28.390259Z[0m [32m INFO[0m [2mrsp_host_executor[0m[2m:[0m loop count: 0, num_transactions_completed: 0, all txs num: 105, SUBBLOCK_GAS_LIMIT: 1000000
[2m2025-06-01T07:09:28.390281Z[0m [32m INFO[0m [2mrsp_host_executor[0m[2m:[0m num transactions left: 105
[2m2025-06-01T07:09:34.294940Z[0m [32m INFO[0m [2mrsp_host_executor[0m[2m:[0m successfully executed subblock: num_transactions_completed=0, upper=8
[2m2025-06-01T07:09:34.294985Z[0m [32m INFO[0m [2mrsp_host_executor[0m[2m:[0m accumulating the logs bloom
[2m2025-06-01T07:09:34.296129Z[0m [32m INFO[0m [2mrsp_host_executor[0m[2m:[0m executing subblock
[2m2025-06-01T07:09:34.296141Z[0m [32m INFO[0m [2mrsp_host_executor[0m[2m:[0m loop count: 1, num_transactions_completed: 8, all txs num: 105, SUBBLOCK_GAS_LIMIT: 1000000
[2m2025-06-01T07:09:34.296157Z[0m [32m INFO[0m [2mrsp_host_executor[0m[2m:[0m num transactions left: 97
[2m2025-06-01T07:09:36.594921Z[0m [32m INFO[0m [2mrsp_host_executor[0m[2m:[0m successfully executed subblock: num_transactions_completed=8, upper=14
[2m2025-06-01T07:09:36.594960Z[0m [32m INFO[0m [2mrsp_host_executor[0m[2m:[0m accumulating the logs bloom
[2m2025-06-01T07:09:36.595903Z[0m [32m INFO[0m [2mrsp_host_executor[0m[2m:[0m executing subblock
[2m2025-06-01T07:09:36.595914Z[0m [32m INFO[0m [2mrsp_host_executor[0m[2m:[0m loop count: 2, num_transactions_completed: 14, all txs num: 105, SUBBLOCK_GAS_LIMIT: 1000000
[2m2025-06-01T07:09:36.595930Z[0m [32m INFO[0m [2mrsp_host_executor[0m[2m:[0m num transactions left: 91
[2m2025-06-01T07:09:41.585307Z[0m [32m INFO[0m [2mrsp_host_executor[0m[2m:[0m successfully executed subblock: num_transactions_completed=14, upper=17
[2m2025-06-01T07:09:41.585348Z[0m [32m INFO[0m [2mrsp_host_executor[0m[2m:[0m accumulating the logs bloom
[2m2025-06-01T07:09:41.586645Z[0m [32m INFO[0m [2mrsp_host_executor[0m[2m:[0m executing subblock
[2m2025-06-01T07:09:41.586657Z[0m [32m INFO[0m [2mrsp_host_executor[0m[2m:[0m loop count: 3, num_transactions_completed: 17, all txs num: 105, SUBBLOCK_GAS_LIMIT: 1000000
[2m2025-06-01T07:09:41.586673Z[0m [32m INFO[0m [2mrsp_host_executor[0m[2m:[0m num transactions left: 88
cycle-tracker-report-start: precompile-ecrecover
cycle-tracker-report-end: precompile-ecrecover
[2m2025-06-01T07:09:47.009222Z[0m [32m INFO[0m [2mrsp_host_executor[0m[2m:[0m successfully executed subblock: num_transactions_completed=17, upper=24
[2m2025-06-01T07:09:47.009252Z[0m [32m INFO[0m [2mrsp_host_executor[0m[2m:[0m accumulating the logs bloom
[2m2025-06-01T07:09:47.009941Z[0m [32m INFO[0m [2mrsp_host_executor[0m[2m:[0m executing subblock
[2m2025-06-01T07:09:47.009952Z[0m [32m INFO[0m [2mrsp_host_executor[0m[2m:[0m loop count: 4, num_transactions_completed: 24, all txs num: 105, SUBBLOCK_GAS_LIMIT: 1000000
[2m2025-06-01T07:09:47.009968Z[0m [32m INFO[0m [2mrsp_host_executor[0m[2m:[0m num transactions left: 81
cycle-tracker-report-start: precompile-ecrecover
cycle-tracker-report-end: precompile-ecrecover
cycle-tracker-report-start: precompile-ecrecover
cycle-tracker-report-end: precompile-ecrecover
[2m2025-06-01T07:09:52.932927Z[0m [32m INFO[0m [2mrsp_host_executor[0m[2m:[0m successfully executed subblock: num_transactions_completed=24, upper=30
[2m2025-06-01T07:09:52.932964Z[0m [32m INFO[0m [2mrsp_host_executor[0m[2m:[0m accumulating the logs bloom
[2m2025-06-01T07:09:52.933980Z[0m [32m INFO[0m [2mrsp_host_executor[0m[2m:[0m executing subblock
[2m2025-06-01T07:09:52.933993Z[0m [32m INFO[0m [2mrsp_host_executor[0m[2m:[0m loop count: 5, num_transactions_completed: 30, all txs num: 105, SUBBLOCK_GAS_LIMIT: 1000000
[2m2025-06-01T07:09:52.934015Z[0m [32m INFO[0m [2mrsp_host_executor[0m[2m:[0m num transactions left: 75
[2m2025-06-01T07:09:56.368250Z[0m [32m INFO[0m [2mrsp_host_executor[0m[2m:[0m successfully executed subblock: num_transactions_completed=30, upper=36
[2m2025-06-01T07:09:56.368290Z[0m [32m INFO[0m [2mrsp_host_executor[0m[2m:[0m accumulating the logs bloom
[2m2025-06-01T07:09:56.368806Z[0m [32m INFO[0m [2mrsp_host_executor[0m[2m:[0m executing subblock
[2m2025-06-01T07:09:56.368819Z[0m [32m INFO[0m [2mrsp_host_executor[0m[2m:[0m loop count: 6, num_transactions_completed: 36, all txs num: 105, SUBBLOCK_GAS_LIMIT: 1000000
[2m2025-06-01T07:09:56.368835Z[0m [32m INFO[0m [2mrsp_host_executor[0m[2m:[0m num transactions left: 69
[2m2025-06-01T07:09:58.577919Z[0m [32m INFO[0m [2mrsp_host_executor[0m[2m:[0m successfully executed subblock: num_transactions_completed=36, upper=38
[2m2025-06-01T07:09:58.577955Z[0m [32m INFO[0m [2mrsp_host_executor[0m[2m:[0m accumulating the logs bloom
[2m2025-06-01T07:09:58.578260Z[0m [32m INFO[0m [2mrsp_host_executor[0m[2m:[0m executing subblock
[2m2025-06-01T07:09:58.578279Z[0m [32m INFO[0m [2mrsp_host_executor[0m[2m:[0m loop count: 7, num_transactions_completed: 38, all txs num: 105, SUBBLOCK_GAS_LIMIT: 1000000
[2m2025-06-01T07:09:58.578313Z[0m [32m INFO[0m [2mrsp_host_executor[0m[2m:[0m num transactions left: 67
[2m2025-06-01T07:10:03.603713Z[0m [32m INFO[0m [2mrsp_host_executor[0m[2m:[0m successfully executed subblock: num_transactions_completed=38, upper=45
[2m2025-06-01T07:10:03.603758Z[0m [32m INFO[0m [2mrsp_host_executor[0m[2m:[0m accumulating the logs bloom
[2m2025-06-01T07:10:03.604915Z[0m [32m INFO[0m [2mrsp_host_executor[0m[2m:[0m executing subblock
[2m2025-06-01T07:10:03.604933Z[0m [32m INFO[0m [2mrsp_host_executor[0m[2m:[0m loop count: 8, num_transactions_completed: 45, all txs num: 105, SUBBLOCK_GAS_LIMIT: 1000000
[2m2025-06-01T07:10:03.604955Z[0m [32m INFO[0m [2mrsp_host_executor[0m[2m:[0m num transactions left: 60
[2m2025-06-01T07:10:10.391642Z[0m [32m INFO[0m [2mrsp_host_executor[0m[2m:[0m successfully executed subblock: num_transactions_completed=45, upper=58
[2m2025-06-01T07:10:10.391685Z[0m [32m INFO[0m [2mrsp_host_executor[0m[2m:[0m accumulating the logs bloom
[2m2025-06-01T07:10:10.392489Z[0m [32m INFO[0m [2mrsp_host_executor[0m[2m:[0m executing subblock
[2m2025-06-01T07:10:10.392502Z[0m [32m INFO[0m [2mrsp_host_executor[0m[2m:[0m loop count: 9, num_transactions_completed: 58, all txs num: 105, SUBBLOCK_GAS_LIMIT: 1000000
[2m2025-06-01T07:10:10.392518Z[0m [32m INFO[0m [2mrsp_host_executor[0m[2m:[0m num transactions left: 47
cycle-tracker-report-start: precompile-ecrecover
cycle-tracker-report-end: precompile-ecrecover
[2m2025-06-01T07:10:16.182983Z[0m [32m INFO[0m [2mrsp_host_executor[0m[2m:[0m successfully executed subblock: num_transactions_completed=58, upper=66
[2m2025-06-01T07:10:16.183025Z[0m [32m INFO[0m [2mrsp_host_executor[0m[2m:[0m accumulating the logs bloom
[2m2025-06-01T07:10:16.184071Z[0m [32m INFO[0m [2mrsp_host_executor[0m[2m:[0m executing subblock
[2m2025-06-01T07:10:16.184092Z[0m [32m INFO[0m [2mrsp_host_executor[0m[2m:[0m loop count: 10, num_transactions_completed: 66, all txs num: 105, SUBBLOCK_GAS_LIMIT: 1000000
[2m2025-06-01T07:10:16.184118Z[0m [32m INFO[0m [2mrsp_host_executor[0m[2m:[0m num transactions left: 39
cycle-tracker-report-start: precompile-ecrecover
cycle-tracker-report-end: precompile-ecrecover
[2m2025-06-01T07:10:21.477856Z[0m [32m INFO[0m [2mrsp_host_executor[0m[2m:[0m successfully executed subblock: num_transactions_completed=66, upper=74
[2m2025-06-01T07:10:21.477913Z[0m [32m INFO[0m [2mrsp_host_executor[0m[2m:[0m accumulating the logs bloom
[2m2025-06-01T07:10:21.479101Z[0m [32m INFO[0m [2mrsp_host_executor[0m[2m:[0m executing subblock
[2m2025-06-01T07:10:21.479117Z[0m [32m INFO[0m [2mrsp_host_executor[0m[2m:[0m loop count: 11, num_transactions_completed: 74, all txs num: 105, SUBBLOCK_GAS_LIMIT: 1000000
[2m2025-06-01T07:10:21.479131Z[0m [32m INFO[0m [2mrsp_host_executor[0m[2m:[0m num transactions left: 31
cycle-tracker-report-start: precompile-ecrecover
cycle-tracker-report-end: precompile-ecrecover
cycle-tracker-report-start: precompile-ecrecover
cycle-tracker-report-end: precompile-ecrecover
[2m2025-06-01T07:10:25.843668Z[0m [32m INFO[0m [2mrsp_host_executor[0m[2m:[0m successfully executed subblock: num_transactions_completed=74, upper=78
[2m2025-06-01T07:10:25.843705Z[0m [32m INFO[0m [2mrsp_host_executor[0m[2m:[0m accumulating the logs bloom
[2m2025-06-01T07:10:25.844400Z[0m [32m INFO[0m [2mrsp_host_executor[0m[2m:[0m executing subblock
[2m2025-06-01T07:10:25.844409Z[0m [32m INFO[0m [2mrsp_host_executor[0m[2m:[0m loop count: 12, num_transactions_completed: 78, all txs num: 105, SUBBLOCK_GAS_LIMIT: 1000000
[2m2025-06-01T07:10:25.844422Z[0m [32m INFO[0m [2mrsp_host_executor[0m[2m:[0m num transactions left: 27
cycle-tracker-report-start: precompile-ecrecover
cycle-tracker-report-end: precompile-ecrecover
cycle-tracker-report-start: precompile-ecrecover
cycle-tracker-report-end: precompile-ecrecover
[2m2025-06-01T07:10:31.659529Z[0m [32m INFO[0m [2mrsp_host_executor[0m[2m:[0m successfully executed subblock: num_transactions_completed=78, upper=86
[2m2025-06-01T07:10:31.659610Z[0m [32m INFO[0m [2mrsp_host_executor[0m[2m:[0m accumulating the logs bloom
[2m2025-06-01T07:10:31.660947Z[0m [32m INFO[0m [2mrsp_host_executor[0m[2m:[0m executing subblock
[2m2025-06-01T07:10:31.660981Z[0m [32m INFO[0m [2mrsp_host_executor[0m[2m:[0m loop count: 13, num_transactions_completed: 86, all txs num: 105, SUBBLOCK_GAS_LIMIT: 1000000
[2m2025-06-01T07:10:31.661006Z[0m [32m INFO[0m [2mrsp_host_executor[0m[2m:[0m num transactions left: 19
cycle-tracker-report-start: precompile-ecrecover
cycle-tracker-report-end: precompile-ecrecover
[2m2025-06-01T07:10:35.722361Z[0m [32m INFO[0m [2mrsp_host_executor[0m[2m:[0m successfully executed subblock: num_transactions_completed=86, upper=91
[2m2025-06-01T07:10:35.722405Z[0m [32m INFO[0m [2mrsp_host_executor[0m[2m:[0m accumulating the logs bloom
[2m2025-06-01T07:10:35.723292Z[0m [32m INFO[0m [2mrsp_host_executor[0m[2m:[0m executing subblock
[2m2025-06-01T07:10:35.723307Z[0m [32m INFO[0m [2mrsp_host_executor[0m[2m:[0m loop count: 14, num_transactions_completed: 91, all txs num: 105, SUBBLOCK_GAS_LIMIT: 1000000
[2m2025-06-01T07:10:35.723328Z[0m [32m INFO[0m [2mrsp_host_executor[0m[2m:[0m num transactions left: 14
[2m2025-06-01T07:10:40.214484Z[0m [32m INFO[0m [2mrsp_host_executor[0m[2m:[0m successfully executed subblock: num_transactions_completed=91, upper=102
[2m2025-06-01T07:10:40.214529Z[0m [32m INFO[0m [2mrsp_host_executor[0m[2m:[0m accumulating the logs bloom
[2m2025-06-01T07:10:40.215632Z[0m [32m INFO[0m [2mrsp_host_executor[0m[2m:[0m executing subblock
[2m2025-06-01T07:10:40.215648Z[0m [32m INFO[0m [2mrsp_host_executor[0m[2m:[0m loop count: 15, num_transactions_completed: 102, all txs num: 105, SUBBLOCK_GAS_LIMIT: 1000000
[2m2025-06-01T07:10:40.215662Z[0m [32m INFO[0m [2mrsp_host_executor[0m[2m:[0m num transactions left: 3
cycle-tracker-report-start: precompile-ecrecover
cycle-tracker-report-end: precompile-ecrecover
[2m2025-06-01T07:10:42.921867Z[0m [32m INFO[0m [2mrsp_host_executor[0m[2m:[0m successfully executed subblock: num_transactions_completed=102, upper=105
[2m2025-06-01T07:10:42.921906Z[0m [32m INFO[0m [2mrsp_host_executor[0m[2m:[0m accumulating the logs bloom
[2m2025-06-01T07:10:47.613661Z[0m [32m INFO[0m [2mrsp_host_executor[0m[2m:[0m successfully executed block: block_number=17106222, block_hash=0xe2947483136770b2eac272e558d2c3737d34794233c710c5f7f6ec77fc59940c, state_root=0xd7ae86d7d2cc75cc821531fdfc6c752c2402bcf88e164e7ac35cf0f2cd8dcd02
[2m2025-06-01T07:10:47.613693Z[0m [32m INFO[0m [2mrsp_host_executor[0m[2m:[0m fetching 1 ancestor headers
[2m2025-06-01T07:10:47.666862Z[0m [32m INFO[0m [2mrsp_host_executor[0m[2m:[0m Pruned state compression ratio: 0.5465169020195516
[2m2025-06-01T07:10:47.680669Z[0m [32m INFO[0m [2mrsp_host_executor[0m[2m:[0m Pruned state compression ratio: 0.5302826724078517
[2m2025-06-01T07:10:47.692470Z[0m [32m INFO[0m [2mrsp_host_executor[0m[2m:[0m Pruned state compression ratio: 0.5153112293287738
[2m2025-06-01T07:10:47.704236Z[0m [32m INFO[0m [2mrsp_host_executor[0m[2m:[0m Pruned state compression ratio: 0.5439101144242854
[2m2025-06-01T07:10:47.716548Z[0m [32m INFO[0m [2mrsp_host_executor[0m[2m:[0m Pruned state compression ratio: 0.4929490240945518
[2m2025-06-01T07:10:47.727960Z[0m [32m INFO[0m [2mrsp_host_executor[0m[2m:[0m Pruned state compression ratio: 0.5304988951410474
[2m2025-06-01T07:10:47.737758Z[0m [32m INFO[0m [2mrsp_host_executor[0m[2m:[0m Pruned state compression ratio: 0.5885915939095882
[2m2025-06-01T07:10:47.751399Z[0m [32m INFO[0m [2mrsp_host_executor[0m[2m:[0m Pruned state compression ratio: 0.500565931327545
[2m2025-06-01T07:10:47.762473Z[0m [32m INFO[0m [2mrsp_host_executor[0m[2m:[0m Pruned state compression ratio: 0.5367469007039074
[2m2025-06-01T07:10:47.774438Z[0m [32m INFO[0m [2mrsp_host_executor[0m[2m:[0m Pruned state compression ratio: 0.5279697487645906
[2m2025-06-01T07:10:47.789517Z[0m [32m INFO[0m [2mrsp_host_executor[0m[2m:[0m Pruned state compression ratio: 0.5244264449081879
[2m2025-06-01T07:10:47.799790Z[0m [32m INFO[0m [2mrsp_host_executor[0m[2m:[0m Pruned state compression ratio: 0.5329766683474013
[2m2025-06-01T07:10:47.813142Z[0m [32m INFO[0m [2mrsp_host_executor[0m[2m:[0m Pruned state compression ratio: 0.5481591343601854
[2m2025-06-01T07:10:47.825418Z[0m [32m INFO[0m [2mrsp_host_executor[0m[2m:[0m Pruned state compression ratio: 0.4934707035698112
[2m2025-06-01T07:10:47.837156Z[0m [32m INFO[0m [2mrsp_host_executor[0m[2m:[0m Pruned state compression ratio: 0.5261723584344427
[2m2025-06-01T07:10:47.848890Z[0m [32m INFO[0m [2mrsp_host_executor[0m[2m:[0m Pruned state compression ratio: 0.4959215418468776
[2m2025-06-01T07:12:21.806080Z[0m [32m INFO[0m [2msubblock[0m[2m:[0m Public values size in bytes: 2226355
[2m2025-06-01T07:12:21.839523Z[0m [32m INFO[0m [1mexecute[0m[2m:[0m [2msp1_core_executor::executor[0m[2m:[0m clk = 0 pc = 0x200d04
[2m2025-06-01T07:12:21.839625Z[0m [32m INFO[0m [1mexecute[0m[2m:[0m [2msp1_core_executor::syscalls::write[0m[2m:[0m ┌╴deserialize input
[2m2025-06-01T07:12:21.854362Z[0m [32m INFO[0m [1mexecute[0m[2m:[0m [2msp1_core_executor::syscalls::write[0m[2m:[0m └╴331,761 cycles
[2m2025-06-01T07:12:21.854387Z[0m [32m INFO[0m [1mexecute[0m[2m:[0m [2msp1_core_executor::syscalls::write[0m[2m:[0m ┌╴commit input
[2m2025-06-01T07:12:21.944859Z[0m [32m INFO[0m [1mexecute[0m[2m:[0m [2msp1_core_executor::syscalls::write[0m[2m:[0m └╴1,160,966 cycles
[2m2025-06-01T07:12:21.944892Z[0m [32m INFO[0m [1mexecute[0m[2m:[0m [2msp1_core_executor::syscalls::write[0m[2m:[0m ┌╴deserialize parent state
[2m2025-06-01T07:12:22.326758Z[0m [32m INFO[0m [1mexecute[0m[2m:[0m [2msp1_core_executor::executor[0m[2m:[0m clk = 10000000 pc = 0x200a6c
[2m2025-06-01T07:12:22.542664Z[0m [32m INFO[0m [1mexecute[0m[2m:[0m [2msp1_core_executor::syscalls::write[0m[2m:[0m └╴12,960,309 cycles
[2m2025-06-01T07:12:22.542697Z[0m [32m INFO[0m [1mexecute[0m[2m:[0m [2msp1_core_executor::syscalls::write[0m[2m:[0m ┌╴execute subblock
[2m2025-06-01T07:12:22.542752Z[0m [32m INFO[0m [1mexecute[0m[2m:[0m [2msp1_core_executor::syscalls::write[0m[2m:[0m │ ┌╴compute input state root
[2m2025-06-01T07:12:22.623751Z[0m [32m INFO[0m [1mexecute[0m[2m:[0m [2msp1_core_executor::syscalls::write[0m[2m:[0m │ └╴1,174,848 cycles
[2m2025-06-01T07:12:22.623779Z[0m [32m INFO[0m [1mexecute[0m[2m:[0m [2msp1_core_executor::syscalls::write[0m[2m:[0m │ ┌╴construct trie db
[2m2025-06-01T07:12:22.743335Z[0m [32m INFO[0m [1mexecute[0m[2m:[0m [2msp1_core_executor::syscalls::write[0m[2m:[0m │ └╴616,734 cycles
[2m2025-06-01T07:12:22.743368Z[0m [32m INFO[0m [1mexecute[0m[2m:[0m [2msp1_core_executor::syscalls::write[0m[2m:[0m │ ┌╴recover senders
[2m2025-06-01T07:12:23.307771Z[0m [32m INFO[0m [1mexecute[0m[2m:[0m [2msp1_core_executor::syscalls::write[0m[2m:[0m │ └╴362,326 cycles
[2m2025-06-01T07:12:23.307838Z[0m [32m INFO[0m [1mexecute[0m[2m:[0m [2msp1_core_executor::syscalls::write[0m[2m:[0m │ ┌╴execute
[2m2025-06-01T07:12:23.440563Z[0m [32m INFO[0m [1mexecute[0m[2m:[0m [2msp1_core_executor::executor[0m[2m:[0m clk = 20000000 pc = 0x292c40
[2m2025-06-01T07:12:23.730734Z[0m [32m INFO[0m [1mexecute[0m[2m:[0m [2msp1_core_executor::syscalls::write[0m[2m:[0m │ └╴10,490,458 cycles
[2m2025-06-01T07:12:23.731475Z[0m [32m INFO[0m [1mexecute[0m[2m:[0m [2msp1_core_executor::syscalls::write[0m[2m:[0m │ ┌╴accrue logs bloom
[2m2025-06-01T07:12:23.739066Z[0m [32m INFO[0m [1mexecute[0m[2m:[0m [2msp1_core_executor::syscalls::write[0m[2m:[0m │ └╴136,052 cycles
[2m2025-06-01T07:12:23.739092Z[0m [32m INFO[0m [1mexecute[0m[2m:[0m [2msp1_core_executor::syscalls::write[0m[2m:[0m │ ┌╴finalize output
[2m2025-06-01T07:12:23.876302Z[0m [32m INFO[0m [1mexecute[0m[2m:[0m [2msp1_core_executor::syscalls::write[0m[2m:[0m │ └╴2,306,278 cycles
[2m2025-06-01T07:12:23.876444Z[0m [32m INFO[0m [1mexecute[0m[2m:[0m [2msp1_core_executor::syscalls::write[0m[2m:[0m └╴15,106,075 cycles
[2m2025-06-01T07:12:23.909581Z[0m [32m INFO[0m [1mexecute[0m[2m:[0m [2msp1_core_executor::executor[0m[2m:[0m clk = 30000000 pc = 0x324f50
[2m2025-06-01T07:12:23.923057Z[0m [32m INFO[0m [1mexecute[0m[2m:[0m [2msp1_prover[0m[2m:[0m gas: 49979386
[2m2025-06-01T07:12:23.923142Z[0m [32m INFO[0m [2msubblock[0m[2m:[0m Subblock 0: 30118851 instructions in 2.113 s → 14.251 MHz
[2m2025-06-01T07:12:23.954835Z[0m [32m INFO[0m [1mexecute[0m[2m:[0m [2msp1_core_executor::executor[0m[2m:[0m clk = 0 pc = 0x200d04
[2m2025-06-01T07:12:23.954921Z[0m [32m INFO[0m [1mexecute[0m[2m:[0m [2msp1_core_executor::syscalls::write[0m[2m:[0m ┌╴deserialize input
[2m2025-06-01T07:12:23.961764Z[0m [32m INFO[0m [1mexecute[0m[2m:[0m [2msp1_core_executor::syscalls::write[0m[2m:[0m └╴149,177 cycles
[2m2025-06-01T07:12:23.961787Z[0m [32m INFO[0m [1mexecute[0m[2m:[0m [2msp1_core_executor::syscalls::write[0m[2m:[0m ┌╴commit input
[2m2025-06-01T07:12:24.001489Z[0m [32m INFO[0m [1mexecute[0m[2m:[0m [2msp1_core_executor::syscalls::write[0m[2m:[0m └╴509,768 cycles
[2m2025-06-01T07:12:24.001522Z[0m [32m INFO[0m [1mexecute[0m[2m:[0m [2msp1_core_executor::syscalls::write[0m[2m:[0m ┌╴deserialize parent state
[2m2025-06-01T07:12:24.443738Z[0m [32m INFO[0m [1mexecute[0m[2m:[0m [2msp1_core_executor::executor[0m[2m:[0m clk = 10000000 pc = 0x31a53c
[2m2025-06-01T07:12:24.601067Z[0m [32m INFO[0m [1mexecute[0m[2m:[0m [2msp1_core_executor::syscalls::write[0m[2m:[0m └╴12,591,226 cycles
[2m2025-06-01T07:12:24.601102Z[0m [32m INFO[0m [1mexecute[0m[2m:[0m [2msp1_core_executor::syscalls::write[0m[2m:[0m ┌╴execute subblock
[2m2025-06-01T07:12:24.601155Z[0m [32m INFO[0m [1mexecute[0m[2m:[0m [2msp1_core_executor::syscalls::write[0m[2m:[0m │ ┌╴compute input state root
[2m2025-06-01T07:12:24.656400Z[0m [32m INFO[0m [1mexecute[0m[2m:[0m [2msp1_core_executor::syscalls::write[0m[2m:[0m │ └╴728,524 cycles
[2m2025-06-01T07:12:24.656438Z[0m [32m INFO[0m [1mexecute[0m[2m:[0m [2msp1_core_executor::syscalls::write[0m[2m:[0m │ ┌╴construct trie db
[2m2025-06-01T07:12:24.712672Z[0m [32m INFO[0m [1mexecute[0m[2m:[0m [2msp1_core_executor::syscalls::write[0m[2m:[0m │ └╴256,969 cycles
[2m2025-06-01T07:12:24.712700Z[0m [32m INFO[0m [1mexecute[0m[2m:[0m [2msp1_core_executor::syscalls::write[0m[2m:[0m │ ┌╴recover senders
[2m2025-06-01T07:12:25.471754Z[0m [32m INFO[0m [1mexecute[0m[2m:[0m [2msp1_core_executor::syscalls::write[0m[2m:[0m │ └╴254,640 cycles
[2m2025-06-01T07:12:25.471834Z[0m [32m INFO[0m [1mexecute[0m[2m:[0m [2msp1_core_executor::syscalls::write[0m[2m:[0m │ ┌╴execute
[2m2025-06-01T07:12:25.567495Z[0m [32m INFO[0m [1mexecute[0m[2m:[0m [2msp1_core_executor::syscalls::write[0m[2m:[0m │ └╴2,322,939 cycles
[2m2025-06-01T07:12:25.567732Z[0m [32m INFO[0m [1mexecute[0m[2m:[0m [2msp1_core_executor::syscalls::write[0m[2m:[0m │ ┌╴accrue logs bloom
[2m2025-06-01T07:12:25.569517Z[0m [32m INFO[0m [1mexecute[0m[2m:[0m [2msp1_core_executor::syscalls::write[0m[2m:[0m │ └╴39,730 cycles
[2m2025-06-01T07:12:25.569540Z[0m [32m INFO[0m [1mexecute[0m[2m:[0m [2msp1_core_executor::syscalls::write[0m[2m:[0m │ ┌╴finalize output
[2m2025-06-01T07:12:25.625072Z[0m [32m INFO[0m [1mexecute[0m[2m:[0m [2msp1_core_executor::syscalls::write[0m[2m:[0m │ └╴965,222 cycles
[2m2025-06-01T07:12:25.625176Z[0m [32m INFO[0m [1mexecute[0m[2m:[0m [2msp1_core_executor::syscalls::write[0m[2m:[0m └╴4,576,399 cycles
[2m2025-06-01T07:12:25.655070Z[0m [32m INFO[0m [1mexecute[0m[2m:[0m [2msp1_prover[0m[2m:[0m gas: 33294870
[2m2025-06-01T07:12:25.655133Z[0m [32m INFO[0m [2msubblock[0m[2m:[0m Subblock 1: 18293806 instructions in 1.732 s → 10.564 MHz
[2m2025-06-01T07:12:25.685358Z[0m [32m INFO[0m [1mexecute[0m[2m:[0m [2msp1_core_executor::executor[0m[2m:[0m clk = 0 pc = 0x200d04
[2m2025-06-01T07:12:25.685442Z[0m [32m INFO[0m [1mexecute[0m[2m:[0m [2msp1_core_executor::syscalls::write[0m[2m:[0m ┌╴deserialize input
[2m2025-06-01T07:12:25.698936Z[0m [32m INFO[0m [1mexecute[0m[2m:[0m [2msp1_core_executor::syscalls::write[0m[2m:[0m └╴299,002 cycles
[2m2025-06-01T07:12:25.698965Z[0m [32m INFO[0m [1mexecute[0m[2m:[0m [2msp1_core_executor::syscalls::write[0m[2m:[0m ┌╴commit input
[2m2025-06-01T07:12:25.785662Z[0m [32m INFO[0m [1mexecute[0m[2m:[0m [2msp1_core_executor::syscalls::write[0m[2m:[0m └╴1,103,913 cycles
[2m2025-06-01T07:12:25.785695Z[0m [32m INFO[0m [1mexecute[0m[2m:[0m [2msp1_core_executor::syscalls::write[0m[2m:[0m ┌╴deserialize parent state
[2m2025-06-01T07:12:26.176784Z[0m [32m INFO[0m [1mexecute[0m[2m:[0m [2msp1_core_executor::executor[0m[2m:[0m clk = 10000000 pc = 0x30830c
[2m2025-06-01T07:12:26.354223Z[0m [32m INFO[0m [1mexecute[0m[2m:[0m [2msp1_core_executor::syscalls::write[0m[2m:[0m └╴12,247,802 cycles
[2m2025-06-01T07:12:26.354257Z[0m [32m INFO[0m [1mexecute[0m[2m:[0m [2msp1_core_executor::syscalls::write[0m[2m:[0m ┌╴execute subblock
[2m2025-06-01T07:12:26.354313Z[0m [32m INFO[0m [1mexecute[0m[2m:[0m [2msp1_core_executor::syscalls::write[0m[2m:[0m │ ┌╴compute input state root
[2m2025-06-01T07:12:26.437458Z[0m [32m INFO[0m [1mexecute[0m[2m:[0m [2msp1_core_executor::syscalls::write[0m[2m:[0m │ └╴967,155 cycles
[2m2025-06-01T07:12:26.437489Z[0m [32m INFO[0m [1mexecute[0m[2m:[0m [2msp1_core_executor::syscalls::write[0m[2m:[0m │ ┌╴construct trie db
[2m2025-06-01T07:12:26.482026Z[0m [32m INFO[0m [1mexecute[0m[2m:[0m [2msp1_core_executor::syscalls::write[0m[2m:[0m │ └╴603,091 cycles
[2m2025-06-01T07:12:26.482055Z[0m [32m INFO[0m [1mexecute[0m[2m:[0m [2msp1_core_executor::syscalls::write[0m[2m:[0m │ ┌╴recover senders
[2m2025-06-01T07:12:26.714697Z[0m [32m INFO[0m [1mexecute[0m[2m:[0m [2msp1_core_executor::syscalls::write[0m[2m:[0m │ └╴153,518 cycles
[2m2025-06-01T07:12:26.714762Z[0m [32m INFO[0m [1mexecute[0m[2m:[0m [2msp1_core_executor::syscalls::write[0m[2m:[0m │ ┌╴execute
[2m2025-06-01T07:12:26.924645Z[0m [32m INFO[0m [1mexecute[0m[2m:[0m [2msp1_core_executor::executor[0m[2m:[0m clk = 20000000 pc = 0x32638c
[2m2025-06-01T07:12:27.040418Z[0m [32m INFO[0m [1mexecute[0m[2m:[0m [2msp1_core_executor::syscalls::write[0m[2m:[0m │ └╴7,410,551 cycles
[2m2025-06-01T07:12:27.040821Z[0m [32m INFO[0m [1mexecute[0m[2m:[0m [2msp1_core_executor::syscalls::write[0m[2m:[0m │ ┌╴accrue logs bloom
[2m2025-06-01T07:12:27.043929Z[0m [32m INFO[0m [1mexecute[0m[2m:[0m [2msp1_core_executor::syscalls::write[0m[2m:[0m │ └╴63,310 cycles
[2m2025-06-01T07:12:27.043953Z[0m [32m INFO[0m [1mexecute[0m[2m:[0m [2msp1_core_executor::syscalls::write[0m[2m:[0m │ ┌╴finalize output
[2m2025-06-01T07:12:27.165197Z[0m [32m INFO[0m [1mexecute[0m[2m:[0m [2msp1_core_executor::syscalls::write[0m[2m:[0m │ └╴1,879,775 cycles
[2m2025-06-01T07:12:27.165315Z[0m [32m INFO[0m [1mexecute[0m[2m:[0m [2msp1_core_executor::syscalls::write[0m[2m:[0m └╴11,089,457 cycles
[2m2025-06-01T07:12:27.204604Z[0m [32m INFO[0m [1mexecute[0m[2m:[0m [2msp1_prover[0m[2m:[0m gas: 43037377
[2m2025-06-01T07:12:27.204684Z[0m [32m INFO[0m [2msubblock[0m[2m:[0m Subblock 2: 25219476 instructions in 1.549 s → 16.279 MHz
[2m2025-06-01T07:12:27.237287Z[0m [32m INFO[0m [1mexecute[0m[2m:[0m [2msp1_core_executor::executor[0m[2m:[0m clk = 0 pc = 0x200d04
[2m2025-06-01T07:12:27.237377Z[0m [32m INFO[0m [1mexecute[0m[2m:[0m [2msp1_core_executor::syscalls::write[0m[2m:[0m ┌╴deserialize input
[2m2025-06-01T07:12:27.249728Z[0m [32m INFO[0m [1mexecute[0m[2m:[0m [2msp1_core_executor::syscalls::write[0m[2m:[0m └╴276,546 cycles
[2m2025-06-01T07:12:27.249753Z[0m [32m INFO[0m [1mexecute[0m[2m:[0m [2msp1_core_executor::syscalls::write[0m[2m:[0m ┌╴commit input
[2m2025-06-01T07:12:27.325855Z[0m [32m INFO[0m [1mexecute[0m[2m:[0m [2msp1_core_executor::syscalls::write[0m[2m:[0m └╴986,849 cycles
[2m2025-06-01T07:12:27.325889Z[0m [32m INFO[0m [1mexecute[0m[2m:[0m [2msp1_core_executor::syscalls::write[0m[2m:[0m ┌╴deserialize parent state
[2m2025-06-01T07:12:27.741164Z[0m [32m INFO[0m [1mexecute[0m[2m:[0m [2msp1_core_executor::executor[0m[2m:[0m clk = 10000000 pc = 0x3082fc
[2m2025-06-01T07:12:27.943304Z[0m [32m INFO[0m [1mexecute[0m[2m:[0m [2msp1_core_executor::syscalls::write[0m[2m:[0m └╴12,902,895 cycles
[2m2025-06-01T07:12:27.943338Z[0m [32m INFO[0m [1mexecute[0m[2m:[0m [2msp1_core_executor::syscalls::write[0m[2m:[0m ┌╴execute subblock
[2m2025-06-01T07:12:27.943391Z[0m [32m INFO[0m [1mexecute[0m[2m:[0m [2msp1_core_executor::syscalls::write[0m[2m:[0m │ ┌╴compute input state root
[2m2025-06-01T07:12:28.045054Z[0m [32m INFO[0m [1mexecute[0m[2m:[0m [2msp1_core_executor::syscalls::write[0m[2m:[0m │ └╴1,245,969 cycles
[2m2025-06-01T07:12:28.045081Z[0m [32m INFO[0m [1mexecute[0m[2m:[0m [2msp1_core_executor::syscalls::write[0m[2m:[0m │ ┌╴construct trie db
[2m2025-06-01T07:12:28.092463Z[0m [32m INFO[0m [1mexecute[0m[2m:[0m [2msp1_core_executor::syscalls::write[0m[2m:[0m │ └╴532,982 cycles
[2m2025-06-01T07:12:28.092494Z[0m [32m INFO[0m [1mexecute[0m[2m:[0m [2msp1_core_executor::syscalls::write[0m[2m:[0m │ ┌╴recover senders
[2m2025-06-01T07:12:28.585519Z[0m [32m INFO[0m [1mexecute[0m[2m:[0m [2msp1_core_executor::syscalls::write[0m[2m:[0m │ └╴307,775 cycles
[2m2025-06-01T07:12:28.585599Z[0m [32m INFO[0m [1mexecute[0m[2m:[0m [2msp1_core_executor::syscalls::write[0m[2m:[0m │ ┌╴execute
[2m2025-06-01T07:12:28.756565Z[0m [32m INFO[0m [1mexecute[0m[2m:[0m [2msp1_core_executor::executor[0m[2m:[0m clk = 20000000 pc = 0x347db4
[2m2025-06-01T07:12:28.831271Z[0m [32m INFO[0m [1mexecute[0m[2m:[0m [2msp1_core_executor::syscalls::write[0m[2m:[0m │ │ ┌╴precompile-ecrecover
[2m2025-06-01T07:12:28.902987Z[0m [32m INFO[0m [1mexecute[0m[2m:[0m [2msp1_core_executor::syscalls::write[0m[2m:[0m │ │ └╴39,055 cycles
[2m2025-06-01T07:12:28.925386Z[0m [32m INFO[0m [1mexecute[0m[2m:[0m [2msp1_core_executor::syscalls::write[0m[2m:[0m │ └╴6,201,023 cycles
[2m2025-06-01T07:12:28.925912Z[0m [32m INFO[0m [1mexecute[0m[2m:[0m [2msp1_core_executor::syscalls::write[0m[2m:[0m │ ┌╴accrue logs bloom
[2m2025-06-01T07:12:28.931742Z[0m [32m INFO[0m [1mexecute[0m[2m:[0m [2msp1_core_executor::syscalls::write[0m[2m:[0m │ └╴104,192 cycles
[2m2025-06-01T07:12:28.931766Z[0m [32m INFO[0m [1mexecute[0m[2m:[0m [2msp1_core_executor::syscalls::write[0m[2m:[0m │ ┌╴finalize output
[2m2025-06-01T07:12:29.047109Z[0m [32m INFO[0m [1mexecute[0m[2m:[0m [2msp1_core_executor::syscalls::write[0m[2m:[0m │ └╴1,994,448 cycles
[2m2025-06-01T07:12:29.047244Z[0m [32m INFO[0m [1mexecute[0m[2m:[0m [2msp1_core_executor::syscalls::write[0m[2m:[0m └╴10,401,038 cycles
[2m2025-06-01T07:12:29.086496Z[0m [32m INFO[0m [1mexecute[0m[2m:[0m [2msp1_prover[0m[2m:[0m gas: 43564396
[2m2025-06-01T07:12:29.086615Z[0m [32m INFO[0m [2msubblock[0m[2m:[0m Subblock 3: 25091650 instructions in 1.882 s → 13.336 MHz
[2m2025-06-01T07:12:29.116621Z[0m [32m INFO[0m [1mexecute[0m[2m:[0m [2msp1_core_executor::executor[0m[2m:[0m clk = 0 pc = 0x200d04
[2m2025-06-01T07:12:29.116711Z[0m [32m INFO[0m [1mexecute[0m[2m:[0m [2msp1_core_executor::syscalls::write[0m[2m:[0m ┌╴deserialize input
[2m2025-06-01T07:12:29.133405Z[0m [32m INFO[0m [1mexecute[0m[2m:[0m [2msp1_core_executor::syscalls::write[0m[2m:[0m └╴364,259 cycles
[2m2025-06-01T07:12:29.133431Z[0m [32m INFO[0m [1mexecute[0m[2m:[0m [2msp1_core_executor::syscalls::write[0m[2m:[0m ┌╴commit input
[2m2025-06-01T07:12:29.234782Z[0m [32m INFO[0m [1mexecute[0m[2m:[0m [2msp1_core_executor::syscalls::write[0m[2m:[0m └╴1,326,381 cycles
[2m2025-06-01T07:12:29.234808Z[0m [32m INFO[0m [1mexecute[0m[2m:[0m [2msp1_core_executor::syscalls::write[0m[2m:[0m ┌╴deserialize parent state
[2m2025-06-01T07:12:29.609032Z[0m [32m INFO[0m [1mexecute[0m[2m:[0m [2msp1_core_executor::executor[0m[2m:[0m clk = 10000000 pc = 0x308390
[2m2025-06-01T07:12:29.774394Z[0m [32m INFO[0m [1mexecute[0m[2m:[0m [2msp1_core_executor::syscalls::write[0m[2m:[0m └╴11,739,047 cycles
[2m2025-06-01T07:12:29.774427Z[0m [32m INFO[0m [1mexecute[0m[2m:[0m [2msp1_core_executor::syscalls::write[0m[2m:[0m ┌╴execute subblock
[2m2025-06-01T07:12:29.774480Z[0m [32m INFO[0m [1mexecute[0m[2m:[0m [2msp1_core_executor::syscalls::write[0m[2m:[0m │ ┌╴compute input state root
[2m2025-06-01T07:12:29.877983Z[0m [32m INFO[0m [1mexecute[0m[2m:[0m [2msp1_core_executor::syscalls::write[0m[2m:[0m │ └╴1,391,012 cycles
[2m2025-06-01T07:12:29.878011Z[0m [32m INFO[0m [1mexecute[0m[2m:[0m [2msp1_core_executor::syscalls::write[0m[2m:[0m │ ┌╴construct trie db
[2m2025-06-01T07:12:29.962103Z[0m [32m INFO[0m [1mexecute[0m[2m:[0m [2msp1_core_executor::syscalls::write[0m[2m:[0m │ └╴722,479 cycles
[2m2025-06-01T07:12:29.962141Z[0m [32m INFO[0m [1mexecute[0m[2m:[0m [2msp1_core_executor::syscalls::write[0m[2m:[0m │ ┌╴recover senders
[2m2025-06-01T07:12:30.517150Z[0m [32m INFO[0m [1mexecute[0m[2m:[0m [2msp1_core_executor::syscalls::write[0m[2m:[0m │ └╴284,276 cycles
[2m2025-06-01T07:12:30.517246Z[0m [32m INFO[0m [1mexecute[0m[2m:[0m [2msp1_core_executor::syscalls::write[0m[2m:[0m │ ┌╴execute
[2m2025-06-01T07:12:30.694485Z[0m [32m INFO[0m [1mexecute[0m[2m:[0m [2msp1_core_executor::executor[0m[2m:[0m clk = 20000000 pc = 0x2009e8
[2m2025-06-01T07:12:30.834683Z[0m [32m INFO[0m [1mexecute[0m[2m:[0m [2msp1_core_executor::syscalls::write[0m[2m:[0m │ │ ┌╴precompile-ecrecover
[2m2025-06-01T07:12:30.914457Z[0m [32m INFO[0m [1mexecute[0m[2m:[0m [2msp1_core_executor::syscalls::write[0m[2m:[0m │ │ └╴39,299 cycles
[2m2025-06-01T07:12:30.993538Z[0m [32m INFO[0m [1mexecute[0m[2m:[0m [2msp1_core_executor::syscalls::write[0m[2m:[0m │ │ ┌╴precompile-ecrecover
[2m2025-06-01T07:12:31.067497Z[0m [32m INFO[0m [1mexecute[0m[2m:[0m [2msp1_core_executor::syscalls::write[0m[2m:[0m │ │ └╴37,006 cycles
[2m2025-06-01T07:12:31.084783Z[0m [32m INFO[0m [1mexecute[0m[2m:[0m [2msp1_core_executor::syscalls::write[0m[2m:[0m │ └╴10,089,438 cycles
[2m2025-06-01T07:12:31.085386Z[0m [32m INFO[0m [1mexecute[0m[2m:[0m [2msp1_core_executor::syscalls::write[0m[2m:[0m │ ┌╴accrue logs bloom
[2m2025-06-01T07:12:31.092133Z[0m [32m INFO[0m [1mexecute[0m[2m:[0m [2msp1_core_executor::syscalls::write[0m[2m:[0m │ └╴109,059 cycles
[2m2025-06-01T07:12:31.092156Z[0m [32m INFO[0m [1mexecute[0m[2m:[0m [2msp1_core_executor::syscalls::write[0m[2m:[0m │ ┌╴finalize output
[2m2025-06-01T07:12:31.256235Z[0m [32m INFO[0m [1mexecute[0m[2m:[0m [2msp1_core_executor::syscalls::write[0m[2m:[0m │ └╴2,592,626 cycles
[2m2025-06-01T07:12:31.256370Z[0m [32m INFO[0m [1mexecute[0m[2m:[0m [2msp1_core_executor::syscalls::write[0m[2m:[0m └╴15,205,728 cycles
[2m2025-06-01T07:12:31.307535Z[0m [32m INFO[0m [1mexecute[0m[2m:[0m [2msp1_prover[0m[2m:[0m gas: 48658800
[2m2025-06-01T07:12:31.307639Z[0m [32m INFO[0m [2msubblock[0m[2m:[0m Subblock 4: 29137745 instructions in 2.221 s → 13.121 MHz
[2m2025-06-01T07:12:31.340405Z[0m [32m INFO[0m [1mexecute[0m[2m:[0m [2msp1_core_executor::executor[0m[2m:[0m clk = 0 pc = 0x200d04
[2m2025-06-01T07:12:31.340490Z[0m [32m INFO[0m [1mexecute[0m[2m:[0m [2msp1_core_executor::syscalls::write[0m[2m:[0m ┌╴deserialize input
[2m2025-06-01T07:12:31.346661Z[0m [32m INFO[0m [1mexecute[0m[2m:[0m [2msp1_core_executor::syscalls::write[0m[2m:[0m └╴134,893 cycles
[2m2025-06-01T07:12:31.346685Z[0m [32m INFO[0m [1mexecute[0m[2m:[0m [2msp1_core_executor::syscalls::write[0m[2m:[0m ┌╴commit input
[2m2025-06-01T07:12:31.380364Z[0m [32m INFO[0m [1mexecute[0m[2m:[0m [2msp1_core_executor::syscalls::write[0m[2m:[0m └╴448,979 cycles
[2m2025-06-01T07:12:31.380393Z[0m [32m INFO[0m [1mexecute[0m[2m:[0m [2msp1_core_executor::syscalls::write[0m[2m:[0m ┌╴deserialize parent state
[2m2025-06-01T07:12:31.826188Z[0m [32m INFO[0m [1mexecute[0m[2m:[0m [2msp1_core_executor::executor[0m[2m:[0m clk = 10000000 pc = 0x352a6c
[2m2025-06-01T07:12:31.982118Z[0m [32m INFO[0m [1mexecute[0m[2m:[0m [2msp1_core_executor::syscalls::write[0m[2m:[0m └╴12,608,554 cycles
[2m2025-06-01T07:12:31.982151Z[0m [32m INFO[0m [1mexecute[0m[2m:[0m [2msp1_core_executor::syscalls::write[0m[2m:[0m ┌╴execute subblock
[2m2025-06-01T07:12:31.982204Z[0m [32m INFO[0m [1mexecute[0m[2m:[0m [2msp1_core_executor::syscalls::write[0m[2m:[0m │ ┌╴compute input state root
[2m2025-06-01T07:12:32.055101Z[0m [32m INFO[0m [1mexecute[0m[2m:[0m [2msp1_core_executor::syscalls::write[0m[2m:[0m │ └╴962,751 cycles
[2m2025-06-01T07:12:32.055128Z[0m [32m INFO[0m [1mexecute[0m[2m:[0m [2msp1_core_executor::syscalls::write[0m[2m:[0m │ ┌╴construct trie db
[2m2025-06-01T07:12:32.104863Z[0m [32m INFO[0m [1mexecute[0m[2m:[0m [2msp1_core_executor::syscalls::write[0m[2m:[0m │ └╴225,954 cycles
[2m2025-06-01T07:12:32.104892Z[0m [32m INFO[0m [1mexecute[0m[2m:[0m [2msp1_core_executor::syscalls::write[0m[2m:[0m │ ┌╴recover senders
[2m2025-06-01T07:12:32.878235Z[0m [32m INFO[0m [1mexecute[0m[2m:[0m [2msp1_core_executor::syscalls::write[0m[2m:[0m │ └╴257,849 cycles
[2m2025-06-01T07:12:32.878316Z[0m [32m INFO[0m [1mexecute[0m[2m:[0m [2msp1_core_executor::syscalls::write[0m[2m:[0m │ ┌╴execute
[2m2025-06-01T07:12:33.004300Z[0m [32m INFO[0m [1mexecute[0m[2m:[0m [2msp1_core_executor::syscalls::write[0m[2m:[0m │ └╴3,155,128 cycles
[2m2025-06-01T07:12:33.004617Z[0m [32m INFO[0m [1mexecute[0m[2m:[0m [2msp1_core_executor::syscalls::write[0m[2m:[0m │ ┌╴accrue logs bloom
[2m2025-06-01T07:12:33.007478Z[0m [32m INFO[0m [1mexecute[0m[2m:[0m [2msp1_core_executor::syscalls::write[0m[2m:[0m │ └╴52,528 cycles
[2m2025-06-01T07:12:33.007502Z[0m [32m INFO[0m [1mexecute[0m[2m:[0m [2msp1_core_executor::syscalls::write[0m[2m:[0m │ ┌╴finalize output
[2m2025-06-01T07:12:33.076104Z[0m [32m INFO[0m [1mexecute[0m[2m:[0m [2msp1_core_executor::syscalls::write[0m[2m:[0m │ └╴1,186,924 cycles
[2m2025-06-01T07:12:33.076215Z[0m [32m INFO[0m [1mexecute[0m[2m:[0m [2msp1_core_executor::syscalls::write[0m[2m:[0m └╴5,851,285 cycles
[2m2025-06-01T07:12:33.107731Z[0m [32m INFO[0m [1mexecute[0m[2m:[0m [2msp1_prover[0m[2m:[0m gas: 34391587
[2m2025-06-01T07:12:33.107796Z[0m [32m INFO[0m [2msubblock[0m[2m:[0m Subblock 5: 19528274 instructions in 1.800 s → 10.850 MHz
[2m2025-06-01T07:12:33.138328Z[0m [32m INFO[0m [1mexecute[0m[2m:[0m [2msp1_core_executor::executor[0m[2m:[0m clk = 0 pc = 0x200d04
[2m2025-06-01T07:12:33.138415Z[0m [32m INFO[0m [1mexecute[0m[2m:[0m [2msp1_core_executor::syscalls::write[0m[2m:[0m ┌╴deserialize input
[2m2025-06-01T07:12:33.140141Z[0m [32m INFO[0m [1mexecute[0m[2m:[0m [2msp1_core_executor::syscalls::write[0m[2m:[0m └╴37,271 cycles
[2m2025-06-01T07:12:33.140163Z[0m [32m INFO[0m [1mexecute[0m[2m:[0m [2msp1_core_executor::syscalls::write[0m[2m:[0m ┌╴commit input
[2m2025-06-01T07:12:33.146054Z[0m [32m INFO[0m [1mexecute[0m[2m:[0m [2msp1_core_executor::syscalls::write[0m[2m:[0m └╴96,410 cycles
[2m2025-06-01T07:12:33.146077Z[0m [32m INFO[0m [1mexecute[0m[2m:[0m [2msp1_core_executor::syscalls::write[0m[2m:[0m ┌╴deserialize parent state
[2m2025-06-01T07:12:33.589528Z[0m [32m INFO[0m [1mexecute[0m[2m:[0m [2msp1_core_executor::executor[0m[2m:[0m clk = 10000000 pc = 0x200a3c
[2m2025-06-01T07:12:33.788482Z[0m [32m INFO[0m [1mexecute[0m[2m:[0m [2msp1_core_executor::syscalls::write[0m[2m:[0m └╴13,951,930 cycles
[2m2025-06-01T07:12:33.788513Z[0m [32m INFO[0m [1mexecute[0m[2m:[0m [2msp1_core_executor::syscalls::write[0m[2m:[0m ┌╴execute subblock
[2m2025-06-01T07:12:33.788579Z[0m [32m INFO[0m [1mexecute[0m[2m:[0m [2msp1_core_executor::syscalls::write[0m[2m:[0m │ ┌╴compute input state root
[2m2025-06-01T07:12:33.861108Z[0m [32m INFO[0m [1mexecute[0m[2m:[0m [2msp1_core_executor::syscalls::write[0m[2m:[0m │ └╴830,372 cycles
[2m2025-06-01T07:12:33.861135Z[0m [32m INFO[0m [1mexecute[0m[2m:[0m [2msp1_core_executor::syscalls::write[0m[2m:[0m │ ┌╴construct trie db
[2m2025-06-01T07:12:33.862936Z[0m [32m INFO[0m [1mexecute[0m[2m:[0m [2msp1_core_executor::syscalls::write[0m[2m:[0m │ └╴25,428 cycles
[2m2025-06-01T07:12:33.862959Z[0m [32m INFO[0m [1mexecute[0m[2m:[0m [2msp1_core_executor::syscalls::write[0m[2m:[0m │ ┌╴recover senders
[2m2025-06-01T07:12:34.017182Z[0m [32m INFO[0m [1mexecute[0m[2m:[0m [2msp1_core_executor::syscalls::write[0m[2m:[0m │ └╴95,930 cycles
[2m2025-06-01T07:12:34.017247Z[0m [32m INFO[0m [1mexecute[0m[2m:[0m [2msp1_core_executor::syscalls::write[0m[2m:[0m │ ┌╴execute
[2m2025-06-01T07:12:34.051641Z[0m [32m INFO[0m [1mexecute[0m[2m:[0m [2msp1_core_executor::syscalls::write[0m[2m:[0m │ └╴876,388 cycles
[2m2025-06-01T07:12:34.051698Z[0m [32m INFO[0m [1mexecute[0m[2m:[0m [2msp1_core_executor::syscalls::write[0m[2m:[0m │ ┌╴accrue logs bloom
[2m2025-06-01T07:12:34.051853Z[0m [32m INFO[0m [1mexecute[0m[2m:[0m [2msp1_core_executor::syscalls::write[0m[2m:[0m │ └╴4,605 cycles
[2m2025-06-01T07:12:34.051870Z[0m [32m INFO[0m [1mexecute[0m[2m:[0m [2msp1_core_executor::syscalls::write[0m[2m:[0m │ ┌╴finalize output
[2m2025-06-01T07:12:34.099646Z[0m [32m INFO[0m [1mexecute[0m[2m:[0m [2msp1_core_executor::syscalls::write[0m[2m:[0m │ └╴765,367 cycles
[2m2025-06-01T07:12:34.099716Z[0m [32m INFO[0m [1mexecute[0m[2m:[0m [2msp1_core_executor::syscalls::write[0m[2m:[0m └╴2,602,683 cycles
[2m2025-06-01T07:12:34.128507Z[0m [32m INFO[0m [1mexecute[0m[2m:[0m [2msp1_prover[0m[2m:[0m gas: 29733846
[2m2025-06-01T07:12:34.128585Z[0m [32m INFO[0m [2msubblock[0m[2m:[0m Subblock 6: 17176592 instructions in 1.020 s → 16.832 MHz
[2m2025-06-01T07:12:34.160718Z[0m [32m INFO[0m [1mexecute[0m[2m:[0m [2msp1_core_executor::executor[0m[2m:[0m clk = 0 pc = 0x200d04
[2m2025-06-01T07:12:34.160803Z[0m [32m INFO[0m [1mexecute[0m[2m:[0m [2msp1_core_executor::syscalls::write[0m[2m:[0m ┌╴deserialize input
[2m2025-06-01T07:12:34.170513Z[0m [32m INFO[0m [1mexecute[0m[2m:[0m [2msp1_core_executor::syscalls::write[0m[2m:[0m └╴219,520 cycles
[2m2025-06-01T07:12:34.170536Z[0m [32m INFO[0m [1mexecute[0m[2m:[0m [2msp1_core_executor::syscalls::write[0m[2m:[0m ┌╴commit input
[2m2025-06-01T07:12:34.229939Z[0m [32m INFO[0m [1mexecute[0m[2m:[0m [2msp1_core_executor::syscalls::write[0m[2m:[0m └╴768,377 cycles
[2m2025-06-01T07:12:34.229966Z[0m [32m INFO[0m [1mexecute[0m[2m:[0m [2msp1_core_executor::syscalls::write[0m[2m:[0m ┌╴deserialize parent state
[2m2025-06-01T07:12:34.636965Z[0m [32m INFO[0m [1mexecute[0m[2m:[0m [2msp1_core_executor::executor[0m[2m:[0m clk = 10000000 pc = 0x200a3c
[2m2025-06-01T07:12:34.777986Z[0m [32m INFO[0m [1mexecute[0m[2m:[0m [2msp1_core_executor::syscalls::write[0m[2m:[0m └╴11,919,319 cycles
[2m2025-06-01T07:12:34.778016Z[0m [32m INFO[0m [1mexecute[0m[2m:[0m [2msp1_core_executor::syscalls::write[0m[2m:[0m ┌╴execute subblock
[2m2025-06-01T07:12:34.778071Z[0m [32m INFO[0m [1mexecute[0m[2m:[0m [2msp1_core_executor::syscalls::write[0m[2m:[0m │ ┌╴compute input state root
[2m2025-06-01T07:12:34.872431Z[0m [32m INFO[0m [1mexecute[0m[2m:[0m [2msp1_core_executor::syscalls::write[0m[2m:[0m │ └╴1,313,849 cycles
[2m2025-06-01T07:12:34.872460Z[0m [32m INFO[0m [1mexecute[0m[2m:[0m [2msp1_core_executor::syscalls::write[0m[2m:[0m │ ┌╴construct trie db
[2m2025-06-01T07:12:34.918727Z[0m [32m INFO[0m [1mexecute[0m[2m:[0m [2msp1_core_executor::syscalls::write[0m[2m:[0m │ └╴405,717 cycles
[2m2025-06-01T07:12:34.918755Z[0m [32m INFO[0m [1mexecute[0m[2m:[0m [2msp1_core_executor::syscalls::write[0m[2m:[0m │ ┌╴recover senders
[2m2025-06-01T07:12:35.561383Z[0m [32m INFO[0m [1mexecute[0m[2m:[0m [2msp1_core_executor::syscalls::write[0m[2m:[0m │ └╴310,114 cycles
[2m2025-06-01T07:12:35.561462Z[0m [32m INFO[0m [1mexecute[0m[2m:[0m [2msp1_core_executor::syscalls::write[0m[2m:[0m │ ┌╴execute
[2m2025-06-01T07:12:35.780836Z[0m [32m INFO[0m [1mexecute[0m[2m:[0m [2msp1_core_executor::executor[0m[2m:[0m clk = 20000000 pc = 0x200900
[2m2025-06-01T07:12:35.870511Z[0m [32m INFO[0m [1mexecute[0m[2m:[0m [2msp1_core_executor::syscalls::write[0m[2m:[0m │ └╴7,338,338 cycles
[2m2025-06-01T07:12:35.871135Z[0m [32m INFO[0m [1mexecute[0m[2m:[0m [2msp1_core_executor::syscalls::write[0m[2m:[0m │ ┌╴accrue logs bloom
[2m2025-06-01T07:12:35.877353Z[0m [32m INFO[0m [1mexecute[0m[2m:[0m [2msp1_core_executor::syscalls::write[0m[2m:[0m │ └╴113,688 cycles
[2m2025-06-01T07:12:35.877377Z[0m [32m INFO[0m [1mexecute[0m[2m:[0m [2msp1_core_executor::syscalls::write[0m[2m:[0m │ ┌╴finalize output
[2m2025-06-01T07:12:36.090402Z[0m [32m INFO[0m [1mexecute[0m[2m:[0m [2msp1_core_executor::syscalls::write[0m[2m:[0m │ └╴3,360,194 cycles
[2m2025-06-01T07:12:36.090527Z[0m [32m INFO[0m [1mexecute[0m[2m:[0m [2msp1_core_executor::syscalls::write[0m[2m:[0m └╴12,858,932 cycles
[2m2025-06-01T07:12:36.136017Z[0m [32m INFO[0m [1mexecute[0m[2m:[0m [2msp1_prover[0m[2m:[0m gas: 43807153
[2m2025-06-01T07:12:36.136098Z[0m [32m INFO[0m [2msubblock[0m[2m:[0m Subblock 7: 26267316 instructions in 2.007 s → 13.087 MHz
[2m2025-06-01T07:12:36.167415Z[0m [32m INFO[0m [1mexecute[0m[2m:[0m [2msp1_core_executor::executor[0m[2m:[0m clk = 0 pc = 0x200d04
[2m2025-06-01T07:12:36.167500Z[0m [32m INFO[0m [1mexecute[0m[2m:[0m [2msp1_core_executor::syscalls::write[0m[2m:[0m ┌╴deserialize input
[2m2025-06-01T07:12:36.178234Z[0m [32m INFO[0m [1mexecute[0m[2m:[0m [2msp1_core_executor::syscalls::write[0m[2m:[0m └╴185,369 cycles
[2m2025-06-01T07:12:36.178259Z[0m [32m INFO[0m [1mexecute[0m[2m:[0m [2msp1_core_executor::syscalls::write[0m[2m:[0m ┌╴commit input
[2m2025-06-01T07:12:36.263125Z[0m [32m INFO[0m [1mexecute[0m[2m:[0m [2msp1_core_executor::syscalls::write[0m[2m:[0m └╴1,091,393 cycles
[2m2025-06-01T07:12:36.263158Z[0m [32m INFO[0m [1mexecute[0m[2m:[0m [2msp1_core_executor::syscalls::write[0m[2m:[0m ┌╴deserialize parent state
[2m2025-06-01T07:12:36.676161Z[0m [32m INFO[0m [1mexecute[0m[2m:[0m [2msp1_core_executor::executor[0m[2m:[0m clk = 10000000 pc = 0x352a64
[2m2025-06-01T07:12:36.872029Z[0m [32m INFO[0m [1mexecute[0m[2m:[0m [2msp1_core_executor::syscalls::write[0m[2m:[0m └╴12,755,529 cycles
[2m2025-06-01T07:12:36.872059Z[0m [32m INFO[0m [1mexecute[0m[2m:[0m [2msp1_core_executor::syscalls::write[0m[2m:[0m ┌╴execute subblock
[2m2025-06-01T07:12:36.872111Z[0m [32m INFO[0m [1mexecute[0m[2m:[0m [2msp1_core_executor::syscalls::write[0m[2m:[0m │ ┌╴compute input state root
[2m2025-06-01T07:12:36.999783Z[0m [32m INFO[0m [1mexecute[0m[2m:[0m [2msp1_core_executor::syscalls::write[0m[2m:[0m │ └╴1,709,645 cycles
[2m2025-06-01T07:12:36.999811Z[0m [32m INFO[0m [1mexecute[0m[2m:[0m [2msp1_core_executor::syscalls::write[0m[2m:[0m │ ┌╴construct trie db
[2m2025-06-01T07:12:37.045650Z[0m [32m INFO[0m [1mexecute[0m[2m:[0m [2msp1_core_executor::syscalls::write[0m[2m:[0m │ └╴577,743 cycles
[2m2025-06-01T07:12:37.045677Z[0m [32m INFO[0m [1mexecute[0m[2m:[0m [2msp1_core_executor::syscalls::write[0m[2m:[0m │ ┌╴recover senders
[2m2025-06-01T07:12:38.075123Z[0m [32m INFO[0m [1mexecute[0m[2m:[0m [2msp1_core_executor::syscalls::write[0m[2m:[0m │ └╴549,507 cycles
[2m2025-06-01T07:12:38.075203Z[0m [32m INFO[0m [1mexecute[0m[2m:[0m [2msp1_core_executor::syscalls::write[0m[2m:[0m │ ┌╴execute
[2m2025-06-01T07:12:38.216567Z[0m [32m INFO[0m [1mexecute[0m[2m:[0m [2msp1_core_executor::executor[0m[2m:[0m clk = 20000000 pc = 0x326fdc
[2m2025-06-01T07:12:38.408511Z[0m [32m INFO[0m [1mexecute[0m[2m:[0m [2msp1_core_executor::syscalls::write[0m[2m:[0m │ └╴7,856,049 cycles
[2m2025-06-01T07:12:38.409031Z[0m [32m INFO[0m [1mexecute[0m[2m:[0m [2msp1_core_executor::syscalls::write[0m[2m:[0m │ ┌╴accrue logs bloom
[2m2025-06-01T07:12:38.415586Z[0m [32m INFO[0m [1mexecute[0m[2m:[0m [2msp1_core_executor::syscalls::write[0m[2m:[0m │ └╴113,767 cycles
[2m2025-06-01T07:12:38.415610Z[0m [32m INFO[0m [1mexecute[0m[2m:[0m [2msp1_core_executor::syscalls::write[0m[2m:[0m │ ┌╴finalize output
[2m2025-06-01T07:12:38.574275Z[0m [32m INFO[0m [1mexecute[0m[2m:[0m [2msp1_core_executor::syscalls::write[0m[2m:[0m │ └╴2,528,298 cycles
[2m2025-06-01T07:12:38.574432Z[0m [32m INFO[0m [1mexecute[0m[2m:[0m [2msp1_core_executor::syscalls::write[0m[2m:[0m └╴13,349,882 cycles
[2m2025-06-01T07:12:38.617962Z[0m [32m INFO[0m [1mexecute[0m[2m:[0m [2msp1_prover[0m[2m:[0m gas: 46981256
[2m2025-06-01T07:12:38.618059Z[0m [32m INFO[0m [2msubblock[0m[2m:[0m Subblock 8: 27903335 instructions in 2.482 s → 11.244 MHz
[2m2025-06-01T07:12:38.648250Z[0m [32m INFO[0m [1mexecute[0m[2m:[0m [2msp1_core_executor::executor[0m[2m:[0m clk = 0 pc = 0x200d04
[2m2025-06-01T07:12:38.648335Z[0m [32m INFO[0m [1mexecute[0m[2m:[0m [2msp1_core_executor::syscalls::write[0m[2m:[0m ┌╴deserialize input
[2m2025-06-01T07:12:38.659221Z[0m [32m INFO[0m [1mexecute[0m[2m:[0m [2msp1_core_executor::syscalls::write[0m[2m:[0m └╴185,053 cycles
[2m2025-06-01T07:12:38.659245Z[0m [32m INFO[0m [1mexecute[0m[2m:[0m [2msp1_core_executor::syscalls::write[0m[2m:[0m ┌╴commit input
[2m2025-06-01T07:12:38.749380Z[0m [32m INFO[0m [1mexecute[0m[2m:[0m [2msp1_core_executor::syscalls::write[0m[2m:[0m └╴1,159,742 cycles
[2m2025-06-01T07:12:38.749407Z[0m [32m INFO[0m [1mexecute[0m[2m:[0m [2msp1_core_executor::syscalls::write[0m[2m:[0m ┌╴deserialize parent state
[2m2025-06-01T07:12:39.140032Z[0m [32m INFO[0m [1mexecute[0m[2m:[0m [2msp1_core_executor::executor[0m[2m:[0m clk = 10000000 pc = 0x352a90
[2m2025-06-01T07:12:39.330188Z[0m [32m INFO[0m [1mexecute[0m[2m:[0m [2msp1_core_executor::syscalls::write[0m[2m:[0m └╴12,565,197 cycles
[2m2025-06-01T07:12:39.330223Z[0m [32m INFO[0m [1mexecute[0m[2m:[0m [2msp1_core_executor::syscalls::write[0m[2m:[0m ┌╴execute subblock
[2m2025-06-01T07:12:39.330275Z[0m [32m INFO[0m [1mexecute[0m[2m:[0m [2msp1_core_executor::syscalls::write[0m[2m:[0m │ ┌╴compute input state root
[2m2025-06-01T07:12:39.412100Z[0m [32m INFO[0m [1mexecute[0m[2m:[0m [2msp1_core_executor::syscalls::write[0m[2m:[0m │ └╴1,439,125 cycles
[2m2025-06-01T07:12:39.412128Z[0m [32m INFO[0m [1mexecute[0m[2m:[0m [2msp1_core_executor::syscalls::write[0m[2m:[0m │ ┌╴construct trie db
[2m2025-06-01T07:12:39.523292Z[0m [32m INFO[0m [1mexecute[0m[2m:[0m [2msp1_core_executor::syscalls::write[0m[2m:[0m │ └╴627,108 cycles
[2m2025-06-01T07:12:39.523328Z[0m [32m INFO[0m [1mexecute[0m[2m:[0m [2msp1_core_executor::syscalls::write[0m[2m:[0m │ ┌╴recover senders
[2m2025-06-01T07:12:40.073631Z[0m [32m INFO[0m [1mexecute[0m[2m:[0m [2msp1_core_executor::syscalls::write[0m[2m:[0m │ └╴348,875 cycles
[2m2025-06-01T07:12:40.073696Z[0m [32m INFO[0m [1mexecute[0m[2m:[0m [2msp1_core_executor::syscalls::write[0m[2m:[0m │ ┌╴execute
[2m2025-06-01T07:12:40.219947Z[0m [32m INFO[0m [1mexecute[0m[2m:[0m [2msp1_core_executor::executor[0m[2m:[0m clk = 20000000 pc = 0x200ca8
[2m2025-06-01T07:12:40.222043Z[0m [32m INFO[0m [1mexecute[0m[2m:[0m [2msp1_core_executor::syscalls::write[0m[2m:[0m │ │ ┌╴precompile-ecrecover
[2m2025-06-01T07:12:40.303275Z[0m [32m INFO[0m [1mexecute[0m[2m:[0m [2msp1_core_executor::syscalls::write[0m[2m:[0m │ │ └╴38,510 cycles
[2m2025-06-01T07:12:40.486272Z[0m [32m INFO[0m [1mexecute[0m[2m:[0m [2msp1_core_executor::syscalls::write[0m[2m:[0m │ └╴8,156,205 cycles
[2m2025-06-01T07:12:40.486764Z[0m [32m INFO[0m [1mexecute[0m[2m:[0m [2msp1_core_executor::syscalls::write[0m[2m:[0m │ ┌╴accrue logs bloom
[2m2025-06-01T07:12:40.491080Z[0m [32m INFO[0m [1mexecute[0m[2m:[0m [2msp1_core_executor::syscalls::write[0m[2m:[0m │ └╴90,063 cycles
[2m2025-06-01T07:12:40.491105Z[0m [32m INFO[0m [1mexecute[0m[2m:[0m [2msp1_core_executor::syscalls::write[0m[2m:[0m │ ┌╴finalize output
[2m2025-06-01T07:12:40.635320Z[0m [32m INFO[0m [1mexecute[0m[2m:[0m [2msp1_core_executor::syscalls::write[0m[2m:[0m │ └╴2,347,317 cycles
[2m2025-06-01T07:12:40.635451Z[0m [32m INFO[0m [1mexecute[0m[2m:[0m [2msp1_core_executor::syscalls::write[0m[2m:[0m └╴13,023,011 cycles
[2m2025-06-01T07:12:40.673877Z[0m [32m INFO[0m [1mexecute[0m[2m:[0m [2msp1_prover[0m[2m:[0m gas: 46659788
[2m2025-06-01T07:12:40.673962Z[0m [32m INFO[0m [2msubblock[0m[2m:[0m Subblock 9: 27445038 instructions in 2.056 s → 13.352 MHz
[2m2025-06-01T07:12:40.706859Z[0m [32m INFO[0m [1mexecute[0m[2m:[0m [2msp1_core_executor::executor[0m[2m:[0m clk = 0 pc = 0x200d04
[2m2025-06-01T07:12:40.706939Z[0m [32m INFO[0m [1mexecute[0m[2m:[0m [2msp1_core_executor::syscalls::write[0m[2m:[0m ┌╴deserialize input
[2m2025-06-01T07:12:40.721787Z[0m [32m INFO[0m [1mexecute[0m[2m:[0m [2msp1_core_executor::syscalls::write[0m[2m:[0m └╴324,983 cycles
[2m2025-06-01T07:12:40.721813Z[0m [32m INFO[0m [1mexecute[0m[2m:[0m [2msp1_core_executor::syscalls::write[0m[2m:[0m ┌╴commit input
[2m2025-06-01T07:12:40.813107Z[0m [32m INFO[0m [1mexecute[0m[2m:[0m [2msp1_core_executor::syscalls::write[0m[2m:[0m └╴1,168,352 cycles
[2m2025-06-01T07:12:40.813136Z[0m [32m INFO[0m [1mexecute[0m[2m:[0m [2msp1_core_executor::syscalls::write[0m[2m:[0m ┌╴deserialize parent state
[2m2025-06-01T07:12:41.196572Z[0m [32m INFO[0m [1mexecute[0m[2m:[0m [2msp1_core_executor::executor[0m[2m:[0m clk = 10000000 pc = 0x200a3c
[2m2025-06-01T07:12:41.390892Z[0m [32m INFO[0m [1mexecute[0m[2m:[0m [2msp1_core_executor::syscalls::write[0m[2m:[0m └╴12,484,036 cycles
[2m2025-06-01T07:12:41.390929Z[0m [32m INFO[0m [1mexecute[0m[2m:[0m [2msp1_core_executor::syscalls::write[0m[2m:[0m ┌╴execute subblock
[2m2025-06-01T07:12:41.390993Z[0m [32m INFO[0m [1mexecute[0m[2m:[0m [2msp1_core_executor::syscalls::write[0m[2m:[0m │ ┌╴compute input state root
[2m2025-06-01T07:12:41.474398Z[0m [32m INFO[0m [1mexecute[0m[2m:[0m [2msp1_core_executor::syscalls::write[0m[2m:[0m │ └╴1,433,912 cycles
[2m2025-06-01T07:12:41.474426Z[0m [32m INFO[0m [1mexecute[0m[2m:[0m [2msp1_core_executor::syscalls::write[0m[2m:[0m │ ┌╴construct trie db
[2m2025-06-01T07:12:41.580182Z[0m [32m INFO[0m [1mexecute[0m[2m:[0m [2msp1_core_executor::syscalls::write[0m[2m:[0m │ └╴633,642 cycles
[2m2025-06-01T07:12:41.580221Z[0m [32m INFO[0m [1mexecute[0m[2m:[0m [2msp1_core_executor::syscalls::write[0m[2m:[0m │ ┌╴recover senders
[2m2025-06-01T07:12:42.198960Z[0m [32m INFO[0m [1mexecute[0m[2m:[0m [2msp1_core_executor::syscalls::write[0m[2m:[0m │ └╴343,895 cycles
[2m2025-06-01T07:12:42.199028Z[0m [32m INFO[0m [1mexecute[0m[2m:[0m [2msp1_core_executor::syscalls::write[0m[2m:[0m │ ┌╴execute
[2m2025-06-01T07:12:42.309615Z[0m [32m INFO[0m [1mexecute[0m[2m:[0m [2msp1_core_executor::syscalls::write[0m[2m:[0m │ │ ┌╴precompile-ecrecover
[2m2025-06-01T07:12:42.386964Z[0m [32m INFO[0m [1mexecute[0m[2m:[0m [2msp1_core_executor::syscalls::write[0m[2m:[0m │ │ └╴37,335 cycles
[2m2025-06-01T07:12:42.418254Z[0m [32m INFO[0m [1mexecute[0m[2m:[0m [2msp1_core_executor::executor[0m[2m:[0m clk = 20000000 pc = 0x32a908
[2m2025-06-01T07:12:42.446969Z[0m [32m INFO[0m [1mexecute[0m[2m:[0m [2msp1_core_executor::syscalls::write[0m[2m:[0m │ └╴4,257,877 cycles
[2m2025-06-01T07:12:42.447278Z[0m [32m INFO[0m [1mexecute[0m[2m:[0m [2msp1_core_executor::syscalls::write[0m[2m:[0m │ ┌╴accrue logs bloom
[2m2025-06-01T07:12:42.450310Z[0m [32m INFO[0m [1mexecute[0m[2m:[0m [2msp1_core_executor::syscalls::write[0m[2m:[0m │ └╴60,486 cycles
[2m2025-06-01T07:12:42.450334Z[0m [32m INFO[0m [1mexecute[0m[2m:[0m [2msp1_core_executor::syscalls::write[0m[2m:[0m │ ┌╴finalize output
[2m2025-06-01T07:12:42.586845Z[0m [32m INFO[0m [1mexecute[0m[2m:[0m [2msp1_core_executor::syscalls::write[0m[2m:[0m │ └╴2,258,362 cycles
[2m2025-06-01T07:12:42.586974Z[0m [32m INFO[0m [1mexecute[0m[2m:[0m [2msp1_core_executor::syscalls::write[0m[2m:[0m └╴8,998,607 cycles
[2m2025-06-01T07:12:42.621071Z[0m [32m INFO[0m [1mexecute[0m[2m:[0m [2msp1_prover[0m[2m:[0m gas: 42318570
[2m2025-06-01T07:12:42.621150Z[0m [32m INFO[0m [2msubblock[0m[2m:[0m Subblock 10: 23457347 instructions in 1.947 s → 12.049 MHz
[2m2025-06-01T07:12:42.655065Z[0m [32m INFO[0m [1mexecute[0m[2m:[0m [2msp1_core_executor::executor[0m[2m:[0m clk = 0 pc = 0x200d04
[2m2025-06-01T07:12:42.655149Z[0m [32m INFO[0m [1mexecute[0m[2m:[0m [2msp1_core_executor::syscalls::write[0m[2m:[0m ┌╴deserialize input
[2m2025-06-01T07:12:42.662630Z[0m [32m INFO[0m [1mexecute[0m[2m:[0m [2msp1_core_executor::syscalls::write[0m[2m:[0m └╴163,269 cycles
[2m2025-06-01T07:12:42.662654Z[0m [32m INFO[0m [1mexecute[0m[2m:[0m [2msp1_core_executor::syscalls::write[0m[2m:[0m ┌╴commit input
[2m2025-06-01T07:12:42.707669Z[0m [32m INFO[0m [1mexecute[0m[2m:[0m [2msp1_core_executor::syscalls::write[0m[2m:[0m └╴565,347 cycles
[2m2025-06-01T07:12:42.707700Z[0m [32m INFO[0m [1mexecute[0m[2m:[0m [2msp1_core_executor::syscalls::write[0m[2m:[0m ┌╴deserialize parent state
[2m2025-06-01T07:12:43.144119Z[0m [32m INFO[0m [1mexecute[0m[2m:[0m [2msp1_core_executor::executor[0m[2m:[0m clk = 10000000 pc = 0x352a40
[2m2025-06-01T07:12:43.310378Z[0m [32m INFO[0m [1mexecute[0m[2m:[0m [2msp1_core_executor::syscalls::write[0m[2m:[0m └╴12,692,257 cycles
[2m2025-06-01T07:12:43.310417Z[0m [32m INFO[0m [1mexecute[0m[2m:[0m [2msp1_core_executor::syscalls::write[0m[2m:[0m ┌╴execute subblock
[2m2025-06-01T07:12:43.310469Z[0m [32m INFO[0m [1mexecute[0m[2m:[0m [2msp1_core_executor::syscalls::write[0m[2m:[0m │ ┌╴compute input state root
[2m2025-06-01T07:12:43.396049Z[0m [32m INFO[0m [1mexecute[0m[2m:[0m [2msp1_core_executor::syscalls::write[0m[2m:[0m │ └╴953,470 cycles
[2m2025-06-01T07:12:43.396078Z[0m [32m INFO[0m [1mexecute[0m[2m:[0m [2msp1_core_executor::syscalls::write[0m[2m:[0m │ ┌╴construct trie db
[2m2025-06-01T07:12:43.431882Z[0m [32m INFO[0m [1mexecute[0m[2m:[0m [2msp1_core_executor::syscalls::write[0m[2m:[0m │ └╴293,468 cycles
[2m2025-06-01T07:12:43.431911Z[0m [32m INFO[0m [1mexecute[0m[2m:[0m [2msp1_core_executor::syscalls::write[0m[2m:[0m │ ┌╴recover senders
[2m2025-06-01T07:12:43.710396Z[0m [32m INFO[0m [1mexecute[0m[2m:[0m [2msp1_core_executor::syscalls::write[0m[2m:[0m │ └╴185,183 cycles
[2m2025-06-01T07:12:43.710460Z[0m [32m INFO[0m [1mexecute[0m[2m:[0m [2msp1_core_executor::syscalls::write[0m[2m:[0m │ ┌╴execute
[2m2025-06-01T07:12:43.793260Z[0m [32m INFO[0m [1mexecute[0m[2m:[0m [2msp1_core_executor::syscalls::write[0m[2m:[0m │ │ ┌╴precompile-ecrecover
[2m2025-06-01T07:12:43.865801Z[0m [32m INFO[0m [1mexecute[0m[2m:[0m [2msp1_core_executor::syscalls::write[0m[2m:[0m │ │ └╴37,504 cycles
[2m2025-06-01T07:12:43.960203Z[0m [32m INFO[0m [1mexecute[0m[2m:[0m [2msp1_core_executor::syscalls::write[0m[2m:[0m │ │ ┌╴precompile-ecrecover
[2m2025-06-01T07:12:44.032426Z[0m [32m INFO[0m [1mexecute[0m[2m:[0m [2msp1_core_executor::syscalls::write[0m[2m:[0m │ │ └╴37,020 cycles
[2m2025-06-01T07:12:44.055959Z[0m [32m INFO[0m [1mexecute[0m[2m:[0m [2msp1_core_executor::executor[0m[2m:[0m clk = 20000000 pc = 0x292c50
[2m2025-06-01T07:12:44.151364Z[0m [32m INFO[0m [1mexecute[0m[2m:[0m [2msp1_core_executor::syscalls::write[0m[2m:[0m │ └╴7,480,447 cycles
[2m2025-06-01T07:12:44.151890Z[0m [32m INFO[0m [1mexecute[0m[2m:[0m [2msp1_core_executor::syscalls::write[0m[2m:[0m │ ┌╴accrue logs bloom
[2m2025-06-01T07:12:44.156972Z[0m [32m INFO[0m [1mexecute[0m[2m:[0m [2msp1_core_executor::syscalls::write[0m[2m:[0m │ └╴86,536 cycles
[2m2025-06-01T07:12:44.156998Z[0m [32m INFO[0m [1mexecute[0m[2m:[0m [2msp1_core_executor::syscalls::write[0m[2m:[0m │ ┌╴finalize output
[2m2025-06-01T07:12:44.290042Z[0m [32m INFO[0m [1mexecute[0m[2m:[0m [2msp1_core_executor::syscalls::write[0m[2m:[0m │ └╴2,167,325 cycles
[2m2025-06-01T07:12:44.290155Z[0m [32m INFO[0m [1mexecute[0m[2m:[0m [2msp1_core_executor::syscalls::write[0m[2m:[0m └╴11,181,091 cycles
[2m2025-06-01T07:12:44.333320Z[0m [32m INFO[0m [1mexecute[0m[2m:[0m [2msp1_prover[0m[2m:[0m gas: 41045377
[2m2025-06-01T07:12:44.333405Z[0m [32m INFO[0m [2msubblock[0m[2m:[0m Subblock 11: 25113532 instructions in 1.712 s → 14.670 MHz
[2m2025-06-01T07:12:44.365374Z[0m [32m INFO[0m [1mexecute[0m[2m:[0m [2msp1_core_executor::executor[0m[2m:[0m clk = 0 pc = 0x200d04
[2m2025-06-01T07:12:44.365456Z[0m [32m INFO[0m [1mexecute[0m[2m:[0m [2msp1_core_executor::syscalls::write[0m[2m:[0m ┌╴deserialize input
[2m2025-06-01T07:12:44.375838Z[0m [32m INFO[0m [1mexecute[0m[2m:[0m [2msp1_core_executor::syscalls::write[0m[2m:[0m └╴229,272 cycles
[2m2025-06-01T07:12:44.375862Z[0m [32m INFO[0m [1mexecute[0m[2m:[0m [2msp1_core_executor::syscalls::write[0m[2m:[0m ┌╴commit input
[2m2025-06-01T07:12:44.436753Z[0m [32m INFO[0m [1mexecute[0m[2m:[0m [2msp1_core_executor::syscalls::write[0m[2m:[0m └╴801,845 cycles
[2m2025-06-01T07:12:44.436779Z[0m [32m INFO[0m [1mexecute[0m[2m:[0m [2msp1_core_executor::syscalls::write[0m[2m:[0m ┌╴deserialize parent state
[2m2025-06-01T07:12:44.839235Z[0m [32m INFO[0m [1mexecute[0m[2m:[0m [2msp1_core_executor::executor[0m[2m:[0m clk = 10000000 pc = 0x3082e4
[2m2025-06-01T07:12:45.037190Z[0m [32m INFO[0m [1mexecute[0m[2m:[0m [2msp1_core_executor::syscalls::write[0m[2m:[0m └╴13,048,323 cycles
[2m2025-06-01T07:12:45.037221Z[0m [32m INFO[0m [1mexecute[0m[2m:[0m [2msp1_core_executor::syscalls::write[0m[2m:[0m ┌╴execute subblock
[2m2025-06-01T07:12:45.037272Z[0m [32m INFO[0m [1mexecute[0m[2m:[0m [2msp1_core_executor::syscalls::write[0m[2m:[0m │ ┌╴compute input state root
[2m2025-06-01T07:12:45.142366Z[0m [32m INFO[0m [1mexecute[0m[2m:[0m [2msp1_core_executor::syscalls::write[0m[2m:[0m │ └╴1,319,213 cycles
[2m2025-06-01T07:12:45.142394Z[0m [32m INFO[0m [1mexecute[0m[2m:[0m [2msp1_core_executor::syscalls::write[0m[2m:[0m │ ┌╴construct trie db
[2m2025-06-01T07:12:45.182690Z[0m [32m INFO[0m [1mexecute[0m[2m:[0m [2msp1_core_executor::syscalls::write[0m[2m:[0m │ └╴417,308 cycles
[2m2025-06-01T07:12:45.182717Z[0m [32m INFO[0m [1mexecute[0m[2m:[0m [2msp1_core_executor::syscalls::write[0m[2m:[0m │ ┌╴recover senders
[2m2025-06-01T07:12:45.748700Z[0m [32m INFO[0m [1mexecute[0m[2m:[0m [2msp1_core_executor::syscalls::write[0m[2m:[0m │ └╴351,567 cycles
[2m2025-06-01T07:12:45.748767Z[0m [32m INFO[0m [1mexecute[0m[2m:[0m [2msp1_core_executor::syscalls::write[0m[2m:[0m │ ┌╴execute
[2m2025-06-01T07:12:45.766375Z[0m [32m INFO[0m [1mexecute[0m[2m:[0m [2msp1_core_executor::syscalls::write[0m[2m:[0m │ │ ┌╴precompile-ecrecover
[2m2025-06-01T07:12:45.840602Z[0m [32m INFO[0m [1mexecute[0m[2m:[0m [2msp1_core_executor::syscalls::write[0m[2m:[0m │ │ └╴37,711 cycles
[2m2025-06-01T07:12:45.926077Z[0m [32m INFO[0m [1mexecute[0m[2m:[0m [2msp1_core_executor::syscalls::write[0m[2m:[0m │ │ ┌╴precompile-ecrecover
[2m2025-06-01T07:12:46.003108Z[0m [32m INFO[0m [1mexecute[0m[2m:[0m [2msp1_core_executor::syscalls::write[0m[2m:[0m │ │ └╴38,237 cycles
[2m2025-06-01T07:12:46.062106Z[0m [32m INFO[0m [1mexecute[0m[2m:[0m [2msp1_core_executor::executor[0m[2m:[0m clk = 20000000 pc = 0x200b9c
[2m2025-06-01T07:12:46.278043Z[0m [32m INFO[0m [1mexecute[0m[2m:[0m [2msp1_core_executor::syscalls::write[0m[2m:[0m │ └╴9,185,595 cycles
[2m2025-06-01T07:12:46.278717Z[0m [32m INFO[0m [1mexecute[0m[2m:[0m [2msp1_core_executor::syscalls::write[0m[2m:[0m │ ┌╴accrue logs bloom
[2m2025-06-01T07:12:46.286210Z[0m [32m INFO[0m [1mexecute[0m[2m:[0m [2msp1_core_executor::syscalls::write[0m[2m:[0m │ └╴118,726 cycles
[2m2025-06-01T07:12:46.286236Z[0m [32m INFO[0m [1mexecute[0m[2m:[0m [2msp1_core_executor::syscalls::write[0m[2m:[0m │ ┌╴finalize output
[2m2025-06-01T07:12:46.402964Z[0m [32m INFO[0m [1mexecute[0m[2m:[0m [2msp1_core_executor::syscalls::write[0m[2m:[0m │ └╴1,879,647 cycles
[2m2025-06-01T07:12:46.403091Z[0m [32m INFO[0m [1mexecute[0m[2m:[0m [2msp1_core_executor::syscalls::write[0m[2m:[0m └╴13,289,872 cycles
[2m2025-06-01T07:12:46.449911Z[0m [32m INFO[0m [1mexecute[0m[2m:[0m [2msp1_prover[0m[2m:[0m gas: 46488813
[2m2025-06-01T07:12:46.449981Z[0m [32m INFO[0m [2msubblock[0m[2m:[0m Subblock 12: 27917004 instructions in 2.116 s → 13.192 MHz
[2m2025-06-01T07:12:46.482718Z[0m [32m INFO[0m [1mexecute[0m[2m:[0m [2msp1_core_executor::executor[0m[2m:[0m clk = 0 pc = 0x200d04
[2m2025-06-01T07:12:46.482804Z[0m [32m INFO[0m [1mexecute[0m[2m:[0m [2msp1_core_executor::syscalls::write[0m[2m:[0m ┌╴deserialize input
[2m2025-06-01T07:12:46.491375Z[0m [32m INFO[0m [1mexecute[0m[2m:[0m [2msp1_core_executor::syscalls::write[0m[2m:[0m └╴190,289 cycles
[2m2025-06-01T07:12:46.491399Z[0m [32m INFO[0m [1mexecute[0m[2m:[0m [2msp1_core_executor::syscalls::write[0m[2m:[0m ┌╴commit input
[2m2025-06-01T07:12:46.544492Z[0m [32m INFO[0m [1mexecute[0m[2m:[0m [2msp1_core_executor::syscalls::write[0m[2m:[0m └╴666,707 cycles
[2m2025-06-01T07:12:46.544519Z[0m [32m INFO[0m [1mexecute[0m[2m:[0m [2msp1_core_executor::syscalls::write[0m[2m:[0m ┌╴deserialize parent state
[2m2025-06-01T07:12:46.959972Z[0m [32m INFO[0m [1mexecute[0m[2m:[0m [2msp1_core_executor::executor[0m[2m:[0m clk = 10000000 pc = 0x308538
[2m2025-06-01T07:12:47.088462Z[0m [32m INFO[0m [1mexecute[0m[2m:[0m [2msp1_core_executor::syscalls::write[0m[2m:[0m └╴11,789,934 cycles
[2m2025-06-01T07:12:47.088490Z[0m [32m INFO[0m [1mexecute[0m[2m:[0m [2msp1_core_executor::syscalls::write[0m[2m:[0m ┌╴execute subblock
[2m2025-06-01T07:12:47.088544Z[0m [32m INFO[0m [1mexecute[0m[2m:[0m [2msp1_core_executor::syscalls::write[0m[2m:[0m │ ┌╴compute input state root
[2m2025-06-01T07:12:47.178565Z[0m [32m INFO[0m [1mexecute[0m[2m:[0m [2msp1_core_executor::syscalls::write[0m[2m:[0m │ └╴1,091,568 cycles
[2m2025-06-01T07:12:47.178594Z[0m [32m INFO[0m [1mexecute[0m[2m:[0m [2msp1_core_executor::syscalls::write[0m[2m:[0m │ ┌╴construct trie db
[2m2025-06-01T07:12:47.207502Z[0m [32m INFO[0m [1mexecute[0m[2m:[0m [2msp1_core_executor::syscalls::write[0m[2m:[0m │ └╴349,067 cycles
[2m2025-06-01T07:12:47.207529Z[0m [32m INFO[0m [1mexecute[0m[2m:[0m [2msp1_core_executor::syscalls::write[0m[2m:[0m │ ┌╴recover senders
[2m2025-06-01T07:12:47.610016Z[0m [32m INFO[0m [1mexecute[0m[2m:[0m [2msp1_core_executor::syscalls::write[0m[2m:[0m │ └╴226,749 cycles
[2m2025-06-01T07:12:47.610080Z[0m [32m INFO[0m [1mexecute[0m[2m:[0m [2msp1_core_executor::syscalls::write[0m[2m:[0m │ ┌╴execute
[2m2025-06-01T07:12:47.841328Z[0m [32m INFO[0m [1mexecute[0m[2m:[0m [2msp1_core_executor::syscalls::write[0m[2m:[0m │ │ ┌╴precompile-ecrecover
[2m2025-06-01T07:12:47.916902Z[0m [32m INFO[0m [1mexecute[0m[2m:[0m [2msp1_core_executor::syscalls::write[0m[2m:[0m │ │ └╴38,853 cycles
[2m2025-06-01T07:12:47.921744Z[0m [32m INFO[0m [1mexecute[0m[2m:[0m [2msp1_core_executor::executor[0m[2m:[0m clk = 20000000 pc = 0x35546c
[2m2025-06-01T07:12:47.991801Z[0m [32m INFO[0m [1mexecute[0m[2m:[0m [2msp1_core_executor::syscalls::write[0m[2m:[0m │ └╴7,380,681 cycles
[2m2025-06-01T07:12:47.992267Z[0m [32m INFO[0m [1mexecute[0m[2m:[0m [2msp1_core_executor::syscalls::write[0m[2m:[0m │ ┌╴accrue logs bloom
[2m2025-06-01T07:12:47.996325Z[0m [32m INFO[0m [1mexecute[0m[2m:[0m [2msp1_core_executor::syscalls::write[0m[2m:[0m │ └╴83,880 cycles
[2m2025-06-01T07:12:47.996349Z[0m [32m INFO[0m [1mexecute[0m[2m:[0m [2msp1_core_executor::syscalls::write[0m[2m:[0m │ ┌╴finalize output
[2m2025-06-01T07:12:48.138317Z[0m [32m INFO[0m [1mexecute[0m[2m:[0m [2msp1_core_executor::syscalls::write[0m[2m:[0m │ └╴2,263,265 cycles
[2m2025-06-01T07:12:48.138428Z[0m [32m INFO[0m [1mexecute[0m[2m:[0m [2msp1_core_executor::syscalls::write[0m[2m:[0m └╴11,408,912 cycles
[2m2025-06-01T07:12:48.172144Z[0m [32m INFO[0m [1mexecute[0m[2m:[0m [2msp1_prover[0m[2m:[0m gas: 40652148
[2m2025-06-01T07:12:48.172229Z[0m [32m INFO[0m [2msubblock[0m[2m:[0m Subblock 13: 24533603 instructions in 1.722 s → 14.248 MHz
[2m2025-06-01T07:12:48.204600Z[0m [32m INFO[0m [1mexecute[0m[2m:[0m [2msp1_core_executor::executor[0m[2m:[0m clk = 0 pc = 0x200d04
[2m2025-06-01T07:12:48.204688Z[0m [32m INFO[0m [1mexecute[0m[2m:[0m [2msp1_core_executor::syscalls::write[0m[2m:[0m ┌╴deserialize input
[2m2025-06-01T07:12:48.215558Z[0m [32m INFO[0m [1mexecute[0m[2m:[0m [2msp1_core_executor::syscalls::write[0m[2m:[0m └╴245,588 cycles
[2m2025-06-01T07:12:48.215583Z[0m [32m INFO[0m [1mexecute[0m[2m:[0m [2msp1_core_executor::syscalls::write[0m[2m:[0m ┌╴commit input
[2m2025-06-01T07:12:48.280188Z[0m [32m INFO[0m [1mexecute[0m[2m:[0m [2msp1_core_executor::syscalls::write[0m[2m:[0m └╴853,213 cycles
[2m2025-06-01T07:12:48.280215Z[0m [32m INFO[0m [1mexecute[0m[2m:[0m [2msp1_core_executor::syscalls::write[0m[2m:[0m ┌╴deserialize parent state
[2m2025-06-01T07:12:48.688297Z[0m [32m INFO[0m [1mexecute[0m[2m:[0m [2msp1_core_executor::executor[0m[2m:[0m clk = 10000000 pc = 0x200a2c
[2m2025-06-01T07:12:48.865521Z[0m [32m INFO[0m [1mexecute[0m[2m:[0m [2msp1_core_executor::syscalls::write[0m[2m:[0m └╴12,542,837 cycles
[2m2025-06-01T07:12:48.865565Z[0m [32m INFO[0m [1mexecute[0m[2m:[0m [2msp1_core_executor::syscalls::write[0m[2m:[0m ┌╴execute subblock
[2m2025-06-01T07:12:48.865621Z[0m [32m INFO[0m [1mexecute[0m[2m:[0m [2msp1_core_executor::syscalls::write[0m[2m:[0m │ ┌╴compute input state root
[2m2025-06-01T07:12:48.949120Z[0m [32m INFO[0m [1mexecute[0m[2m:[0m [2msp1_core_executor::syscalls::write[0m[2m:[0m │ └╴1,290,758 cycles
[2m2025-06-01T07:12:48.949147Z[0m [32m INFO[0m [1mexecute[0m[2m:[0m [2msp1_core_executor::syscalls::write[0m[2m:[0m │ ┌╴construct trie db
[2m2025-06-01T07:12:49.034105Z[0m [32m INFO[0m [1mexecute[0m[2m:[0m [2msp1_core_executor::syscalls::write[0m[2m:[0m │ └╴438,199 cycles
[2m2025-06-01T07:12:49.034141Z[0m [32m INFO[0m [1mexecute[0m[2m:[0m [2msp1_core_executor::syscalls::write[0m[2m:[0m │ ┌╴recover senders
[2m2025-06-01T07:12:49.931433Z[0m [32m INFO[0m [1mexecute[0m[2m:[0m [2msp1_core_executor::syscalls::write[0m[2m:[0m │ └╴468,767 cycles
[2m2025-06-01T07:12:49.931503Z[0m [32m INFO[0m [1mexecute[0m[2m:[0m [2msp1_core_executor::syscalls::write[0m[2m:[0m │ ┌╴execute
[2m2025-06-01T07:12:50.098839Z[0m [32m INFO[0m [1mexecute[0m[2m:[0m [2msp1_core_executor::executor[0m[2m:[0m clk = 20000000 pc = 0x32ad80
[2m2025-06-01T07:12:50.171207Z[0m [32m INFO[0m [1mexecute[0m[2m:[0m [2msp1_core_executor::syscalls::write[0m[2m:[0m │ └╴5,965,081 cycles
[2m2025-06-01T07:12:50.171624Z[0m [32m INFO[0m [1mexecute[0m[2m:[0m [2msp1_core_executor::syscalls::write[0m[2m:[0m │ ┌╴accrue logs bloom
[2m2025-06-01T07:12:50.175069Z[0m [32m INFO[0m [1mexecute[0m[2m:[0m [2msp1_core_executor::syscalls::write[0m[2m:[0m │ └╴77,291 cycles
[2m2025-06-01T07:12:50.175093Z[0m [32m INFO[0m [1mexecute[0m[2m:[0m [2msp1_core_executor::syscalls::write[0m[2m:[0m │ ┌╴finalize output
[2m2025-06-01T07:12:50.314508Z[0m [32m INFO[0m [1mexecute[0m[2m:[0m [2msp1_core_executor::syscalls::write[0m[2m:[0m │ └╴2,161,973 cycles
[2m2025-06-01T07:12:50.314646Z[0m [32m INFO[0m [1mexecute[0m[2m:[0m [2msp1_core_executor::syscalls::write[0m[2m:[0m └╴10,414,519 cycles
[2m2025-06-01T07:12:50.347290Z[0m [32m INFO[0m [1mexecute[0m[2m:[0m [2msp1_prover[0m[2m:[0m gas: 43112497
[2m2025-06-01T07:12:50.347363Z[0m [32m INFO[0m [2msubblock[0m[2m:[0m Subblock 14: 24549187 instructions in 2.175 s → 11.288 MHz
[2m2025-06-01T07:12:50.380073Z[0m [32m INFO[0m [1mexecute[0m[2m:[0m [2msp1_core_executor::executor[0m[2m:[0m clk = 0 pc = 0x200d04
[2m2025-06-01T07:12:50.380157Z[0m [32m INFO[0m [1mexecute[0m[2m:[0m [2msp1_core_executor::syscalls::write[0m[2m:[0m ┌╴deserialize input
[2m2025-06-01T07:12:50.388525Z[0m [32m INFO[0m [1mexecute[0m[2m:[0m [2msp1_core_executor::syscalls::write[0m[2m:[0m └╴187,749 cycles
[2m2025-06-01T07:12:50.388559Z[0m [32m INFO[0m [1mexecute[0m[2m:[0m [2msp1_core_executor::syscalls::write[0m[2m:[0m ┌╴commit input
[2m2025-06-01T07:12:50.441538Z[0m [32m INFO[0m [1mexecute[0m[2m:[0m [2msp1_core_executor::syscalls::write[0m[2m:[0m └╴665,146 cycles
[2m2025-06-01T07:12:50.441576Z[0m [32m INFO[0m [1mexecute[0m[2m:[0m [2msp1_core_executor::syscalls::write[0m[2m:[0m ┌╴deserialize parent state
[2m2025-06-01T07:12:50.856812Z[0m [32m INFO[0m [1mexecute[0m[2m:[0m [2msp1_core_executor::executor[0m[2m:[0m clk = 10000000 pc = 0x308328
[2m2025-06-01T07:12:50.989711Z[0m [32m INFO[0m [1mexecute[0m[2m:[0m [2msp1_core_executor::syscalls::write[0m[2m:[0m └╴11,860,384 cycles
[2m2025-06-01T07:12:50.989740Z[0m [32m INFO[0m [1mexecute[0m[2m:[0m [2msp1_core_executor::syscalls::write[0m[2m:[0m ┌╴execute subblock
[2m2025-06-01T07:12:50.989794Z[0m [32m INFO[0m [1mexecute[0m[2m:[0m [2msp1_core_executor::syscalls::write[0m[2m:[0m │ ┌╴compute input state root
[2m2025-06-01T07:12:51.062269Z[0m [32m INFO[0m [1mexecute[0m[2m:[0m [2msp1_core_executor::syscalls::write[0m[2m:[0m │ └╴811,734 cycles
[2m2025-06-01T07:12:51.062297Z[0m [32m INFO[0m [1mexecute[0m[2m:[0m [2msp1_core_executor::syscalls::write[0m[2m:[0m │ ┌╴construct trie db
[2m2025-06-01T07:12:51.087535Z[0m [32m INFO[0m [1mexecute[0m[2m:[0m [2msp1_core_executor::syscalls::write[0m[2m:[0m │ └╴360,766 cycles
[2m2025-06-01T07:12:51.087571Z[0m [32m INFO[0m [1mexecute[0m[2m:[0m [2msp1_core_executor::syscalls::write[0m[2m:[0m │ ┌╴recover senders
[2m2025-06-01T07:12:51.314134Z[0m [32m INFO[0m [1mexecute[0m[2m:[0m [2msp1_core_executor::syscalls::write[0m[2m:[0m │ └╴135,955 cycles
[2m2025-06-01T07:12:51.314198Z[0m [32m INFO[0m [1mexecute[0m[2m:[0m [2msp1_core_executor::syscalls::write[0m[2m:[0m │ ┌╴execute
[2m2025-06-01T07:12:51.343919Z[0m [32m INFO[0m [1mexecute[0m[2m:[0m [2msp1_core_executor::syscalls::write[0m[2m:[0m │ │ ┌╴precompile-ecrecover
[2m2025-06-01T07:12:51.427645Z[0m [32m INFO[0m [1mexecute[0m[2m:[0m [2msp1_core_executor::syscalls::write[0m[2m:[0m │ │ └╴39,182 cycles
[2m2025-06-01T07:12:51.513195Z[0m [32m INFO[0m [1mexecute[0m[2m:[0m [2msp1_core_executor::syscalls::write[0m[2m:[0m │ └╴2,874,224 cycles
[2m2025-06-01T07:12:51.513441Z[0m [32m INFO[0m [1mexecute[0m[2m:[0m [2msp1_core_executor::syscalls::write[0m[2m:[0m │ ┌╴accrue logs bloom
[2m2025-06-01T07:12:51.516113Z[0m [32m INFO[0m [1mexecute[0m[2m:[0m [2msp1_core_executor::syscalls::write[0m[2m:[0m │ └╴38,485 cycles
[2m2025-06-01T07:12:51.516138Z[0m [32m INFO[0m [1mexecute[0m[2m:[0m [2msp1_core_executor::syscalls::write[0m[2m:[0m │ ┌╴finalize output
[2m2025-06-01T07:12:51.590181Z[0m [32m INFO[0m [1mexecute[0m[2m:[0m [2msp1_core_executor::syscalls::write[0m[2m:[0m │ └╴1,192,721 cycles
[2m2025-06-01T07:12:51.590289Z[0m [32m INFO[0m [1mexecute[0m[2m:[0m [2msp1_core_executor::syscalls::write[0m[2m:[0m └╴5,422,743 cycles
[2m2025-06-01T07:12:51.619812Z[0m [32m INFO[0m [1mexecute[0m[2m:[0m [2msp1_prover[0m[2m:[0m gas: 30372118
[2m2025-06-01T07:12:51.619877Z[0m [32m INFO[0m [2msubblock[0m[2m:[0m Subblock 15: 18577922 instructions in 1.272 s → 14.603 MHz
[2m2025-06-01T07:12:51.627998Z[0m [32m INFO[0m [1mexecute[0m[2m:[0m [2msp1_core_executor::executor[0m[2m:[0m clk = 0 pc = 0x200d04
[2m2025-06-01T07:12:51.628054Z[0m [32m INFO[0m [1mexecute[0m[2m:[0m [2msp1_core_executor::syscalls::write[0m[2m:[0m ┌╴deserialize
[2m2025-06-01T07:12:51.962003Z[0m [32m INFO[0m [1mexecute[0m[2m:[0m [2msp1_core_executor::executor[0m[2m:[0m clk = 10000000 pc = 0x23bd0c
[2m2025-06-01T07:12:52.290702Z[0m [32m INFO[0m [1mexecute[0m[2m:[0m [2msp1_core_executor::executor[0m[2m:[0m clk = 20000000 pc = 0x23bcec
[2m2025-06-01T07:12:52.621291Z[0m [32m INFO[0m [1mexecute[0m[2m:[0m [2msp1_core_executor::executor[0m[2m:[0m clk = 30000000 pc = 0x23bce4
[2m2025-06-01T07:12:52.884225Z[0m [32m INFO[0m [1mexecute[0m[2m:[0m [2msp1_core_executor::syscalls::write[0m[2m:[0m │ ┌╴deserialize aggregation input
[2m2025-06-01T07:12:52.900214Z[0m [32m INFO[0m [1mexecute[0m[2m:[0m [2msp1_core_executor::syscalls::write[0m[2m:[0m │ └╴385,965 cycles
[2m2025-06-01T07:12:52.949684Z[0m [32m INFO[0m [1mexecute[0m[2m:[0m [2msp1_core_executor::syscalls::write[0m[2m:[0m └╴39,056,022 cycles
[2m2025-06-01T07:12:52.949771Z[0m [32m INFO[0m [1mexecute[0m[2m:[0m [2msp1_core_executor::syscalls::write[0m[2m:[0m ┌╴aggregate
[2m2025-06-01T07:12:53.018670Z[0m [32m INFO[0m [1mexecute[0m[2m:[0m [2msp1_core_executor::executor[0m[2m:[0m clk = 40000000 pc = 0x258480
[2m2025-06-01T07:12:53.040849Z[0m [32m INFO[0m [1mexecute[0m[2m:[0m [2msp1_core_executor::syscalls::write[0m[2m:[0m │ ┌╴deserialize subblock input
[2m2025-06-01T07:12:53.065227Z[0m [32m INFO[0m [1mexecute[0m[2m:[0m [2msp1_core_executor::syscalls::write[0m[2m:[0m │ └╴426,350 cycles
[2m2025-06-01T07:12:53.065614Z[0m [32m INFO[0m [1mexecute[0m[2m:[0m [2msp1_core_executor::syscalls::write[0m[2m:[0m │ ┌╴deserialize subblock output
[2m2025-06-01T07:12:53.071094Z[0m [32m INFO[0m [1mexecute[0m[2m:[0m [2msp1_core_executor::syscalls::write[0m[2m:[0m │ └╴95,090 cycles
[2m2025-06-01T07:12:53.071121Z[0m [32m INFO[0m [1mexecute[0m[2m:[0m [2msp1_core_executor::syscalls::write[0m[2m:[0m │ ┌╴extend state
[2m2025-06-01T07:12:53.071413Z[0m [32m INFO[0m [1mexecute[0m[2m:[0m [2msp1_core_executor::syscalls::write[0m[2m:[0m │ └╴4,906 cycles
[2m2025-06-01T07:12:53.113418Z[0m [32m INFO[0m [1mexecute[0m[2m:[0m [2msp1_core_executor::syscalls::write[0m[2m:[0m │ ┌╴deserialize subblock input
[2m2025-06-01T07:12:53.124389Z[0m [32m INFO[0m [1mexecute[0m[2m:[0m [2msp1_core_executor::syscalls::write[0m[2m:[0m │ └╴195,556 cycles
[2m2025-06-01T07:12:53.124803Z[0m [32m INFO[0m [1mexecute[0m[2m:[0m [2msp1_core_executor::syscalls::write[0m[2m:[0m │ ┌╴deserialize subblock output
[2m2025-06-01T07:12:53.126304Z[0m [32m INFO[0m [1mexecute[0m[2m:[0m [2msp1_core_executor::syscalls::write[0m[2m:[0m │ └╴25,829 cycles
[2m2025-06-01T07:12:53.126330Z[0m [32m INFO[0m [1mexecute[0m[2m:[0m [2msp1_core_executor::syscalls::write[0m[2m:[0m │ ┌╴extend state
[2m2025-06-01T07:12:53.126757Z[0m [32m INFO[0m [1mexecute[0m[2m:[0m [2msp1_core_executor::syscalls::write[0m[2m:[0m │ └╴6,488 cycles
[2m2025-06-01T07:12:53.215772Z[0m [32m INFO[0m [1mexecute[0m[2m:[0m [2msp1_core_executor::syscalls::write[0m[2m:[0m │ ┌╴deserialize subblock input
[2m2025-06-01T07:12:53.237333Z[0m [32m INFO[0m [1mexecute[0m[2m:[0m [2msp1_core_executor::syscalls::write[0m[2m:[0m │ └╴379,814 cycles
[2m2025-06-01T07:12:53.237752Z[0m [32m INFO[0m [1mexecute[0m[2m:[0m [2msp1_core_executor::syscalls::write[0m[2m:[0m │ ┌╴deserialize subblock output
[2m2025-06-01T07:12:53.240485Z[0m [32m INFO[0m [1mexecute[0m[2m:[0m [2msp1_core_executor::syscalls::write[0m[2m:[0m │ └╴47,452 cycles
[2m2025-06-01T07:12:53.240510Z[0m [32m INFO[0m [1mexecute[0m[2m:[0m [2msp1_core_executor::syscalls::write[0m[2m:[0m │ ┌╴extend state
[2m2025-06-01T07:12:53.241020Z[0m [32m INFO[0m [1mexecute[0m[2m:[0m [2msp1_core_executor::syscalls::write[0m[2m:[0m │ └╴7,748 cycles
[2m2025-06-01T07:12:53.317324Z[0m [32m INFO[0m [1mexecute[0m[2m:[0m [2msp1_core_executor::syscalls::write[0m[2m:[0m │ ┌╴deserialize subblock input
[2m2025-06-01T07:12:53.334867Z[0m [32m INFO[0m [1mexecute[0m[2m:[0m [2msp1_core_executor::syscalls::write[0m[2m:[0m │ └╴353,606 cycles
[2m2025-06-01T07:12:53.335271Z[0m [32m INFO[0m [1mexecute[0m[2m:[0m [2msp1_core_executor::syscalls::write[0m[2m:[0m │ ┌╴deserialize subblock output
[2m2025-06-01T07:12:53.339214Z[0m [32m INFO[0m [1mexecute[0m[2m:[0m [2msp1_core_executor::syscalls::write[0m[2m:[0m │ └╴68,241 cycles
[2m2025-06-01T07:12:53.339240Z[0m [32m INFO[0m [1mexecute[0m[2m:[0m [2msp1_core_executor::syscalls::write[0m[2m:[0m │ ┌╴extend state
[2m2025-06-01T07:12:53.339492Z[0m [32m INFO[0m [1mexecute[0m[2m:[0m [2msp1_core_executor::syscalls::write[0m[2m:[0m │ └╴4,457 cycles
[2m2025-06-01T07:12:53.448016Z[0m [32m INFO[0m [1mexecute[0m[2m:[0m [2msp1_core_executor::syscalls::write[0m[2m:[0m │ ┌╴deserialize subblock input
[2m2025-06-01T07:12:53.472731Z[0m [32m INFO[0m [1mexecute[0m[2m:[0m [2msp1_core_executor::syscalls::write[0m[2m:[0m │ └╴457,044 cycles
[2m2025-06-01T07:12:53.473021Z[0m [32m INFO[0m [1mexecute[0m[2m:[0m [2msp1_core_executor::syscalls::write[0m[2m:[0m │ ┌╴deserialize subblock output
[2m2025-06-01T07:12:53.476491Z[0m [32m INFO[0m [1mexecute[0m[2m:[0m [2msp1_core_executor::syscalls::write[0m[2m:[0m │ └╴80,409 cycles
[2m2025-06-01T07:12:53.476513Z[0m [32m INFO[0m [1mexecute[0m[2m:[0m [2msp1_core_executor::syscalls::write[0m[2m:[0m │ ┌╴extend state
[2m2025-06-01T07:12:53.476707Z[0m [32m INFO[0m [1mexecute[0m[2m:[0m [2msp1_core_executor::syscalls::write[0m[2m:[0m │ └╴4,205 cycles
[2m2025-06-01T07:12:53.522806Z[0m [32m INFO[0m [1mexecute[0m[2m:[0m [2msp1_core_executor::syscalls::write[0m[2m:[0m │ ┌╴deserialize subblock input
[2m2025-06-01T07:12:53.530929Z[0m [32m INFO[0m [1mexecute[0m[2m:[0m [2msp1_core_executor::syscalls::write[0m[2m:[0m │ └╴129,203 cycles
[2m2025-06-01T07:12:53.531303Z[0m [32m INFO[0m [1mexecute[0m[2m:[0m [2msp1_core_executor::syscalls::write[0m[2m:[0m │ ┌╴deserialize subblock output
[2m2025-06-01T07:12:53.533471Z[0m [32m INFO[0m [1mexecute[0m[2m:[0m [2msp1_core_executor::syscalls::write[0m[2m:[0m │ └╴37,044 cycles
[2m2025-06-01T07:12:53.533496Z[0m [32m INFO[0m [1mexecute[0m[2m:[0m [2msp1_core_executor::syscalls::write[0m[2m:[0m │ ┌╴extend state
[2m2025-06-01T07:12:53.534398Z[0m [32m INFO[0m [1mexecute[0m[2m:[0m [2msp1_core_executor::syscalls::write[0m[2m:[0m │ └╴12,536 cycles
[2m2025-06-01T07:12:53.548319Z[0m [32m INFO[0m [1mexecute[0m[2m:[0m [2msp1_core_executor::syscalls::write[0m[2m:[0m │ ┌╴deserialize subblock input
[2m2025-06-01T07:12:53.551098Z[0m [32m INFO[0m [1mexecute[0m[2m:[0m [2msp1_core_executor::syscalls::write[0m[2m:[0m │ └╴47,319 cycles
[2m2025-06-01T07:12:53.551475Z[0m [32m INFO[0m [1mexecute[0m[2m:[0m [2msp1_core_executor::syscalls::write[0m[2m:[0m │ ┌╴deserialize subblock output
[2m2025-06-01T07:12:53.551746Z[0m [32m INFO[0m [1mexecute[0m[2m:[0m [2msp1_core_executor::syscalls::write[0m[2m:[0m │ └╴4,520 cycles
[2m2025-06-01T07:12:53.551775Z[0m [32m INFO[0m [1mexecute[0m[2m:[0m [2msp1_core_executor::syscalls::write[0m[2m:[0m │ ┌╴extend state
[2m2025-06-01T07:12:53.551945Z[0m [32m INFO[0m [1mexecute[0m[2m:[0m [2msp1_core_executor::syscalls::write[0m[2m:[0m │ └╴3,197 cycles
[2m2025-06-01T07:12:53.611025Z[0m [32m INFO[0m [1mexecute[0m[2m:[0m [2msp1_core_executor::syscalls::write[0m[2m:[0m │ ┌╴deserialize subblock input
[2m2025-06-01T07:12:53.622813Z[0m [32m INFO[0m [1mexecute[0m[2m:[0m [2msp1_core_executor::syscalls::write[0m[2m:[0m │ └╴281,854 cycles
[2m2025-06-01T07:12:53.623088Z[0m [32m INFO[0m [1mexecute[0m[2m:[0m [2msp1_core_executor::syscalls::write[0m[2m:[0m │ ┌╴deserialize subblock output
[2m2025-06-01T07:12:53.626351Z[0m [32m INFO[0m [1mexecute[0m[2m:[0m [2msp1_core_executor::syscalls::write[0m[2m:[0m │ └╴77,280 cycles
[2m2025-06-01T07:12:53.626374Z[0m [32m INFO[0m [1mexecute[0m[2m:[0m [2msp1_core_executor::syscalls::write[0m[2m:[0m │ ┌╴extend state
[2m2025-06-01T07:12:53.626565Z[0m [32m INFO[0m [1mexecute[0m[2m:[0m [2msp1_core_executor::syscalls::write[0m[2m:[0m │ └╴4,457 cycles
[2m2025-06-01T07:12:53.681437Z[0m [32m INFO[0m [1mexecute[0m[2m:[0m [2msp1_core_executor::executor[0m[2m:[0m clk = 50000000 pc = 0x258490
[2m2025-06-01T07:12:53.715474Z[0m [32m INFO[0m [1mexecute[0m[2m:[0m [2msp1_core_executor::syscalls::write[0m[2m:[0m │ ┌╴deserialize subblock input
[2m2025-06-01T07:12:53.732085Z[0m [32m INFO[0m [1mexecute[0m[2m:[0m [2msp1_core_executor::syscalls::write[0m[2m:[0m │ └╴399,364 cycles
[2m2025-06-01T07:12:53.732361Z[0m [32m INFO[0m [1mexecute[0m[2m:[0m [2msp1_core_executor::syscalls::write[0m[2m:[0m │ ┌╴deserialize subblock output
[2m2025-06-01T07:12:53.735253Z[0m [32m INFO[0m [1mexecute[0m[2m:[0m [2msp1_core_executor::syscalls::write[0m[2m:[0m │ └╴68,947 cycles
[2m2025-06-01T07:12:53.735275Z[0m [32m INFO[0m [1mexecute[0m[2m:[0m [2msp1_core_executor::syscalls::write[0m[2m:[0m │ ┌╴extend state
[2m2025-06-01T07:12:53.735527Z[0m [32m INFO[0m [1mexecute[0m[2m:[0m [2msp1_core_executor::syscalls::write[0m[2m:[0m │ └╴5,969 cycles
[2m2025-06-01T07:12:53.830361Z[0m [32m INFO[0m [1mexecute[0m[2m:[0m [2msp1_core_executor::syscalls::write[0m[2m:[0m │ ┌╴deserialize subblock input
[2m2025-06-01T07:12:53.848036Z[0m [32m INFO[0m [1mexecute[0m[2m:[0m [2msp1_core_executor::syscalls::write[0m[2m:[0m │ └╴412,114 cycles
[2m2025-06-01T07:12:53.848311Z[0m [32m INFO[0m [1mexecute[0m[2m:[0m [2msp1_core_executor::syscalls::write[0m[2m:[0m │ ┌╴deserialize subblock output
[2m2025-06-01T07:12:53.850925Z[0m [32m INFO[0m [1mexecute[0m[2m:[0m [2msp1_core_executor::syscalls::write[0m[2m:[0m │ └╴62,157 cycles
[2m2025-06-01T07:12:53.850946Z[0m [32m INFO[0m [1mexecute[0m[2m:[0m [2msp1_core_executor::syscalls::write[0m[2m:[0m │ ┌╴extend state
[2m2025-06-01T07:12:53.852135Z[0m [32m INFO[0m [1mexecute[0m[2m:[0m [2msp1_core_executor::syscalls::write[0m[2m:[0m │ └╴21,104 cycles
[2m2025-06-01T07:12:53.944773Z[0m [32m INFO[0m [1mexecute[0m[2m:[0m [2msp1_core_executor::syscalls::write[0m[2m:[0m │ ┌╴deserialize subblock input
[2m2025-06-01T07:12:53.966824Z[0m [32m INFO[0m [1mexecute[0m[2m:[0m [2msp1_core_executor::syscalls::write[0m[2m:[0m │ └╴412,825 cycles
[2m2025-06-01T07:12:53.967220Z[0m [32m INFO[0m [1mexecute[0m[2m:[0m [2msp1_core_executor::syscalls::write[0m[2m:[0m │ ┌╴deserialize subblock output
[2m2025-06-01T07:12:53.969322Z[0m [32m INFO[0m [1mexecute[0m[2m:[0m [2msp1_core_executor::syscalls::write[0m[2m:[0m │ └╴36,330 cycles
[2m2025-06-01T07:12:53.969347Z[0m [32m INFO[0m [1mexecute[0m[2m:[0m [2msp1_core_executor::syscalls::write[0m[2m:[0m │ ┌╴extend state
[2m2025-06-01T07:12:53.969625Z[0m [32m INFO[0m [1mexecute[0m[2m:[0m [2msp1_core_executor::syscalls::write[0m[2m:[0m │ └╴4,709 cycles
[2m2025-06-01T07:12:54.020268Z[0m [32m INFO[0m [1mexecute[0m[2m:[0m [2msp1_core_executor::syscalls::write[0m[2m:[0m │ ┌╴deserialize subblock input
[2m2025-06-01T07:12:54.029596Z[0m [32m INFO[0m [1mexecute[0m[2m:[0m [2msp1_core_executor::syscalls::write[0m[2m:[0m │ └╴147,151 cycles
[2m2025-06-01T07:12:54.029993Z[0m [32m INFO[0m [1mexecute[0m[2m:[0m [2msp1_core_executor::syscalls::write[0m[2m:[0m │ ┌╴deserialize subblock output
[2m2025-06-01T07:12:54.033662Z[0m [32m INFO[0m [1mexecute[0m[2m:[0m [2msp1_core_executor::syscalls::write[0m[2m:[0m │ └╴63,625 cycles
[2m2025-06-01T07:12:54.033687Z[0m [32m INFO[0m [1mexecute[0m[2m:[0m [2msp1_core_executor::syscalls::write[0m[2m:[0m │ ┌╴extend state
[2m2025-06-01T07:12:54.033890Z[0m [32m INFO[0m [1mexecute[0m[2m:[0m [2msp1_core_executor::syscalls::write[0m[2m:[0m │ └╴3,701 cycles
[2m2025-06-01T07:12:54.102875Z[0m [32m INFO[0m [1mexecute[0m[2m:[0m [2msp1_core_executor::syscalls::write[0m[2m:[0m │ ┌╴deserialize subblock input
[2m2025-06-01T07:12:54.115745Z[0m [32m INFO[0m [1mexecute[0m[2m:[0m [2msp1_core_executor::syscalls::write[0m[2m:[0m │ └╴293,758 cycles
[2m2025-06-01T07:12:54.116023Z[0m [32m INFO[0m [1mexecute[0m[2m:[0m [2msp1_core_executor::syscalls::write[0m[2m:[0m │ ┌╴deserialize subblock output
[2m2025-06-01T07:12:54.119624Z[0m [32m INFO[0m [1mexecute[0m[2m:[0m [2msp1_core_executor::syscalls::write[0m[2m:[0m │ └╴83,345 cycles
[2m2025-06-01T07:12:54.119646Z[0m [32m INFO[0m [1mexecute[0m[2m:[0m [2msp1_core_executor::syscalls::write[0m[2m:[0m │ ┌╴extend state
[2m2025-06-01T07:12:54.119841Z[0m [32m INFO[0m [1mexecute[0m[2m:[0m [2msp1_core_executor::syscalls::write[0m[2m:[0m │ └╴4,709 cycles
[2m2025-06-01T07:12:54.180874Z[0m [32m INFO[0m [1mexecute[0m[2m:[0m [2msp1_core_executor::syscalls::write[0m[2m:[0m │ ┌╴deserialize subblock input
[2m2025-06-01T07:12:54.191257Z[0m [32m INFO[0m [1mexecute[0m[2m:[0m [2msp1_core_executor::syscalls::write[0m[2m:[0m │ └╴243,591 cycles
[2m2025-06-01T07:12:54.191532Z[0m [32m INFO[0m [1mexecute[0m[2m:[0m [2msp1_core_executor::syscalls::write[0m[2m:[0m │ ┌╴deserialize subblock output
[2m2025-06-01T07:12:54.194123Z[0m [32m INFO[0m [1mexecute[0m[2m:[0m [2msp1_core_executor::syscalls::write[0m[2m:[0m │ └╴61,080 cycles
[2m2025-06-01T07:12:54.194146Z[0m [32m INFO[0m [1mexecute[0m[2m:[0m [2msp1_core_executor::syscalls::write[0m[2m:[0m │ ┌╴extend state
[2m2025-06-01T07:12:54.194304Z[0m [32m INFO[0m [1mexecute[0m[2m:[0m [2msp1_core_executor::syscalls::write[0m[2m:[0m │ └╴3,953 cycles
[2m2025-06-01T07:12:54.267011Z[0m [32m INFO[0m [1mexecute[0m[2m:[0m [2msp1_core_executor::syscalls::write[0m[2m:[0m │ ┌╴deserialize subblock input
[2m2025-06-01T07:12:54.285015Z[0m [32m INFO[0m [1mexecute[0m[2m:[0m [2msp1_core_executor::syscalls::write[0m[2m:[0m │ └╴318,549 cycles
[2m2025-06-01T07:12:54.285416Z[0m [32m INFO[0m [1mexecute[0m[2m:[0m [2msp1_core_executor::syscalls::write[0m[2m:[0m │ ┌╴deserialize subblock output
[2m2025-06-01T07:12:54.288174Z[0m [32m INFO[0m [1mexecute[0m[2m:[0m [2msp1_core_executor::syscalls::write[0m[2m:[0m │ └╴47,718 cycles
[2m2025-06-01T07:12:54.288199Z[0m [32m INFO[0m [1mexecute[0m[2m:[0m [2msp1_core_executor::syscalls::write[0m[2m:[0m │ ┌╴extend state
[2m2025-06-01T07:12:54.288515Z[0m [32m INFO[0m [1mexecute[0m[2m:[0m [2msp1_core_executor::syscalls::write[0m[2m:[0m │ └╴5,465 cycles
[2m2025-06-01T07:12:54.340688Z[0m [32m INFO[0m [1mexecute[0m[2m:[0m [2msp1_core_executor::executor[0m[2m:[0m clk = 60000000 pc = 0x274500
[2m2025-06-01T07:12:54.344119Z[0m [32m INFO[0m [1mexecute[0m[2m:[0m [2msp1_core_executor::syscalls::write[0m[2m:[0m │ ┌╴deserialize subblock input
[2m2025-06-01T07:12:54.353651Z[0m [32m INFO[0m [1mexecute[0m[2m:[0m [2msp1_core_executor::syscalls::write[0m[2m:[0m │ └╴162,391 cycles
[2m2025-06-01T07:12:54.353941Z[0m [32m INFO[0m [1mexecute[0m[2m:[0m [2msp1_core_executor::syscalls::write[0m[2m:[0m │ ┌╴deserialize subblock output
[2m2025-06-01T07:12:54.355166Z[0m [32m INFO[0m [1mexecute[0m[2m:[0m [2msp1_core_executor::syscalls::write[0m[2m:[0m │ └╴27,843 cycles
[2m2025-06-01T07:12:54.355187Z[0m [32m INFO[0m [1mexecute[0m[2m:[0m [2msp1_core_executor::syscalls::write[0m[2m:[0m │ ┌╴extend state
[2m2025-06-01T07:12:54.355325Z[0m [32m INFO[0m [1mexecute[0m[2m:[0m [2msp1_core_executor::syscalls::write[0m[2m:[0m │ └╴3,449 cycles
[2m2025-06-01T07:12:54.355360Z[0m [32m INFO[0m [1mexecute[0m[2m:[0m [2msp1_core_executor::syscalls::write[0m[2m:[0m └╴21,215,549 cycles
[2m2025-06-01T07:12:54.355375Z[0m [32m INFO[0m [1mexecute[0m[2m:[0m [2msp1_core_executor::syscalls::write[0m[2m:[0m ┌╴verify block hashes
[2m2025-06-01T07:12:54.355751Z[0m [32m INFO[0m [1mexecute[0m[2m:[0m [2msp1_core_executor::syscalls::write[0m[2m:[0m └╴7,704 cycles
[2m2025-06-01T07:12:54.368947Z[0m [32m INFO[0m [1mexecute[0m[2m:[0m [2msp1_core_executor::syscalls::write[0m[2m:[0m ┌╴validate subblock aggregation
[2m2025-06-01T07:12:54.551037Z[0m [32m INFO[0m [1mexecute[0m[2m:[0m [2msp1_core_executor::syscalls::write[0m[2m:[0m └╴2,919,474 cycles
[2m2025-06-01T07:12:54.627171Z[0m [32m INFO[0m [1mexecute[0m[2m:[0m [2msp1_prover[0m[2m:[0m gas: 123113015
[2m2025-06-01T07:12:54.627261Z[0m [32m INFO[0m [2msubblock[0m[2m:[0m Aggregator: 64546397 cycles/instructions in 3.007 s → 21.463 MHz
